./gradlew : WARNING: A restricted method in java.lang.System has been called
At line:1 char:1
+ ./gradlew assembleDebug > build_error.log 2>&1
+ ~~~~~~~~~~~~~~~~~~~~~~~~~~~~~~~~~~~~~~~~~~~~~~
    + CategoryInfo          : NotSpecified: (WARNING: A rest...has been call 
   ed:String) [], RemoteException
    + FullyQualifiedErrorId : NativeCommandError
 
WARNING: java.lang.System::load has been called by 
net.rubygrapefruit.platform.internal.NativeLibraryLoader in an unnamed 
module (file:/C:/Users/solun/.gradle/wrapper/dists/gradle-8.9-bin/90cnw93cvbt
alezasaz0blq0a/gradle-8.9/lib/native-platform-0.22-milestone-26.jar)
WARNING: Use --enable-native-access=ALL-UNNAMED to avoid a warning for 
callers in this module
WARNING: Restricted methods will be blocked in a future release unless 
native access is enabled


> Configure project :app
No signature properties found. Using debug key for release build to ensure APK is installable.

> Task :app:preBuild UP-TO-DATE
> Task :app:preDebugBuild UP-TO-DATE
> Task :app:mergeDebugNativeDebugMetadata NO-SOURCE
> Task :app:dataBindingMergeDependencyArtifactsDebug UP-TO-DATE
> Task :app:generateDebugResValues UP-TO-DATE
> Task :app:generateDebugResources UP-TO-DATE
> Task :tcpdump:preBuild UP-TO-DATE
> Task :tcpdump:preDebugBuild UP-TO-DATE
> Task :tcpdump:generateDebugResValues UP-TO-DATE
> Task :tcpdump:generateDebugResources UP-TO-DATE
> Task :tcpdump:packageDebugResources UP-TO-DATE
> Task :webserver:preBuild UP-TO-DATE
> Task :webserver:preDebugBuild UP-TO-DATE
> Task :webserver:generateDebugResValues UP-TO-DATE
> Task :webserver:generateDebugResources UP-TO-DATE
> Task :webserver:packageDebugResources UP-TO-DATE
> Task :app:mergeDebugResources UP-TO-DATE
> Task :app:packageDebugResources UP-TO-DATE
> Task :app:parseDebugLocalResources UP-TO-DATE
> Task :tcpdump:parseDebugLocalResources UP-TO-DATE
> Task :tcpdump:generateDebugRFile UP-TO-DATE
> Task :webserver:parseDebugLocalResources UP-TO-DATE
> Task :webserver:generateDebugRFile UP-TO-DATE
> Task :app:dataBindingGenBaseClassesDebug UP-TO-DATE
> Task :app:javaPreCompileDebug UP-TO-DATE
> Task :tcpdump:writeDebugAarMetadata UP-TO-DATE
> Task :webserver:writeDebugAarMetadata UP-TO-DATE
> Task :app:checkDebugAarMetadata UP-TO-DATE
> Task :app:mapDebugSourceSetPaths UP-TO-DATE
> Task :app:createDebugCompatibleScreenManifests UP-TO-DATE
> Task :app:extractDeepLinksDebug UP-TO-DATE
> Task :tcpdump:extractDeepLinksDebug UP-TO-DATE
> Task :tcpdump:processDebugManifest UP-TO-DATE
> Task :webserver:extractDeepLinksDebug UP-TO-DATE
> Task :webserver:processDebugManifest UP-TO-DATE
> Task :app:processDebugMainManifest UP-TO-DATE
> Task :app:processDebugManifest UP-TO-DATE
> Task :app:processDebugManifestForPackage UP-TO-DATE
> Task :tcpdump:compileDebugLibraryResources UP-TO-DATE
> Task :webserver:compileDebugLibraryResources UP-TO-DATE
> Task :app:processDebugResources UP-TO-DATE
> Task :tcpdump:javaPreCompileDebug UP-TO-DATE
> Task :tcpdump:compileDebugJavaWithJavac NO-SOURCE
> Task :tcpdump:bundleLibCompileToJarDebug UP-TO-DATE
> Task :webserver:javaPreCompileDebug UP-TO-DATE
> Task :webserver:compileDebugJavaWithJavac NO-SOURCE
> Task :webserver:bundleLibCompileToJarDebug UP-TO-DATE
> Task :app:compileDebugJavaWithJavac UP-TO-DATE
> Task :app:mergeDebugShaders UP-TO-DATE
> Task :app:compileDebugShaders NO-SOURCE
> Task :app:generateDebugAssets UP-TO-DATE
> Task :tcpdump:mergeDebugShaders UP-TO-DATE
> Task :tcpdump:compileDebugShaders NO-SOURCE
> Task :tcpdump:generateDebugAssets UP-TO-DATE
> Task :tcpdump:packageDebugAssets UP-TO-DATE
> Task :webserver:mergeDebugShaders UP-TO-DATE
> Task :webserver:compileDebugShaders NO-SOURCE
> Task :webserver:generateDebugAssets UP-TO-DATE
> Task :webserver:packageDebugAssets UP-TO-DATE
> Task :app:mergeDebugAssets UP-TO-DATE
> Task :app:compressDebugAssets UP-TO-DATE
> Task :tcpdump:bundleLibRuntimeToJarDebug UP-TO-DATE
> Task :webserver:bundleLibRuntimeToJarDebug UP-TO-DATE
> Task :app:desugarDebugFileDependencies UP-TO-DATE
> Task :app:dexBuilderDebug UP-TO-DATE
> Task :app:mergeDebugGlobalSynthetics UP-TO-DATE
> Task :app:processDebugJavaRes UP-TO-DATE
> Task :tcpdump:processDebugJavaRes NO-SOURCE
> Task :webserver:processDebugJavaRes NO-SOURCE
> Task :app:mergeDebugJavaResource UP-TO-DATE
> Task :app:checkDebugDuplicateClasses UP-TO-DATE
> Task :app:mergeExtDexDebug UP-TO-DATE
> Task :tcpdump:bundleLibRuntimeToDirDebug UP-TO-DATE
> Task :webserver:bundleLibRuntimeToDirDebug UP-TO-DATE
> Task :app:mergeProjectDexDebug UP-TO-DATE
> Task :app:mergeLibDexDebug UP-TO-DATE
> Task :app:mergeDebugJniLibFolders UP-TO-DATE
> Task :tcpdump:configureNdkBuildDebug[arm64-v8a]
> Task :tcpdump:buildNdkBuildDebug[arm64-v8a]
> Task :tcpdump:configureNdkBuildDebug[armeabi-v7a]
> Task :tcpdump:buildNdkBuildDebug[armeabi-v7a]
> Task :tcpdump:configureNdkBuildDebug[x86]
> Task :tcpdump:buildNdkBuildDebug[x86]
> Task :tcpdump:configureNdkBuildDebug[x86_64]
> Task :tcpdump:buildNdkBuildDebug[x86_64]
> Task :tcpdump:mergeDebugJniLibFolders UP-TO-DATE
> Task :tcpdump:mergeDebugNativeLibs UP-TO-DATE
> Task :tcpdump:externalNativeBuildDebug
> Task :tcpdump:renameJniLibAsExecutable UP-TO-DATE
> Task :tcpdump:copyDebugJniLibsProjectOnly
> Task :webserver:configureNdkBuildDebug[arm64-v8a] FAILED

FAILURE: Build failed with an exception.

* What went wrong:
Execution failed for task ':webserver:configureNdkBuildDebug[arm64-v8a]'.
> WARNING: A restricted method in java.lang.System has been called

* Try:
> Run with --stacktrace option to get the stack trace.
> Run with --info or --debug option to get more log output.
> Run with --scan to get full insights.
> Get more help at https://help.gradle.org.

BUILD FAILED in 8s
74 actionable tasks: 11 executed, 63 up-to-date
