./gradlew : WARNING: A restricted method in java.lang.System has been called
At line:1 char:1
+ ./gradlew testDebugUnitTest --tests "org.adaway.model.source.SourceLo ...
+ ~~~~~~~~~~~~~~~~~~~~~~~~~~~~~~~~~~~~~~~~~~~~~~~~~~~~~~~~~~~~~~~~~~~~~
    + CategoryInfo          : NotSpecified: (WARNING: A rest...has been call 
   ed:String) [], RemoteException
    + FullyQualifiedErrorId : NativeCommandError
 
WARNING: java.lang.System::load has been called by 
net.rubygrapefruit.platform.internal.NativeLibraryLoader in an unnamed 
module (file:/C:/Users/solun/.gradle/wrapper/dists/gradle-8.9-bin/90cnw93cvbt
alezasaz0blq0a/gradle-8.9/lib/native-platform-0.22-milestone-26.jar)
WARNING: Use --enable-native-access=ALL-UNNAMED to avoid a warning for 
callers in this module
WARNING: Restricted methods will be blocked in a future release unless 
native access is enabled


> Configure project :app
No signature properties found. Using debug key for release build to ensure APK is installable.

> Task :app:preBuild UP-TO-DATE
> Task :app:preDebugBuild UP-TO-DATE
> Task :app:dataBindingMergeDependencyArtifactsDebug UP-TO-DATE
> Task :app:generateDebugResValues UP-TO-DATE
> Task :app:generateDebugResources UP-TO-DATE
> Task :tcpdump:preBuild UP-TO-DATE
> Task :tcpdump:preDebugBuild UP-TO-DATE
> Task :tcpdump:generateDebugResValues UP-TO-DATE
> Task :tcpdump:generateDebugResources UP-TO-DATE
> Task :tcpdump:packageDebugResources UP-TO-DATE
> Task :webserver:preBuild UP-TO-DATE
> Task :webserver:preDebugBuild UP-TO-DATE
> Task :webserver:generateDebugResValues UP-TO-DATE
> Task :webserver:generateDebugResources UP-TO-DATE
> Task :webserver:packageDebugResources UP-TO-DATE
> Task :app:mergeDebugResources UP-TO-DATE
> Task :app:packageDebugResources UP-TO-DATE
> Task :app:parseDebugLocalResources UP-TO-DATE
> Task :tcpdump:parseDebugLocalResources UP-TO-DATE
> Task :tcpdump:generateDebugRFile UP-TO-DATE
> Task :webserver:parseDebugLocalResources UP-TO-DATE
> Task :webserver:generateDebugRFile UP-TO-DATE
> Task :app:dataBindingGenBaseClassesDebug UP-TO-DATE
> Task :app:javaPreCompileDebug UP-TO-DATE
> Task :tcpdump:writeDebugAarMetadata UP-TO-DATE
> Task :webserver:writeDebugAarMetadata UP-TO-DATE
> Task :app:checkDebugAarMetadata UP-TO-DATE
> Task :app:mapDebugSourceSetPaths UP-TO-DATE
> Task :app:createDebugCompatibleScreenManifests UP-TO-DATE
> Task :app:extractDeepLinksDebug UP-TO-DATE
> Task :tcpdump:extractDeepLinksDebug UP-TO-DATE
> Task :tcpdump:processDebugManifest UP-TO-DATE
> Task :webserver:extractDeepLinksDebug UP-TO-DATE
> Task :webserver:processDebugManifest UP-TO-DATE
> Task :app:processDebugMainManifest UP-TO-DATE
> Task :app:processDebugManifest UP-TO-DATE
> Task :app:processDebugManifestForPackage UP-TO-DATE
> Task :tcpdump:compileDebugLibraryResources UP-TO-DATE
> Task :webserver:compileDebugLibraryResources UP-TO-DATE
> Task :app:processDebugResources UP-TO-DATE
> Task :tcpdump:javaPreCompileDebug UP-TO-DATE
> Task :tcpdump:compileDebugJavaWithJavac NO-SOURCE
> Task :tcpdump:bundleLibCompileToJarDebug UP-TO-DATE
> Task :webserver:javaPreCompileDebug UP-TO-DATE
> Task :webserver:compileDebugJavaWithJavac NO-SOURCE
> Task :webserver:bundleLibCompileToJarDebug UP-TO-DATE
> Task :app:compileDebugJavaWithJavac UP-TO-DATE
> Task :app:bundleDebugClassesToRuntimeJar UP-TO-DATE
> Task :app:bundleDebugClassesToCompileJar UP-TO-DATE
> Task :app:preDebugUnitTestBuild UP-TO-DATE
> Task :app:javaPreCompileDebugUnitTest UP-TO-DATE
> Task :app:compileDebugUnitTestJavaWithJavac UP-TO-DATE
> Task :app:processDebugJavaRes UP-TO-DATE
> Task :app:processDebugUnitTestJavaRes NO-SOURCE
> Task :tcpdump:bundleLibRuntimeToJarDebug UP-TO-DATE
> Task :tcpdump:processDebugJavaRes NO-SOURCE
> Task :webserver:bundleLibRuntimeToJarDebug UP-TO-DATE
> Task :webserver:processDebugJavaRes NO-SOURCE

> Task :app:testDebugUnitTest FAILED

SourceLoaderTest > isInvalidHostname FAILED
    java.lang.AssertionError at SourceLoaderTest.java:149

SourceLoaderTest > isValidWhitelistHostname FAILED
    java.lang.AssertionError at SourceLoaderTest.java:133

SourceLoaderTest > isInvalidWhitelistHostname FAILED
    java.lang.AssertionError at SourceLoaderTest.java:159

SourceLoaderTest > isValidHostname FAILED
    java.lang.AssertionError at SourceLoaderTest.java:123

5 tests completed, 4 failed

FAILURE: Build failed with an exception.

* What went wrong:
Execution failed for task ':app:testDebugUnitTest'.
> There were failing tests. See the report at: file:///C:/Steves_Files/Work/R
esearch_and_Papers/AdAway/app/build/reports/tests/testDebugUnitTest/index.htm
l

* Try:
> Run with --scan to get full insights.

BUILD FAILED in 4s
47 actionable tasks: 1 executed, 46 up-to-date
