06-27 02:30:02.221 W/A       ( 1707): 	at java.util.concurrent.FutureTask.finishCompletion(FutureTask.java:381)
06-27 02:30:02.221 W/A       ( 1707): 	at java.util.concurrent.FutureTask.cancel(FutureTask.java:179)
06-27 02:30:02.221 W/A       ( 1707): 	at com.google.common.w.a.bv.cancel(PG:1)
06-27 02:30:02.221 W/A       ( 1707): 	at com.google.android.libraries.search.assistant.fulfillment.server.l.o.run(PG:1)
06-27 02:30:02.221 W/A       ( 1707): 	at com.google.apps.tiktok.tracing.er.run(PG:1)
06-27 02:30:02.221 W/A       ( 1707): 	at java.util.concurrent.Executors$RunnableAdapter.call(Executors.java:487)
06-27 02:30:02.221 W/A       ( 1707): 	at com.google.common.w.a.eb.a(PG:1)
06-27 02:30:02.221 W/A       ( 1707): 	at com.google.common.w.a.cw.run(PG:4)
06-27 02:30:02.221 W/A       ( 1707): 	at com.google.common.w.a.ec.run(PG:1)
06-27 02:30:02.221 W/A       ( 1707): 	at com.google.android.libraries.i.z.run(PG:1)
06-27 02:30:02.221 W/A       ( 1707): 	at java.util.concurrent.ThreadPoolExecutor.runWorker(ThreadPoolExecutor.java:1145)
06-27 02:30:02.221 W/A       ( 1707): 	at java.util.concurrent.ThreadPoolExecutor$Worker.run(ThreadPoolExecutor.java:644)
06-27 02:30:02.221 W/A       ( 1707): 	at com.google.android.libraries.i.h.run(PG:2)
06-27 02:30:02.221 W/A       ( 1707): 	at java.lang.Thread.run(Thread.java:1012)
06-27 02:30:02.221 W/A       ( 1707): 	at com.google.android.libraries.i.ai.run(PG:5)
06-27 02:30:02.235 I/Fitness ( 5242): OnPackageChangedOperation got intent: Intent { act=android.intent.action.PACKAGE_CHANGED dat=package: flg=0x45000010 pkg=com.google.android.gms cmp=com.google.android.gms/.chimera.PersistentIntentOperationService (has extras) } [CONTEXT service_id=17 ]
06-27 02:30:02.237 W/ChimeraUtils( 5242): Module com.google.android.gms.nearby_en missing resource null(0)
06-27 02:30:02.239 W/ChimeraUtils( 5242): Module com.google.android.gms.nearby_en missing resource null(0)
06-27 02:30:02.239 I/Fitness ( 5242): FitCleanupIntentOperation received Intent android.intent.action.PACKAGE_CHANGED [CONTEXT service_id=17 ]
06-27 02:30:02.245 I/Icing   ( 5339): Indexing com.google.android.gms-apps from com.google.android.gms
06-27 02:30:02.247 I/Icing   ( 5339): Indexing done com.google.android.gms-apps
06-27 02:30:03.108 I/resolv  (  352): GetAddrInfoHandler::run: {100 786532 100 983140 10129 0}
06-27 02:30:03.109 I/resolv  (  352): res_nmkquery: (QUERY, IN, A)
06-27 02:30:03.109 I/resolv  (  352): res_nmkquery: (QUERY, IN, AAAA)
06-27 02:30:03.109 I/resolv  (  352): resolv_cache_lookup: FOUND IN CACHE entry=0xb4000070fcbd5530
06-27 02:30:03.109 I/resolv  (  352): doQuery: rcode=0, ancount=2, return value=89
06-27 02:30:03.424 I/logd    ( 3070): start watching /data/system/packages.list ...
06-27 02:30:03.425 I/logd    ( 3070): ReadPackageList, total packages: 200
06-27 02:30:03.439 I/resolv  (  352): res_nsend: used send_dg 101 terrno: 0
06-27 02:30:03.439 I/resolv  (  352): doQuery: rcode=0, ancount=2, return value=101
06-27 02:30:03.440 W/ProcessStats(  538): Tracking association SourceState{21b05a4 com.google.android.gms/10129 BTop #11786} whose proc state 2 is better than process ProcessState{a5c6ce8 com.google.android.gms.persistent/10129 pkg=com.google.android.gms} proc state 9 (2951 skipped)
06-27 02:30:03.441 D/TrafficStats( 5242): tagSocket(-1) with statsTag=0x30000407, statsUid=-1
06-27 02:30:03.441 I/TrafficStats( 5242): tagSocketFd(-1, 805307399, -1) failed with errno-9
06-27 02:30:03.441 D/TrafficStats( 5242): tagSocket(166) with statsTag=0x30000407, statsUid=-1
06-27 02:30:03.605 W/FileUtils(  538): Failed to chmod(AtomicFile[/data/system_de/0/system/game-manager-service.xml]): android.system.ErrnoException: chmod failed: ENOENT (No such file or directory)
06-27 02:30:03.653 D/ActivityManager(  538): freezing 2352 android.process.media
06-27 02:30:03.659 D/ActivityManager(  538): freezing 2553 com.google.android.documentsui
06-27 02:30:03.967 E/TaskPersister(  538): File error accessing recents directory (directory doesn't exist?).
06-27 02:30:04.444 D/TrafficStats( 5242): tagSocket(167) with statsTag=0x30000407, statsUid=-1
06-27 02:30:04.448 I/AlarmManager( 5242): setExactAndAllowWhileIdle [name: GCM_HB_ALARM type: 2 triggerAtMillis: 1278977]
06-27 02:30:04.513 I/AlarmManager( 5242): setExactAndAllowWhileIdle [name: GCM_HB_ALARM type: 2 triggerAtMillis: 1279042]
06-27 02:30:04.513 E/WakeLock( 5242): GCM_CONN_ALARM release without a matched acquire!
06-27 02:30:04.515 I/AlarmManager( 5242): setExactAndAllowWhileIdle [name: GCM_HB_ALARM type: 2 triggerAtMillis: 1279044]
06-27 02:30:04.521 D/AndroidRuntime( 7652): >>>>>> START com.android.internal.os.RuntimeInit uid 2000 <<<<<<
06-27 02:30:04.523 I/AndroidRuntime( 7652): Using default boot image
06-27 02:30:04.523 I/AndroidRuntime( 7652): Leaving lock profiling enabled
06-27 02:30:04.524 I/app_process( 7652): Core platform API reporting enabled, enforcing=false
06-27 02:30:04.524 I/app_process( 7652): Using CollectorTypeCC GC.
06-27 02:30:04.547 D/nativeloader( 7652): InitDefaultPublicLibraries for_preload=1: libandroid.so:libaaudio.so:libamidi.so:libbinder_ndk.so:libc.so:libcamera2ndk.so:libdl.so:libEGL.so:libGLESv1_CM.so:libGLESv2.so:libGLESv3.so:libicu.so:libicui18n.so:libicuuc.so:libjnigraphics.so:liblog.so:libmediandk.so:libm.so:libnativehelper.so:libnativewindow.so:libOpenMAXAL.so:libOpenSLES.so:libRS.so:libstdc++.so:libsync.so:libvulkan.so:libwebviewchromium_plat_support.so:libz.so
06-27 02:30:04.552 D/app_process( 7652): Time zone APEX ICU file found: /apex/com.android.tzdata/etc/icu/icu_tzdata.dat
06-27 02:30:04.552 D/app_process( 7652): I18n APEX ICU file found: /apex/com.android.i18n/etc/icu/icudt72l.dat
06-27 02:30:04.555 W/app_process( 7652): ClassLoaderContext shared library size mismatch. Expected=2, found=0 (PCL[]{PCL[/system/framework/android.test.base.jar*836642756]#PCL[/system/framework/android.test.mock.jar*3186112116]} | PCL[])
06-27 02:30:04.556 W/app_process( 7652): ClassLoaderContext classpath size mismatch. expected=0, found=1 (PCL[]{PCL[/system/framework/android.test.runner.jar*4168958247]{PCL[/system/framework/android.test.base.jar*836642756]#PCL[/system/framework/android.test.mock.jar*3186112116]}#PCL[/system/framework/android.test.base.jar*836642756]} | PCL[/system/framework/android.test.runner.jar*4168958247])
06-27 02:30:04.565 W/libc    ( 7652): Access denied finding property "ro.product.name_for_attestation"
06-27 02:30:04.565 W/libc    ( 7652): Access denied finding property "ro.product.brand_for_attestation"
06-27 02:30:04.560 W/main    ( 7652): type=1400 audit(0.0:130): avc:  denied  { read } for  name="u:object_r:build_attestation_prop:s0" dev="tmpfs" ino=77 scontext=u:r:shell:s0 tcontext=u:object_r:build_attestation_prop:s0 tclass=file permissive=0
06-27 02:30:04.560 W/main    ( 7652): type=1400 audit(0.0:131): avc:  denied  { read } for  name="u:object_r:build_attestation_prop:s0" dev="tmpfs" ino=77 scontext=u:r:shell:s0 tcontext=u:object_r:build_attestation_prop:s0 tclass=file permissive=0
06-27 02:30:04.565 W/libc    ( 7652): Access denied finding property "ro.product.model_for_attestation"
06-27 02:30:04.560 W/main    ( 7652): type=1400 audit(0.0:132): avc:  denied  { read } for  name="u:object_r:build_attestation_prop:s0" dev="tmpfs" ino=77 scontext=u:r:shell:s0 tcontext=u:object_r:build_attestation_prop:s0 tclass=file permissive=0
06-27 02:30:04.566 D/AndroidRuntime( 7652): Calling main entry com.android.commands.uiautomator.Launcher
06-27 02:30:04.567 D/UiAutomationConnection( 7652): Created on user UserHandle{0}
06-27 02:30:04.567 I/UiAutomation( 7652): Initialized for user 0 on display 0
06-27 02:30:04.567 W/UiAutomation( 7652): Created with deprecatead constructor, assumes DEFAULT_DISPLAY
06-27 02:30:04.568 D/AccessibilityManagerService(  538): changeCurrentUserForTestAutomationIfNeededLocked(0): ignoring because device doesn't support visible background users
06-27 02:30:04.568 I/UiAutomationManager(  538): Registering UiTestAutomationService (id=com.android.server.accessibility/UiAutomation) when called by user 0
06-27 02:30:04.569 W/WindowMagnificationMgr(  538): requestConnection duplicated request: connect=false, mConnectionState=DISCONNECTED
06-27 02:30:04.569 I/AiAiEcho( 1691): Settings changed for uri: content://settings/secure/accessibility_enabled
06-27 02:30:04.569 I/AiAiEcho( 1691): Predicting[0]: 
06-27 02:30:04.569 I/AiAiEcho( 1691): EchoTargets: 
06-27 02:30:04.569 I/AiAiEcho( 1691): Filtered by AiAi flag check: 
06-27 02:30:04.569 D/BatterySaverPolicy(  538): accessibility changed to true, updating policy.
06-27 02:30:04.569 I/AiAiEcho( 1691): Ranked targets strategy: SORT, count: 0, ranking metadata: 
06-27 02:30:04.569 I/AiAiEcho( 1691): Predicting[0]: 
06-27 02:30:04.569 I/AiAiEcho( 1691): EchoTargets: 
06-27 02:30:04.569 I/AiAiEcho( 1691): Filtered by AiAi flag check: 
06-27 02:30:04.569 I/AiAiEcho( 1691): Ranked targets strategy: SORT, count: 0, ranking metadata: 
06-27 02:30:04.569 I/AiAiEcho( 1691): #postPredictionTargets: Sending updates to UISurface home with targets# 0 (types=[])
06-27 02:30:04.569 I/AiAiEcho( 1691): #postPredictionTargets: Sending updates to UISurface lockscreen with targets# 0 (types=[])
06-27 02:30:04.570 V/UiAutomation( 7652): Init UiAutomation@34dcef3[id=14, displayId=0, flags=0]
06-27 02:30:04.570 I/A11yListener( 1707): (REDACTED) #onAccessibilityStateChanged enabled: %s
06-27 02:30:04.570 I/A11yListener( 1707): #onChange
06-27 02:30:04.570 E/TraceManager( 1707): Duplicate trace
06-27 02:30:04.570 E/TraceManager( 1707): com.google.apps.tiktok.tracing.w: Starting new trace A11yEventListener_onChange when already associated with a trace: . For more help, see http://go/tiktok-tracing#fixing-duplicate-trace-issues
06-27 02:30:04.570 E/TraceManager( 1707): 	at com.google.apps.tiktok.tracing.el.f(PG:6)
06-27 02:30:04.570 E/TraceManager( 1707): 	at com.google.apps.tiktok.tracing.el.g(PG:2)
06-27 02:30:04.570 E/TraceManager( 1707): 	at com.google.apps.tiktok.tracing.dv.d(PG:1)
06-27 02:30:04.570 E/TraceManager( 1707): 	at com.google.android.libraries.search.assistant.a.g.a(PG:7)
06-27 02:30:04.570 E/TraceManager( 1707): 	at com.google.android.libraries.search.assistant.a.b.b(PG:2)
06-27 02:30:04.570 E/TraceManager( 1707): 	at i.c.b.a.a.h(PG:4)
06-27 02:30:04.570 E/TraceManager( 1707): 	at kotlinx.coroutines.bk.run(PG:14)
06-27 02:30:04.570 E/TraceManager( 1707): 	at com.google.apps.tiktok.coroutines.g.run(PG:1)
06-27 02:30:04.570 E/TraceManager( 1707): 	at com.google.android.libraries.i.z.run(PG:1)
06-27 02:30:04.570 E/TraceManager( 1707): 	at java.util.concurrent.ThreadPoolExecutor.runWorker(ThreadPoolExecutor.java:1145)
06-27 02:30:04.570 E/TraceManager( 1707): 	at java.util.concurrent.ThreadPoolExecutor$Worker.run(ThreadPoolExecutor.java:644)
06-27 02:30:04.570 E/TraceManager( 1707): 	at com.google.android.libraries.i.h.run(PG:2)
06-27 02:30:04.570 E/TraceManager( 1707): 	at java.lang.Thread.run(Thread.java:1012)
06-27 02:30:04.570 E/TraceManager( 1707): 	at com.google.android.libraries.i.ai.run(PG:5)
06-27 02:30:04.570 E/TraceManager( 1707): 	Suppressed: com.google.apps.tiktok.tracing.fv: 
06-27 02:30:04.570 E/TraceManager( 1707): 		at tk_trace.(Unknown Source:0)
06-27 02:30:04.570 E/TraceManager( 1707): 		at tk_trace.Missing root trace(Unknown Source:0)
06-27 02:30:04.570 E/TraceManager( 1707): Caused by: com.google.apps.tiktok.tracing.aa
06-27 02:30:04.570 I/Ma-Fcf-A11yChangeNotifier( 1707): #FCF: onChange
06-27 02:30:04.570 I/A       ( 1707): FCF A11y Checker - readyForTngMa
06-27 02:30:04.570 I/A       ( 1707): (REDACTED) #FCF: Continued Conversation Mode Enabled: %s
06-27 02:30:04.571 I/A       ( 1707): (REDACTED) #FCF: Headset Connected Status: %s
06-27 02:30:04.571 I/A       ( 1707): (REDACTED) #FCF: Assistant primary locale : %s
06-27 02:30:04.571 I/A       ( 1707): (REDACTED) #FCF: Assistant Primary locale check status : %s
06-27 02:30:04.571 I/A       ( 1772): NGA enabled in interactor.
06-27 02:30:04.571 W/A       ( 1707): Unable to check for productivity accounts. Assuming there are none.
06-27 02:30:04.571 W/A       ( 1707): com.google.android.libraries.geller.portable.GellerException: Code: INVALID_ARGUMENT, Message: Account name is null.
06-27 02:30:04.571 W/A       ( 1707): 	at com.google.android.libraries.search.h.k.a(PG:6)
06-27 02:30:04.571 W/A       ( 1707): 	at com.google.apps.tiktok.tracing.es.a(PG:3)
06-27 02:30:04.571 W/A       ( 1707): 	at com.google.common.w.a.bc.a(PG:1)
06-27 02:30:04.571 W/A       ( 1707): 	at com.google.common.w.a.cw.run(PG:4)
06-27 02:30:04.571 W/A       ( 1707): 	at com.google.android.libraries.i.z.run(PG:1)
06-27 02:30:04.571 W/A       ( 1707): 	at java.util.concurrent.ThreadPoolExecutor.runWorker(ThreadPoolExecutor.java:1145)
06-27 02:30:04.571 W/A       ( 1707): 	at java.util.concurrent.ThreadPoolExecutor$Worker.run(ThreadPoolExecutor.java:644)
06-27 02:30:04.571 W/A       ( 1707): 	at com.google.android.libraries.i.h.run(PG:2)
06-27 02:30:04.571 W/A       ( 1707): 	at java.lang.Thread.run(Thread.java:1012)
06-27 02:30:04.571 W/A       ( 1707): 	at com.google.android.libraries.i.ai.run(PG:5)
06-27 02:30:04.571 I/A       ( 1772): NGA enabled in interactor.
06-27 02:30:04.572 W/WindowMagnificationMgr(  538): requestConnection duplicated request: connect=false, mConnectionState=DISCONNECTED
06-27 02:30:04.572 I/A       ( 1707): (REDACTED) #FCF evaluate: %s
06-27 02:30:04.572 I/A       ( 1707): (REDACTED) TngMaStatusChecker#evaluateInternal completed in %s millis
06-27 02:30:04.572 I/Ma-Entry-Triggering( 1707): (REDACTED) TNG:MA status updated: %s
06-27 02:30:04.572 I/Ma-Entry-Triggering( 1707): TNG:MA became ineligible, client should disconnect
06-27 02:30:04.572 I/Ma-Entry-Triggering( 1707): #disconnectAndStop - preventing double stop
06-27 02:30:04.572 I/A       ( 1707): #invalidationSource: adding headset checker
06-27 02:30:04.572 I/A       ( 1707): #invalidationSource : adding a11y checker
06-27 02:30:04.572 I/AiAiEcho( 1691): Settings changed for uri: content://settings/secure/accessibility_enabled
06-27 02:30:04.572 I/AiAiEcho( 1691): Predicting[0]: 
06-27 02:30:04.572 I/AiAiEcho( 1691): EchoTargets: 
06-27 02:30:04.572 I/AiAiEcho( 1691): Filtered by AiAi flag check: 
06-27 02:30:04.572 I/AiAiEcho( 1691): Ranked targets strategy: SORT, count: 0, ranking metadata: 
06-27 02:30:04.572 I/AiAiEcho( 1691): Predicting[0]: 
06-27 02:30:04.572 I/AiAiEcho( 1691): EchoTargets: 
06-27 02:30:04.572 I/AiAiEcho( 1691): Filtered by AiAi flag check: 
06-27 02:30:04.572 I/AiAiEcho( 1691): Ranked targets strategy: SORT, count: 0, ranking metadata: 
06-27 02:30:04.572 I/AiAiEcho( 1691): #postPredictionTargets: Sending updates to UISurface home with targets# 0 (types=[])
06-27 02:30:04.572 I/AiAiEcho( 1691): #postPredictionTargets: Sending updates to UISurface lockscreen with targets# 0 (types=[])
06-27 02:30:04.574 D/SafetySourceDataValidator(  538): No cert check requested for package com.google.android.permissioncontroller
06-27 02:30:04.574 W/PageIndicator(  888): Total number of pages invalid: 0. Assuming 1 page.
06-27 02:30:04.574 W/PageIndicator(  888): Total number of pages invalid: 0. Assuming 1 page.
06-27 02:30:05.314 I/wpa_supplicant(  875): wlan0: CTRL-EVENT-BEACON-LOSS 
06-27 02:30:05.582 W/MediaProvider( 1700): isAppCloneUserPair for user 0: false
06-27 02:30:05.585 W/AccessibilityNodeInfoDumper( 7652): Fetch time: 5ms
06-27 02:30:05.586 W/WindowMagnificationMgr(  538): requestConnection duplicated request: connect=false, mConnectionState=DISCONNECTED
06-27 02:30:05.586 D/AccessibilityManagerService(  538): restoreCurrentUserForTestAutomationIfNeededLocked(): ignoring because device doesn't support visible background users
06-27 02:30:05.586 I/AiAiEcho( 1691): Settings changed for uri: content://settings/secure/accessibility_enabled
06-27 02:30:05.586 I/AiAiEcho( 1691): Predicting[0]: 
06-27 02:30:05.586 I/AiAiEcho( 1691): EchoTargets: 
06-27 02:30:05.586 I/AiAiEcho( 1691): Filtered by AiAi flag check: 
06-27 02:30:05.586 I/AiAiEcho( 1691): Ranked targets strategy: SORT, count: 0, ranking metadata: 
06-27 02:30:05.587 I/AiAiEcho( 1691): Predicting[0]: 
06-27 02:30:05.587 I/AiAiEcho( 1691): EchoTargets: 
06-27 02:30:05.587 I/AiAiEcho( 1691): Filtered by AiAi flag check: 
06-27 02:30:05.587 I/AiAiEcho( 1691): Ranked targets strategy: SORT, count: 0, ranking metadata: 
06-27 02:30:05.587 I/AiAiEcho( 1691): #postPredictionTargets: Sending updates to UISurface home with targets# 0 (types=[])
06-27 02:30:05.587 I/AiAiEcho( 1691): #postPredictionTargets: Sending updates to UISurface lockscreen with targets# 0 (types=[])
06-27 02:30:05.587 W/PageIndicator(  888): Total number of pages invalid: 0. Assuming 1 page.
06-27 02:30:05.587 I/A       ( 1772): NGA enabled in interactor.
06-27 02:30:05.587 I/A       ( 1772): NGA enabled in interactor.
06-27 02:30:05.587 D/AndroidRuntime( 7652): Shutting down VM
06-27 02:30:05.588 I/A11yListener( 1707): (REDACTED) #onAccessibilityStateChanged enabled: %s
06-27 02:30:05.588 I/A11yListener( 1707): #onChange
06-27 02:30:05.588 E/TraceManager( 1707): Duplicate trace
06-27 02:30:05.588 E/TraceManager( 1707): com.google.apps.tiktok.tracing.w: Starting new trace A11yEventListener_onChange when already associated with a trace: . For more help, see http://go/tiktok-tracing#fixing-duplicate-trace-issues
06-27 02:30:05.588 E/TraceManager( 1707): 	at com.google.apps.tiktok.tracing.el.f(PG:6)
06-27 02:30:05.588 E/TraceManager( 1707): 	at com.google.apps.tiktok.tracing.el.g(PG:2)
06-27 02:30:05.588 E/TraceManager( 1707): 	at com.google.apps.tiktok.tracing.dv.d(PG:1)
06-27 02:30:05.588 E/TraceManager( 1707): 	at com.google.android.libraries.search.assistant.a.g.a(PG:7)
06-27 02:30:05.588 E/TraceManager( 1707): 	at com.google.android.libraries.search.assistant.a.b.b(PG:2)
06-27 02:30:05.588 E/TraceManager( 1707): 	at i.c.b.a.a.h(PG:4)
06-27 02:30:05.588 E/TraceManager( 1707): 	at kotlinx.coroutines.bk.run(PG:14)
06-27 02:30:05.588 E/TraceManager( 1707): 	at com.google.apps.tiktok.coroutines.g.run(PG:1)
06-27 02:30:05.588 E/TraceManager( 1707): 	at com.google.android.libraries.i.z.run(PG:1)
06-27 02:30:05.588 E/TraceManager( 1707): 	at java.util.concurrent.ThreadPoolExecutor.runWorker(ThreadPoolExecutor.java:1145)
06-27 02:30:05.588 E/TraceManager( 1707): 	at java.util.concurrent.ThreadPoolExecutor$Worker.run(ThreadPoolExecutor.java:644)
06-27 02:30:05.588 E/TraceManager( 1707): 	at com.google.android.libraries.i.h.run(PG:2)
06-27 02:30:05.588 E/TraceManager( 1707): 	at java.lang.Thread.run(Thread.java:1012)
06-27 02:30:05.588 E/TraceManager( 1707): 	at com.google.android.libraries.i.ai.run(PG:5)
06-27 02:30:05.588 E/TraceManager( 1707): 	Suppressed: com.google.apps.tiktok.tracing.fv: 
06-27 02:30:05.588 E/TraceManager( 1707): 		at tk_trace.(Unknown Source:0)
06-27 02:30:05.588 E/TraceManager( 1707): 		at tk_trace.Missing root trace(Unknown Source:0)
06-27 02:30:05.588 E/TraceManager( 1707): Caused by: com.google.apps.tiktok.tracing.aa
06-27 02:30:05.588 I/Ma-Fcf-A11yChangeNotifier( 1707): #FCF: onChange
06-27 02:30:05.588 I/A       ( 1707): FCF A11y Checker - readyForTngMa
06-27 02:30:05.588 I/A       ( 1707): (REDACTED) #FCF: Continued Conversation Mode Enabled: %s
06-27 02:30:05.588 I/A       ( 1707): (REDACTED) #FCF: Headset Connected Status: %s
06-27 02:30:05.589 I/A       ( 1707): (REDACTED) #FCF: Assistant primary locale : %s
06-27 02:30:05.589 I/A       ( 1707): (REDACTED) #FCF: Assistant Primary locale check status : %s
06-27 02:30:05.589 W/A       ( 1707): Unable to check for productivity accounts. Assuming there are none.
06-27 02:30:05.589 W/A       ( 1707): com.google.android.libraries.geller.portable.GellerException: Code: INVALID_ARGUMENT, Message: Account name is null.
06-27 02:30:05.589 W/A       ( 1707): 	at com.google.android.libraries.search.h.k.a(PG:6)
06-27 02:30:05.589 W/A       ( 1707): 	at com.google.apps.tiktok.tracing.es.a(PG:3)
06-27 02:30:05.589 W/A       ( 1707): 	at com.google.common.w.a.bc.a(PG:1)
06-27 02:30:05.589 W/A       ( 1707): 	at com.google.common.w.a.cw.run(PG:4)
06-27 02:30:05.589 W/A       ( 1707): 	at com.google.android.libraries.i.z.run(PG:1)
06-27 02:30:05.589 W/A       ( 1707): 	at java.util.concurrent.ThreadPoolExecutor.runWorker(ThreadPoolExecutor.java:1145)
06-27 02:30:05.589 W/A       ( 1707): 	at java.util.concurrent.ThreadPoolExecutor$Worker.run(ThreadPoolExecutor.java:644)
06-27 02:30:05.589 W/A       ( 1707): 	at com.google.android.libraries.i.h.run(PG:2)
06-27 02:30:05.589 W/A       ( 1707): 	at java.lang.Thread.run(Thread.java:1012)
06-27 02:30:05.589 W/A       ( 1707): 	at com.google.android.libraries.i.ai.run(PG:5)
06-27 02:30:05.592 D/BatterySaverPolicy(  538): accessibility changed to false, updating policy.
06-27 02:30:05.592 I/A       ( 1707): (REDACTED) #FCF evaluate: %s
06-27 02:30:05.592 I/A       ( 1707): (REDACTED) TngMaStatusChecker#evaluateInternal completed in %s millis
06-27 02:30:05.592 I/Ma-Entry-Triggering( 1707): (REDACTED) TNG:MA status updated: %s
06-27 02:30:05.592 I/Ma-Entry-Triggering( 1707): TNG:MA became ineligible, client should disconnect
06-27 02:30:05.592 I/Ma-Entry-Triggering( 1707): #disconnectAndStop - preventing double stop
06-27 02:30:05.592 I/A       ( 1707): #invalidationSource: adding headset checker
06-27 02:30:05.592 I/A       ( 1707): #invalidationSource : adding a11y checker
06-27 02:30:05.598 I/NetworkScheduler.Stats( 5242): Task com.google.android.gms/com.google.android.gms.ipa.base.IpaGcmTaskService started execution. cause:9 exec_start_elapsed_seconds: 720 [CONTEXT service_id=218 ]
06-27 02:30:05.600 I/NetworkScheduler.Stats( 5242): Task com.google.android.gms/com.google.android.gms.ipa.base.IpaGcmTaskService finished executing. cause:9 result: 1 elapsed_millis: 5 uptime_millis: 5 exec_start_elapsed_seconds: 720 [CONTEXT service_id=218 ]
06-27 02:30:06.441 D/TaplEvents( 1163): TIS / TouchInteractionService.onInputEvent: MotionEvent { action=ACTION_DOWN, actionButton=0, id[0]=0, x[0]=540.0, y[0]=1754.0, toolType[0]=TOOL_TYPE_FINGER, buttonState=0, classification=NONE, metaState=0, flags=0x0, edgeFlags=0x0, pointerCount=1, historySize=0, eventTime=720970, downTime=720970, deviceId=-1, source=0x1002, displayId=0, eventId=-923917025 }
06-27 02:30:06.444 D/TaplEvents( 1163): TIS / TouchInteractionService.onInputEvent: MotionEvent { action=ACTION_UP, actionButton=0, id[0]=0, x[0]=540.0, y[0]=1754.0, toolType[0]=TOOL_TYPE_FINGER, buttonState=0, classification=NONE, metaState=0, flags=0x0, edgeFlags=0x0, pointerCount=1, historySize=0, eventTime=720970, downTime=720970, deviceId=-1, source=0x1002, displayId=0, eventId=-394878971 }
06-27 02:30:06.453 D/audioserver(  386): FGS Logger Transaction failed
06-27 02:30:06.453 D/audioserver(  386): -129
06-27 02:30:06.454 D/CompatibilityChangeReporter(  538): Compat change id reported: 197654537; UID 10195; state: ENABLED
06-27 02:30:06.455 D/AudioFlinger(  386): mixer(0xb40000790373e930) throttle end: throttle time(32)
06-27 02:30:06.456 E/Transition(  538): Trying to add a ready-group twice: Display{#0 state=ON size=1080x2400 ROTATION_0}
06-27 02:30:06.456 V/WindowManagerShell(  888): Transition requested: android.os.BinderProxy@682aca4 TransitionRequestInfo { type = OPEN, triggerTask = TaskInfo{userId=0 taskId=12 displayId=0 isRunning=true baseIntent=Intent { act=android.intent.action.MAIN cat=[android.intent.category.LAUNCHER] flg=0x10000000 cmp=org.adaway/.ui.home.HomeActivity } baseActivity=ComponentInfo{org.adaway/org.adaway.ui.onboarding.OnboardingActivity} topActivity=ComponentInfo{com.android.vpndialogs/com.android.vpndialogs.ConfirmDialog} origActivity=null realActivity=ComponentInfo{org.adaway/org.adaway.ui.home.HomeActivity} numActivities=2 lastActiveTime=720985 supportsMultiWindow=true resizeMode=1 isResizeable=true minWidth=-1 minHeight=-1 defaultMinSize=220 token=WCT{android.window.IWindowContainerToken$Stub$Proxy@115aa0d} topActivityType=1 pictureInPictureParams=null shouldDockBigOverlays=false launchIntoPipHostTaskId=-1 lastParentTaskIdBeforePip=-1 displayCutoutSafeInsets=Rect(0, 128 - 0, 0) topActivityInfo=ActivityInfo{3178dc2 com.android.vpndialogs.ConfirmDialog} launchCookies=[] positionInParent=Point(0, 0) parentTaskId=-1 isFocused=true isVisible=true isVisibleRequested=true isSleeping=false topActivityInSizeCompat=false topActivityEligibleForLetterboxEducation= false topActivityLetterboxed= false isFromDoubleTap= false topActivityLetterboxVerticalPosition= -1 topActivityLetterboxHorizontalPosition= -1 topActivityLetterboxWidth=-1 topActivityLetterboxHeight=-1 locusId=null displayAreaFeatureId=1 cameraCompatControlState=hidden}, remoteTransition = null, displayChange = null }
06-27 02:30:06.456 I/ActivityTaskManager(  538): START u0 {cmp=com.android.vpndialogs/.ConfirmDialog} with LAUNCH_MULTIPLE from uid 10195 (BAL_ALLOW_VISIBLE_WINDOW) result code=0
06-27 02:30:06.458 D/EGL_emulation( 7572): app_time_stats: avg=596.34ms min=7.17ms max=5235.36ms count=9
06-27 02:30:06.470 D/ActivityManager(  538): quick sync unfreeze 6170 for 1
06-27 02:30:06.471 D/ActivityManager(  538): sync unfroze 6170 com.android.vpndialogs for 1
06-27 02:30:06.476 W/roid.vpndialogs( 6170): Cleared Reference was only reachable from finalizer (only reported once)
06-27 02:30:06.478 I/AssistantForeground( 1707): (REDACTED) Get launcher package: %s
06-27 02:30:06.479 E/AppOps  (  538): Bad call made by uid 10094. Package "org.adaway" does not belong to uid 10094.
06-27 02:30:06.479 E/AppOps  (  538): Cannot noteOperation
06-27 02:30:06.479 E/AppOps  (  538): java.lang.SecurityException: Specified package "org.adaway" under uid 10094 but it is not
06-27 02:30:06.479 E/AppOps  (  538): 	at com.android.server.appop.AppOpsService.verifyAndGetBypass(AppOpsService.java:3886)
06-27 02:30:06.479 E/AppOps  (  538): 	at com.android.server.appop.AppOpsService.verifyAndGetBypass(AppOpsService.java:3746)
06-27 02:30:06.479 E/AppOps  (  538): 	at com.android.server.appop.AppOpsService.noteOperationUnchecked(AppOpsService.java:2629)
06-27 02:30:06.479 E/AppOps  (  538): 	at com.android.server.appop.AppOpsService.noteOperationImpl(AppOpsService.java:2617)
06-27 02:30:06.479 E/AppOps  (  538): 	at com.android.server.appop.AppOpsService.-$$Nest$mnoteOperationImpl(AppOpsService.java:0)
06-27 02:30:06.479 E/AppOps  (  538): 	at com.android.server.appop.AppOpsService$CheckOpsDelegateDispatcher.$r8$lambda$-zO2p3wazaltMFolMcvKOcU7eN4(AppOpsService.java:0)
06-27 02:30:06.479 E/AppOps  (  538): 	at com.android.server.appop.AppOpsService$CheckOpsDelegateDispatcher$$ExternalSyntheticLambda3.apply(R8$$SyntheticClass:0)
06-27 02:30:06.479 E/AppOps  (  538): 	at com.android.server.policy.AppOpsPolicy.noteOperation(AppOpsPolicy.java:235)
06-27 02:30:06.479 E/AppOps  (  538): 	at com.android.server.appop.AppOpsService$CheckOpsDelegateDispatcher.noteOperation(AppOpsService.java:6434)
06-27 02:30:06.479 E/AppOps  (  538): 	at com.android.server.appop.AppOpsService.noteOperation(AppOpsService.java:2598)
06-27 02:30:06.479 E/AppOps  (  538): 	at android.app.AppOpsManager.noteOpNoThrow(AppOpsManager.java:8420)
06-27 02:30:06.479 E/AppOps  (  538): 	at android.app.AppOpsManager.noteOpNoThrow(AppOpsManager.java:8398)
06-27 02:30:06.479 E/AppOps  (  538): 	at com.android.server.connectivity.Vpn.doesPackageHaveAppop(Vpn.java:1538)
06-27 02:30:06.479 E/AppOps  (  538): 	at com.android.server.connectivity.Vpn.isVpnServicePreConsented(Vpn.java:1543)
06-27 02:30:06.479 E/AppOps  (  538): 	at com.android.server.connectivity.Vpn.isVpnPreConsented(Vpn.java:1522)
06-27 02:30:06.479 E/AppOps  (  538): 	at com.android.server.connectivity.Vpn.prepare(Vpn.java:1372)
06-27 02:30:06.479 E/AppOps  (  538): 	at com.android.server.VpnManagerService.prepareVpn(VpnManagerService.java:232)
06-27 02:30:06.479 E/AppOps  (  538): 	at android.net.IVpnManager$Stub.onTransact(IVpnManager.java:285)
06-27 02:30:06.479 E/AppOps  (  538): 	at android.os.Binder.execTransactInternal(Binder.java:1339)
06-27 02:30:06.479 E/AppOps  (  538): 	at android.os.Binder.execTransact(Binder.java:1275)
06-27 02:30:06.484 I/BpBinder(  394): onLastStrongRef automatically unlinking death recipients: 
06-27 02:30:06.487 D/CoreBackPreview(  538): Window{4ba64a3 u0 com.android.vpndialogs/com.android.vpndialogs.ConfirmDialog}: Setting back callback OnBackInvokedCallbackInfo{mCallback=android.window.IOnBackInvokedCallback$Stub$Proxy@9ff6b59, mPriority=0, mIsAnimationCallback=false}
06-27 02:30:06.491 W/OpenGLRenderer( 6170): Failed to choose config with EGL_SWAP_BEHAVIOR_PRESERVED, retrying without...
06-27 02:30:06.492 W/OpenGLRenderer( 6170): Failed to initialize 101010-2 format, error = EGL_SUCCESS
06-27 02:30:06.499 E/OpenGLRenderer( 6170): Unable to match the desired swap behavior.
06-27 02:30:06.501 D/AudioFlinger(  386): mixer(0xb40000790373e930) throttle end: throttle time(33)
06-27 02:30:06.534 V/WindowManagerShell(  888): onTransitionReady android.os.BinderProxy@682aca4: {id=33 t=OPEN f=0x0 trk=0 r=[0@Point(0, 0)] c=[{null m=OPEN f=TRANSLUCENT|FILLS_TASK leash=Surface(name=ActivityRecord{8721146 u0 com.android.vpndialogs/.ConfirmDialog)/@0x444a7d3 sb=Rect(0, 0 - 0, 0) eb=Rect(0, 0 - 1080, 2400) d=-1->0 r=-1->0:-1}]}
06-27 02:30:06.534 V/WindowManagerShell(  888): Playing animation for (#33)android.os.BinderProxy@682aca4@0
06-27 02:30:06.534 V/WindowManagerShell(  888):  try handler com.android.wm.shell.transition.DefaultMixedHandler@39b24ca
06-27 02:30:06.534 V/WindowManagerShell(  888):  try handler com.android.wm.shell.keyguard.KeyguardTransitionHandler@c80663b
06-27 02:30:06.534 V/WindowManagerShell(  888):  try handler com.android.wm.shell.activityembedding.ActivityEmbeddingController@e73b158
06-27 02:30:06.534 V/WindowManagerShell(  888):  try handler com.android.wm.shell.recents.RecentsTransitionHandler@95b82b1
06-27 02:30:06.534 V/ShellRecents(  888): RecentsTransitionHandler.startAnimation: no controller found
06-27 02:30:06.534 V/WindowManagerShell(  888):  try handler com.android.wm.shell.pip.PipTransition@3aec396
06-27 02:30:06.534 V/WindowManagerShell(  888):  try handler com.android.wm.shell.splitscreen.StageCoordinator@d052b17
06-27 02:30:06.535 V/WindowManagerShell(  888):  try handler com.android.wm.shell.transition.RemoteTransitionHandler@91e8b04
06-27 02:30:06.535 V/WindowManagerShell(  888): Transition doesn't have explicit remote, search filters for match for {id=33 t=OPEN f=0x0 trk=0 r=[0@Point(0, 0)] c=[{null m=OPEN f=TRANSLUCENT|FILLS_TASK leash=Surface(name=ActivityRecord{8721146 u0 com.android.vpndialogs/.ConfirmDialog)/@0x444a7d3 sb=Rect(0, 0 - 0, 0) eb=Rect(0, 0 - 1080, 2400) d=-1->0 r=-1->0:-1}]}
06-27 02:30:06.535 V/WindowManagerShell(  888):  Checking filter Pair{{types=[] flags=0x0] notFlags=0x0 checks=[{atype=dream independent=true modes=[OPEN,TO_FRONT] flags=NONE mustBeTask=false order=ANY topActivity=null},{atype=home independent=true modes=[CLOSE,TO_BACK] flags=NONE mustBeTask=false order=ANY topActivity=null}]} RemoteTransition { remoteTransition = android.window.IRemoteTransition$Stub$Proxy@4a15b8a, appThread = android.app.IApplicationThread$Stub$Proxy@95435fb, debugName = LauncherToDream }}
06-27 02:30:06.535 V/WindowManagerShell(  888):  Checking filter Pair{{types=[] flags=0x0] notFlags=0x100 checks=[{atype=home independent=true modes=[OPEN,TO_FRONT] flags=NONE mustBeTask=false order=TOP topActivity=ComponentInfo{com.google.android.apps.nexuslauncher/com.google.android.apps.nexuslauncher.NexusLauncherActivity}},{atype=standard independent=true modes=[CLOSE,TO_BACK] flags=NONE mustBeTask=false order=ANY topActivity=null}]} RemoteTransition { remoteTransition = android.window.IRemoteTransition$Stub$Proxy@c6fa618, appThread = android.app.IApplicationThread$Stub$Proxy@eb53871, debugName = QuickstepLaunchHome }}
06-27 02:30:06.535 V/WindowManagerShell(  888):  Delegate animation for #33 to null
06-27 02:30:06.535 V/WindowManagerShell(  888):  try handler com.android.wm.shell.transition.DefaultTransitionHandler@97498ed
06-27 02:30:06.535 V/WindowManagerShell(  888): start default transition animation, info = {id=33 t=OPEN f=0x0 trk=0 r=[0@Point(0, 0)] c=[{null m=OPEN f=TRANSLUCENT|FILLS_TASK leash=Surface(name=ActivityRecord{8721146 u0 com.android.vpndialogs/.ConfirmDialog)/@0x444a7d3 sb=Rect(0, 0 - 0, 0) eb=Rect(0, 0 - 1080, 2400) d=-1->0 r=-1->0:-1}]}
06-27 02:30:06.535 V/WindowManagerShell(  888): loadAnimation: anim=null animAttr=0x4 type=OPEN isEntrance=true
06-27 02:30:06.536 I/ActivityTaskManager(  538): Displayed com.android.vpndialogs/.ConfirmDialog for user 0: +78ms
06-27 02:30:06.536 V/WindowManager(  538): Sent Transition #33 createdAt=06-27 02:30:06.454 via request=TransitionRequestInfo { type = OPEN, triggerTask = TaskInfo{userId=0 taskId=12 displayId=0 isRunning=true baseIntent=Intent { act=android.intent.action.MAIN cat=[android.intent.category.LAUNCHER] flg=0x10000000 cmp=org.adaway/.ui.home.HomeActivity } baseActivity=ComponentInfo{org.adaway/org.adaway.ui.onboarding.OnboardingActivity} topActivity=ComponentInfo{com.android.vpndialogs/com.android.vpndialogs.ConfirmDialog} origActivity=null realActivity=ComponentInfo{org.adaway/org.adaway.ui.home.HomeActivity} numActivities=2 lastActiveTime=720985 supportsMultiWindow=true resizeMode=1 isResizeable=true minWidth=-1 minHeight=-1 defaultMinSize=220 token=WCT{RemoteToken{847beff Task{51361c2 #12 type=standard A=10195:org.adaway}}} topActivityType=1 pictureInPictureParams=null shouldDockBigOverlays=false launchIntoPipHostTaskId=-1 lastParentTaskIdBeforePip=-1 displayCutoutSafeInsets=Rect(0, 128 - 0, 0) topActivityInfo=ActivityInfo{8622c91 com.android.vpndialogs.ConfirmDialog} launchCookies=[] positionInParent=Point(0, 0) parentTaskId=-1 isFocused=true isVisible=true isVisibleRequested=true isSleeping=false topActivityInSizeCompat=false topActivityEligibleForLetterboxEducation= false topActivityLetterboxed= false isFromDoubleTap= false topActivityLetterboxVerticalPosition= -1 topActivityLetterboxHorizontalPosition= -1 topActivityLetterboxWidth=-1 topActivityLetterboxHeight=-1 locusId=null displayAreaFeatureId=1 cameraCompatControlState=hidden}, remoteTransition = null, displayChange = null }
06-27 02:30:06.536 V/WindowManager(  538):     startWCT=WindowContainerTransaction { changes = {} hops = [] errorCallbackToken=null taskFragmentOrganizer=null }
06-27 02:30:06.536 V/WindowManager(  538):     info={id=33 t=OPEN f=0x0 trk=0 r=[0@Point(0, 0)] c=[{null m=OPEN f=TRANSLUCENT|FILLS_TASK leash=Surface(name=ActivityRecord{8721146 u0 com.android.vpndialogs/.ConfirmDialog)/@0xbb1332a sb=Rect(0, 0 - 0, 0) eb=Rect(0, 0 - 1080, 2400) d=-1->0 r=-1->0:-1}]}
06-27 02:30:06.538 V/WindowManagerShell(  888): Transition animation finished (aborted=false), notifying core (#33)android.os.BinderProxy@682aca4@0
06-27 02:30:06.539 V/WindowManagerShell(  888): Track 0 became idle
06-27 02:30:06.539 V/WindowManagerShell(  888): All active transition animations finished
06-27 02:30:06.539 V/WindowManagerShell(  888):  animated by com.android.wm.shell.transition.DefaultTransitionHandler@97498ed
06-27 02:30:06.539 V/WindowManagerShell(  888): Track 0 became idle
06-27 02:30:06.539 V/WindowManagerShell(  888): All active transition animations finished
06-27 02:30:06.540 V/WindowManager(  538): Finish Transition #33: created at 06-27 02:30:06.454 collect-started=0.007ms request-sent=1.513ms started=2.333ms ready=19.515ms sent=78.821ms finished=84.521ms
06-27 02:30:06.616 D/audioserver(  386): FGS Logger Transaction failed
06-27 02:30:06.616 D/audioserver(  386): -129
06-27 02:30:06.791 D/ProfileInstaller( 7572): Installing profile for org.adaway
06-27 02:30:07.448 D/BtGatt.ScanManager( 1090): uid 10129 isForeground true scanMode -1
06-27 02:30:07.448 D/BtGatt.ScanManager( 1090): uid 10129 isForeground true scanMode -1
06-27 02:30:08.103 D/EGL_emulation( 6170): app_time_stats: avg=122.55ms min=6.44ms max=1385.33ms count=12
06-27 02:30:08.499 D/AndroidRuntime( 7684): >>>>>> START com.android.internal.os.RuntimeInit uid 2000 <<<<<<
06-27 02:30:08.501 I/AndroidRuntime( 7684): Using default boot image
06-27 02:30:08.501 I/AndroidRuntime( 7684): Leaving lock profiling enabled
06-27 02:30:08.502 I/app_process( 7684): Core platform API reporting enabled, enforcing=false
06-27 02:30:08.502 I/app_process( 7684): Using CollectorTypeCC GC.
06-27 02:30:08.526 D/nativeloader( 7684): InitDefaultPublicLibraries for_preload=1: libandroid.so:libaaudio.so:libamidi.so:libbinder_ndk.so:libc.so:libcamera2ndk.so:libdl.so:libEGL.so:libGLESv1_CM.so:libGLESv2.so:libGLESv3.so:libicu.so:libicui18n.so:libicuuc.so:libjnigraphics.so:liblog.so:libmediandk.so:libm.so:libnativehelper.so:libnativewindow.so:libOpenMAXAL.so:libOpenSLES.so:libRS.so:libstdc++.so:libsync.so:libvulkan.so:libwebviewchromium_plat_support.so:libz.so
06-27 02:30:08.530 D/app_process( 7684): Time zone APEX ICU file found: /apex/com.android.tzdata/etc/icu/icu_tzdata.dat
06-27 02:30:08.530 D/app_process( 7684): I18n APEX ICU file found: /apex/com.android.i18n/etc/icu/icudt72l.dat
06-27 02:30:08.534 W/app_process( 7684): ClassLoaderContext shared library size mismatch. Expected=2, found=0 (PCL[]{PCL[/system/framework/android.test.base.jar*836642756]#PCL[/system/framework/android.test.mock.jar*3186112116]} | PCL[])
06-27 02:30:08.534 W/app_process( 7684): ClassLoaderContext classpath size mismatch. expected=0, found=1 (PCL[]{PCL[/system/framework/android.test.runner.jar*4168958247]{PCL[/system/framework/android.test.base.jar*836642756]#PCL[/system/framework/android.test.mock.jar*3186112116]}#PCL[/system/framework/android.test.base.jar*836642756]} | PCL[/system/framework/android.test.runner.jar*4168958247])
06-27 02:30:08.544 W/libc    ( 7684): Access denied finding property "ro.product.name_for_attestation"
06-27 02:30:08.540 W/main    ( 7684): type=1400 audit(0.0:133): avc:  denied  { read } for  name="u:object_r:build_attestation_prop:s0" dev="tmpfs" ino=77 scontext=u:r:shell:s0 tcontext=u:object_r:build_attestation_prop:s0 tclass=file permissive=0
06-27 02:30:08.540 W/main    ( 7684): type=1400 audit(0.0:134): avc:  denied  { read } for  name="u:object_r:build_attestation_prop:s0" dev="tmpfs" ino=77 scontext=u:r:shell:s0 tcontext=u:object_r:build_attestation_prop:s0 tclass=file permissive=0
06-27 02:30:08.544 W/libc    ( 7684): Access denied finding property "ro.product.model_for_attestation"
06-27 02:30:08.540 W/main    ( 7684): type=1400 audit(0.0:135): avc:  denied  { read } for  name="u:object_r:build_attestation_prop:s0" dev="tmpfs" ino=77 scontext=u:r:shell:s0 tcontext=u:object_r:build_attestation_prop:s0 tclass=file permissive=0
06-27 02:30:08.545 D/AndroidRuntime( 7684): Calling main entry com.android.commands.uiautomator.Launcher
06-27 02:30:08.546 D/UiAutomationConnection( 7684): Created on user UserHandle{0}
06-27 02:30:08.546 I/UiAutomation( 7684): Initialized for user 0 on display 0
06-27 02:30:08.546 W/UiAutomation( 7684): Created with deprecatead constructor, assumes DEFAULT_DISPLAY
06-27 02:30:08.547 D/AccessibilityManagerService(  538): changeCurrentUserForTestAutomationIfNeededLocked(0): ignoring because device doesn't support visible background users
06-27 02:30:08.547 I/UiAutomationManager(  538): Registering UiTestAutomationService (id=com.android.server.accessibility/UiAutomation) when called by user 0
06-27 02:30:08.548 W/WindowMagnificationMgr(  538): requestConnection duplicated request: connect=false, mConnectionState=DISCONNECTED
06-27 02:30:08.548 V/UiAutomation( 7684): Init UiAutomation@dd83897[id=15, displayId=0, flags=0]
06-27 02:30:08.549 D/BatterySaverPolicy(  538): accessibility changed to true, updating policy.
06-27 02:30:08.549 I/A11yListener( 1707): (REDACTED) #onAccessibilityStateChanged enabled: %s
06-27 02:30:08.549 I/A11yListener( 1707): #onChange
06-27 02:30:08.549 I/AiAiEcho( 1691): Settings changed for uri: content://settings/secure/accessibility_enabled
06-27 02:30:08.549 I/A       ( 1772): NGA enabled in interactor.
06-27 02:30:08.549 E/TraceManager( 1707): Duplicate trace
06-27 02:30:08.549 E/TraceManager( 1707): com.google.apps.tiktok.tracing.w: Starting new trace A11yEventListener_onChange when already associated with a trace: . For more help, see http://go/tiktok-tracing#fixing-duplicate-trace-issues
06-27 02:30:08.549 E/TraceManager( 1707): 	at com.google.apps.tiktok.tracing.el.f(PG:6)
06-27 02:30:08.549 E/TraceManager( 1707): 	at com.google.apps.tiktok.tracing.el.g(PG:2)
06-27 02:30:08.549 E/TraceManager( 1707): 	at com.google.apps.tiktok.tracing.dv.d(PG:1)
06-27 02:30:08.549 E/TraceManager( 1707): 	at com.google.android.libraries.search.assistant.a.g.a(PG:7)
06-27 02:30:08.549 E/TraceManager( 1707): 	at com.google.android.libraries.search.assistant.a.b.b(PG:2)
06-27 02:30:08.549 E/TraceManager( 1707): 	at i.c.b.a.a.h(PG:4)
06-27 02:30:08.549 E/TraceManager( 1707): 	at kotlinx.coroutines.bk.run(PG:14)
06-27 02:30:08.549 E/TraceManager( 1707): 	at com.google.apps.tiktok.coroutines.g.run(PG:1)
06-27 02:30:08.549 E/TraceManager( 1707): 	at com.google.android.libraries.i.z.run(PG:1)
06-27 02:30:08.549 E/TraceManager( 1707): 	at java.util.concurrent.ThreadPoolExecutor.runWorker(ThreadPoolExecutor.java:1145)
06-27 02:30:08.549 E/TraceManager( 1707): 	at java.util.concurrent.ThreadPoolExecutor$Worker.run(ThreadPoolExecutor.java:644)
06-27 02:30:08.549 E/TraceManager( 1707): 	at com.google.android.libraries.i.h.run(PG:2)
06-27 02:30:08.549 E/TraceManager( 1707): 	at java.lang.Thread.run(Thread.java:1012)
06-27 02:30:08.549 E/TraceManager( 1707): 	at com.google.android.libraries.i.ai.run(PG:5)
06-27 02:30:08.549 E/TraceManager( 1707): 	Suppressed: com.google.apps.tiktok.tracing.fv: 
06-27 02:30:08.549 E/TraceManager( 1707): 		at tk_trace.(Unknown Source:0)
06-27 02:30:08.549 E/TraceManager( 1707): 		at tk_trace.Missing root trace(Unknown Source:0)
06-27 02:30:08.549 E/TraceManager( 1707): Caused by: com.google.apps.tiktok.tracing.aa
06-27 02:30:08.549 W/WindowMagnificationMgr(  538): requestConnection duplicated request: connect=false, mConnectionState=DISCONNECTED
06-27 02:30:08.549 I/Ma-Fcf-A11yChangeNotifier( 1707): #FCF: onChange
06-27 02:30:08.549 I/A       ( 1772): NGA enabled in interactor.
06-27 02:30:08.549 I/A       ( 1707): FCF A11y Checker - readyForTngMa
06-27 02:30:08.549 I/AiAiEcho( 1691): Predicting[0]: 
06-27 02:30:08.549 I/AiAiEcho( 1691): EchoTargets: 
06-27 02:30:08.549 I/AiAiEcho( 1691): Filtered by AiAi flag check: 
06-27 02:30:08.549 I/AiAiEcho( 1691): Ranked targets strategy: SORT, count: 0, ranking metadata: 
06-27 02:30:08.549 I/AiAiEcho( 1691): Predicting[0]: 
06-27 02:30:08.549 I/AiAiEcho( 1691): EchoTargets: 
06-27 02:30:08.549 I/AiAiEcho( 1691): Filtered by AiAi flag check: 
06-27 02:30:08.549 I/AiAiEcho( 1691): Ranked targets strategy: SORT, count: 0, ranking metadata: 
06-27 02:30:08.550 I/AiAiEcho( 1691): #postPredictionTargets: Sending updates to UISurface home with targets# 0 (types=[])
06-27 02:30:08.550 I/AiAiEcho( 1691): #postPredictionTargets: Sending updates to UISurface lockscreen with targets# 0 (types=[])
06-27 02:30:08.550 I/AiAiEcho( 1691): Settings changed for uri: content://settings/secure/accessibility_enabled
06-27 02:30:08.552 I/A       ( 1707): (REDACTED) #FCF: Continued Conversation Mode Enabled: %s
06-27 02:30:08.552 I/A       ( 1707): (REDACTED) #FCF: Assistant primary locale : %s
06-27 02:30:08.552 I/A       ( 1707): (REDACTED) #FCF: Assistant Primary locale check status : %s
06-27 02:30:08.552 W/A       ( 1707): Unable to check for productivity accounts. Assuming there are none.
06-27 02:30:08.552 W/A       ( 1707): com.google.android.libraries.geller.portable.GellerException: Code: INVALID_ARGUMENT, Message: Account name is null.
06-27 02:30:08.552 W/A       ( 1707): 	at com.google.android.libraries.search.h.k.a(PG:6)
06-27 02:30:08.552 W/A       ( 1707): 	at com.google.apps.tiktok.tracing.es.a(PG:3)
06-27 02:30:08.552 W/A       ( 1707): 	at com.google.common.w.a.bc.a(PG:1)
06-27 02:30:08.552 W/A       ( 1707): 	at com.google.common.w.a.cw.run(PG:4)
06-27 02:30:08.552 W/A       ( 1707): 	at com.google.android.libraries.i.z.run(PG:1)
06-27 02:30:08.552 W/A       ( 1707): 	at java.util.concurrent.ThreadPoolExecutor.runWorker(ThreadPoolExecutor.java:1145)
06-27 02:30:08.552 W/A       ( 1707): 	at java.util.concurrent.ThreadPoolExecutor$Worker.run(ThreadPoolExecutor.java:644)
06-27 02:30:08.552 W/A       ( 1707): 	at com.google.android.libraries.i.h.run(PG:2)
06-27 02:30:08.552 W/A       ( 1707): 	at java.lang.Thread.run(Thread.java:1012)
06-27 02:30:08.552 W/A       ( 1707): 	at com.google.android.libraries.i.ai.run(PG:5)
06-27 02:30:08.553 I/A       ( 1707): (REDACTED) #FCF: Headset Connected Status: %s
06-27 02:30:08.553 I/A       ( 1707): (REDACTED) #FCF evaluate: %s
06-27 02:30:08.553 I/A       ( 1707): (REDACTED) TngMaStatusChecker#evaluateInternal completed in %s millis
06-27 02:30:08.553 I/Ma-Entry-Triggering( 1707): (REDACTED) TNG:MA status updated: %s
06-27 02:30:08.553 I/Ma-Entry-Triggering( 1707): TNG:MA became ineligible, client should disconnect
06-27 02:30:08.553 I/Ma-Entry-Triggering( 1707): #disconnectAndStop - preventing double stop
06-27 02:30:08.553 I/A       ( 1707): #invalidationSource: adding headset checker
06-27 02:30:08.553 I/A       ( 1707): #invalidationSource : adding a11y checker
06-27 02:30:08.553 I/AiAiEcho( 1691): Predicting[0]: 
06-27 02:30:08.553 I/AiAiEcho( 1691): EchoTargets: 
06-27 02:30:08.553 I/AiAiEcho( 1691): Filtered by AiAi flag check: 
06-27 02:30:08.553 I/AiAiEcho( 1691): Ranked targets strategy: SORT, count: 0, ranking metadata: 
06-27 02:30:08.553 I/AiAiEcho( 1691): Predicting[0]: 
06-27 02:30:08.553 I/AiAiEcho( 1691): EchoTargets: 
06-27 02:30:08.553 I/AiAiEcho( 1691): Filtered by AiAi flag check: 
06-27 02:30:08.553 I/AiAiEcho( 1691): Ranked targets strategy: SORT, count: 0, ranking metadata: 
06-27 02:30:08.554 D/SafetySourceDataValidator(  538): No cert check requested for package com.google.android.permissioncontroller
06-27 02:30:08.556 I/AiAiEcho( 1691): #postPredictionTargets: Sending updates to UISurface home with targets# 0 (types=[])
06-27 02:30:08.557 I/AiAiEcho( 1691): #postPredictionTargets: Sending updates to UISurface lockscreen with targets# 0 (types=[])
06-27 02:30:08.560 W/PageIndicator(  888): Total number of pages invalid: 0. Assuming 1 page.
06-27 02:30:08.560 W/PageIndicator(  888): Total number of pages invalid: 0. Assuming 1 page.
06-27 02:30:09.460 E/TaskPersister(  538): File error accessing recents directory (directory doesn't exist?).
06-27 02:30:09.494 D/android.hardware.audio@7.1-impl.ranchu(  355): threadLoop: entering standby, frames: 1341504
06-27 02:30:09.564 W/MediaProvider( 1700): isAppCloneUserPair for user 0: false
06-27 02:30:09.566 W/AccessibilityNodeInfoDumper( 7684): Fetch time: 3ms
06-27 02:30:09.567 W/WindowMagnificationMgr(  538): requestConnection duplicated request: connect=false, mConnectionState=DISCONNECTED
06-27 02:30:09.567 D/AccessibilityManagerService(  538): restoreCurrentUserForTestAutomationIfNeededLocked(): ignoring because device doesn't support visible background users
06-27 02:30:09.568 I/AiAiEcho( 1691): Settings changed for uri: content://settings/secure/accessibility_enabled
06-27 02:30:09.568 I/AiAiEcho( 1691): Predicting[0]: 
06-27 02:30:09.568 I/A       ( 1772): NGA enabled in interactor.
06-27 02:30:09.568 I/A11yListener( 1707): (REDACTED) #onAccessibilityStateChanged enabled: %s
06-27 02:30:09.568 I/A       ( 1772): NGA enabled in interactor.
06-27 02:30:09.568 I/A11yListener( 1707): #onChange
06-27 02:30:09.568 E/TraceManager( 1707): Duplicate trace
06-27 02:30:09.568 E/TraceManager( 1707): com.google.apps.tiktok.tracing.w: Starting new trace A11yEventListener_onChange when already associated with a trace: . For more help, see http://go/tiktok-tracing#fixing-duplicate-trace-issues
06-27 02:30:09.568 E/TraceManager( 1707): 	at com.google.apps.tiktok.tracing.el.f(PG:6)
06-27 02:30:09.568 E/TraceManager( 1707): 	at com.google.apps.tiktok.tracing.el.g(PG:2)
06-27 02:30:09.568 E/TraceManager( 1707): 	at com.google.apps.tiktok.tracing.dv.d(PG:1)
06-27 02:30:09.568 E/TraceManager( 1707): 	at com.google.android.libraries.search.assistant.a.g.a(PG:7)
06-27 02:30:09.568 E/TraceManager( 1707): 	at com.google.android.libraries.search.assistant.a.b.b(PG:2)
06-27 02:30:09.568 E/TraceManager( 1707): 	at i.c.b.a.a.h(PG:4)
06-27 02:30:09.568 E/TraceManager( 1707): 	at kotlinx.coroutines.bk.run(PG:14)
06-27 02:30:09.568 E/TraceManager( 1707): 	at com.google.apps.tiktok.coroutines.g.run(PG:1)
06-27 02:30:09.568 E/TraceManager( 1707): 	at com.google.android.libraries.i.z.run(PG:1)
06-27 02:30:09.568 E/TraceManager( 1707): 	at java.util.concurrent.ThreadPoolExecutor.runWorker(ThreadPoolExecutor.java:1145)
06-27 02:30:09.568 E/TraceManager( 1707): 	at java.util.concurrent.ThreadPoolExecutor$Worker.run(ThreadPoolExecutor.java:644)
06-27 02:30:09.568 E/TraceManager( 1707): 	at com.google.android.libraries.i.h.run(PG:2)
06-27 02:30:09.568 E/TraceManager( 1707): 	at java.lang.Thread.run(Thread.java:1012)
06-27 02:30:09.568 E/TraceManager( 1707): 	at com.google.android.libraries.i.ai.run(PG:5)
06-27 02:30:09.568 E/TraceManager( 1707): 	Suppressed: com.google.apps.tiktok.tracing.fv: 
06-27 02:30:09.568 E/TraceManager( 1707): 		at tk_trace.(Unknown Source:0)
06-27 02:30:09.568 E/TraceManager( 1707): 		at tk_trace.Missing root trace(Unknown Source:0)
06-27 02:30:09.568 E/TraceManager( 1707): Caused by: com.google.apps.tiktok.tracing.aa
06-27 02:30:09.569 I/Ma-Fcf-A11yChangeNotifier( 1707): #FCF: onChange
06-27 02:30:09.569 D/BatterySaverPolicy(  538): accessibility changed to false, updating policy.
06-27 02:30:09.569 I/A       ( 1707): FCF A11y Checker - readyForTngMa
06-27 02:30:09.569 I/A       ( 1707): (REDACTED) #FCF: Continued Conversation Mode Enabled: %s
06-27 02:30:09.569 I/AiAiEcho( 1691): EchoTargets: 
