--------- beginning of system
06-27 02:30:00.460 D/CompatibilityChangeReporter(  538): Compat change id reported: 161252188; UID 10195; state: DISABLED
06-27 02:30:00.460 W/ActivityTaskManager(  538): callingPackage for (uid=2000, pid=7569) has no WPC
06-27 02:30:00.460 D/CompatibilityChangeReporter(  538): Compat change id reported: 265464455; UID 10195; state: DISABLED
06-27 02:30:00.460 D/CompatibilityChangeReporter(  538): Compat change id reported: 265452344; UID 10195; state: DISABLED
06-27 02:30:00.460 D/CompatibilityChangeReporter(  538): Compat change id reported: 266124927; UID 10195; state: DISABLED
06-27 02:30:00.460 D/CompatibilityChangeReporter(  538): Compat change id reported: 265451093; UID 10195; state: DISABLED
06-27 02:30:00.460 D/CompatibilityChangeReporter(  538): Compat change id reported: 265456536; UID 10195; state: DISABLED
06-27 02:30:00.460 D/CompatibilityChangeReporter(  538): Compat change id reported: 255940284; UID 10195; state: DISABLED
06-27 02:30:00.460 D/CompatibilityChangeReporter(  538): Compat change id reported: 236283604; UID 10195; state: DISABLED
06-27 02:30:00.460 D/CompatibilityChangeReporter(  538): Compat change id reported: 263959004; UID 10195; state: DISABLED
06-27 02:30:00.460 D/CompatibilityChangeReporter(  538): Compat change id reported: 264304459; UID 10195; state: DISABLED
06-27 02:30:00.460 D/CompatibilityChangeReporter(  538): Compat change id reported: 264301586; UID 10195; state: DISABLED
06-27 02:30:00.460 D/CompatibilityChangeReporter(  538): Compat change id reported: 254631730; UID 10195; state: DISABLED
06-27 02:30:00.460 D/CompatibilityChangeReporter(  538): Compat change id reported: 273509367; UID 10195; state: DISABLED
06-27 02:30:00.460 D/CompatibilityChangeReporter(  538): Compat change id reported: 263259275; UID 10195; state: DISABLED
06-27 02:30:00.460 D/CompatibilityChangeReporter(  538): Compat change id reported: 174042980; UID 10195; state: DISABLED
06-27 02:30:00.460 D/CompatibilityChangeReporter(  538): Compat change id reported: 174042936; UID 10195; state: DISABLED
06-27 02:30:00.460 D/CompatibilityChangeReporter(  538): Compat change id reported: 181136395; UID 10195; state: DISABLED
06-27 02:30:00.460 D/CompatibilityChangeReporter(  538): Compat change id reported: 194480991; UID 10195; state: ENABLED
06-27 02:30:00.462 D/CompatibilityChangeReporter(  538): Compat change id reported: 184838306; UID 10195; state: DISABLED
06-27 02:30:00.462 D/CompatibilityChangeReporter(  538): Compat change id reported: 185004937; UID 10195; state: DISABLED
06-27 02:30:00.462 D/CompatibilityChangeReporter(  538): Compat change id reported: 197654537; UID 10195; state: ENABLED
06-27 02:30:00.462 V/SplashScreenExceptionList(  538): SplashScreen checking exception for package org.adaway (target sdk:34) -> false
06-27 02:30:00.462 D/CompatibilityChangeReporter(  538): Compat change id reported: 205907456; UID 10195; state: ENABLED
06-27 02:30:00.463 D/CompatibilityChangeReporter(  538): Compat change id reported: 194833441; UID 10195; state: ENABLED
06-27 02:30:00.463 V/WindowManagerShell(  888): Transition requested: android.os.BinderProxy@7e67c5a TransitionRequestInfo { type = OPEN, triggerTask = TaskInfo{userId=0 taskId=12 displayId=0 isRunning=true baseIntent=Intent { act=android.intent.action.MAIN cat=[android.intent.category.LAUNCHER] flg=0x10000000 cmp=org.adaway/.ui.home.HomeActivity } baseActivity=ComponentInfo{org.adaway/org.adaway.ui.home.HomeActivity} topActivity=ComponentInfo{org.adaway/org.adaway.ui.home.HomeActivity} origActivity=null realActivity=ComponentInfo{org.adaway/org.adaway.ui.home.HomeActivity} numActivities=1 lastActiveTime=714992 supportsMultiWindow=true resizeMode=1 isResizeable=true minWidth=-1 minHeight=-1 defaultMinSize=220 token=WCT{android.window.IWindowContainerToken$Stub$Proxy@ea28e8b} topActivityType=1 pictureInPictureParams=null shouldDockBigOverlays=false launchIntoPipHostTaskId=-1 lastParentTaskIdBeforePip=-1 displayCutoutSafeInsets=Rect(0, 128 - 0, 0) topActivityInfo=ActivityInfo{d273b68 org.adaway.ui.home.HomeActivity} launchCookies=[] positionInParent=Point(0, 0) parentTaskId=-1 isFocused=false isVisible=false isVisibleRequested=false isSleeping=false topActivityInSizeCompat=false topActivityEligibleForLetterboxEducation= false topActivityLetterboxed= false isFromDoubleTap= false topActivityLetterboxVerticalPosition= -1 topActivityLetterboxHorizontalPosition= -1 topActivityLetterboxWidth=-1 topActivityLetterboxHeight=-1 locusId=null displayAreaFeatureId=1 cameraCompatControlState=hidden}, remoteTransition = null, displayChange = null }
06-27 02:30:00.463 I/ActivityTaskManager(  538): START u0 {act=android.intent.action.MAIN cat=[android.intent.category.LAUNCHER] flg=0x10000000 cmp=org.adaway/.ui.home.HomeActivity} with LAUNCH_SINGLE_TOP from uid 2000 (BAL_ALLOW_PERMISSION) result code=0
06-27 02:30:00.464 D/CompatibilityChangeReporter(  538): Compat change id reported: 135634846; UID 10195; state: DISABLED
06-27 02:30:00.464 D/CompatibilityChangeReporter(  538): Compat change id reported: 177438394; UID 10195; state: DISABLED
06-27 02:30:00.464 D/CompatibilityChangeReporter(  538): Compat change id reported: 135772972; UID 10195; state: DISABLED
06-27 02:30:00.464 D/CompatibilityChangeReporter(  538): Compat change id reported: 135754954; UID 10195; state: ENABLED
06-27 02:30:00.464 D/CompatibilityChangeReporter(  538): Compat change id reported: 143937733; UID 10195; state: ENABLED
--------- beginning of main
06-27 02:30:00.467 D/Zygote  (  353): Forked child process 7572
06-27 02:30:00.468 I/ActivityManager(  538): Start proc 7572:org.adaway/u0a195 for next-top-activity {org.adaway/org.adaway.ui.home.HomeActivity}
06-27 02:30:00.472 D/SplashScreenView(  888): Build android.window.SplashScreenView{f351d5f V.E...... ......ID 0,0-0,0}
06-27 02:30:00.472 D/SplashScreenView(  888): Icon: view: android.widget.ImageView{f0aa3ac V.ED..... ......I. 0,0-0,0 #10204f0 android:id/splashscreen_icon_view} drawable: com.android.wm.shell.startingsurface.SplashscreenIconDrawableFactory$ImmobileIconDrawable@86e4875 size: 504
06-27 02:30:00.472 D/SplashScreenView(  888): Branding: view: android.view.View{86b00a G.ED..... ......I. 0,0-0,0 #10204ef android:id/splashscreen_branding_view} drawable: null size w: 0 h: 0
06-27 02:30:00.474 D/CompatibilityChangeReporter(  538): Compat change id reported: 265195908; UID 10195; state: ENABLED
06-27 02:30:00.484 I/BpBinder(  394): onLastStrongRef automatically unlinking death recipients: 
06-27 02:30:00.485 D/CoreBackPreview(  538): Window{ecdd6ed u0 Splash Screen org.adaway}: Setting back callback OnBackInvokedCallbackInfo{mCallback=android.window.IOnBackInvokedCallback$Stub$Proxy@6d9822b, mPriority=0, mIsAnimationCallback=false}
06-27 02:30:00.498 E/OpenGLRenderer(  888): Unable to match the desired swap behavior.
06-27 02:30:00.512 I/org.adaway( 7572): Late-enabling -Xcheck:jni
06-27 02:30:00.521 V/WindowManager(  538): Sent Transition #31 createdAt=06-27 02:30:00.461 via request=TransitionRequestInfo { type = OPEN, triggerTask = TaskInfo{userId=0 taskId=12 displayId=0 isRunning=true baseIntent=Intent { act=android.intent.action.MAIN cat=[android.intent.category.LAUNCHER] flg=0x10000000 cmp=org.adaway/.ui.home.HomeActivity } baseActivity=ComponentInfo{org.adaway/org.adaway.ui.home.HomeActivity} topActivity=ComponentInfo{org.adaway/org.adaway.ui.home.HomeActivity} origActivity=null realActivity=ComponentInfo{org.adaway/org.adaway.ui.home.HomeActivity} numActivities=1 lastActiveTime=714992 supportsMultiWindow=true resizeMode=1 isResizeable=true minWidth=-1 minHeight=-1 defaultMinSize=220 token=WCT{RemoteToken{847beff Task{51361c2 #12 type=standard A=10195:org.adaway}}} topActivityType=1 pictureInPictureParams=null shouldDockBigOverlays=false launchIntoPipHostTaskId=-1 lastParentTaskIdBeforePip=-1 displayCutoutSafeInsets=Rect(0, 128 - 0, 0) topActivityInfo=ActivityInfo{af834cc org.adaway.ui.home.HomeActivity} launchCookies=[] positionInParent=Point(0, 0) parentTaskId=-1 isFocused=false isVisible=false isVisibleRequested=false isSleeping=false topActivityInSizeCompat=false topActivityEligibleForLetterboxEducation= false topActivityLetterboxed= false isFromDoubleTap= false topActivityLetterboxVerticalPosition= -1 topActivityLetterboxHorizontalPosition= -1 topActivityLetterboxWidth=-1 topActivityLetterboxHeight=-1 locusId=null displayAreaFeatureId=1 cameraCompatControlState=hidden}, remoteTransition = null, displayChange = null }
06-27 02:30:00.521 V/WindowManager(  538):     startWCT=WindowContainerTransaction { changes = {} hops = [] errorCallbackToken=null taskFragmentOrganizer=null }
06-27 02:30:00.521 V/WindowManager(  538):     info={id=31 t=OPEN f=0x0 trk=0 r=[0@Point(0, 0)] c=[{WCT{RemoteToken{847beff Task{51361c2 #12 type=standard A=10195:org.adaway}}} m=OPEN f=NONE leash=Surface(name=Task=12)/@0xbaa0ba3 sb=Rect(0, 0 - 1080, 2400) eb=Rect(0, 0 - 1080, 2400) d=0},{WCT{RemoteToken{117be3 Task{f81d7bb #1 type=home}}} m=TO_BACK f=SHOW_WALLPAPER leash=Surface(name=Task=1)/@0x5cded9f sb=Rect(0, 0 - 1080, 2400) eb=Rect(0, 0 - 1080, 2400) d=0}]}
06-27 02:30:00.521 I/org.adaway( 7572): Using CollectorTypeCC GC.
06-27 02:30:00.522 V/WindowManagerShell(  888): onTransitionReady android.os.BinderProxy@7e67c5a: {id=31 t=OPEN f=0x0 trk=0 r=[0@Point(0, 0)] c=[{WCT{android.window.IWindowContainerToken$Stub$Proxy@bad9329} m=OPEN f=NONE leash=Surface(name=Task=12)/@0x753662 sb=Rect(0, 0 - 1080, 2400) eb=Rect(0, 0 - 1080, 2400) d=0},{WCT{android.window.IWindowContainerToken$Stub$Proxy@67456ae} m=TO_BACK f=SHOW_WALLPAPER leash=Surface(name=Task=1)/@0xa4633f3 sb=Rect(0, 0 - 1080, 2400) eb=Rect(0, 0 - 1080, 2400) d=0}]}
06-27 02:30:00.522 V/WindowManagerShell(  888): Playing animation for (#31)android.os.BinderProxy@7e67c5a@0
06-27 02:30:00.522 V/WindowManagerShell(  888):  try handler com.android.wm.shell.transition.DefaultMixedHandler@39b24ca
06-27 02:30:00.522 V/WindowManagerShell(  888):  try handler com.android.wm.shell.keyguard.KeyguardTransitionHandler@c80663b
06-27 02:30:00.522 V/WindowManagerShell(  888):  try handler com.android.wm.shell.activityembedding.ActivityEmbeddingController@e73b158
06-27 02:30:00.522 V/WindowManagerShell(  888):  try handler com.android.wm.shell.recents.RecentsTransitionHandler@95b82b1
06-27 02:30:00.522 V/ShellRecents(  888): RecentsTransitionHandler.startAnimation: no controller found
06-27 02:30:00.522 V/WindowManagerShell(  888):  try handler com.android.wm.shell.pip.PipTransition@3aec396
06-27 02:30:00.522 V/WindowManagerShell(  888):  try handler com.android.wm.shell.splitscreen.StageCoordinator@d052b17
06-27 02:30:00.522 V/WindowManagerShell(  888):  try handler com.android.wm.shell.transition.RemoteTransitionHandler@91e8b04
06-27 02:30:00.522 V/WindowManagerShell(  888): Transition doesn't have explicit remote, search filters for match for {id=31 t=OPEN f=0x0 trk=0 r=[0@Point(0, 0)] c=[{WCT{android.window.IWindowContainerToken$Stub$Proxy@bad9329} m=OPEN f=NONE leash=Surface(name=Task=12)/@0x753662 sb=Rect(0, 0 - 1080, 2400) eb=Rect(0, 0 - 1080, 2400) d=0},{WCT{android.window.IWindowContainerToken$Stub$Proxy@67456ae} m=TO_BACK f=SHOW_WALLPAPER leash=Surface(name=Task=1)/@0xa4633f3 sb=Rect(0, 0 - 1080, 2400) eb=Rect(0, 0 - 1080, 2400) d=0}]}
06-27 02:30:00.522 V/WindowManagerShell(  888):  Checking filter Pair{{types=[] flags=0x0] notFlags=0x0 checks=[{atype=dream independent=true modes=[OPEN,TO_FRONT] flags=NONE mustBeTask=false order=ANY topActivity=null},{atype=home independent=true modes=[CLOSE,TO_BACK] flags=NONE mustBeTask=false order=ANY topActivity=null}]} RemoteTransition { remoteTransition = android.window.IRemoteTransition$Stub$Proxy@4a15b8a, appThread = android.app.IApplicationThread$Stub$Proxy@95435fb, debugName = LauncherToDream }}
06-27 02:30:00.522 V/WindowManagerShell(  888):  Checking filter Pair{{types=[] flags=0x0] notFlags=0x100 checks=[{atype=home independent=true modes=[OPEN,TO_FRONT] flags=NONE mustBeTask=false order=TOP topActivity=ComponentInfo{com.google.android.apps.nexuslauncher/com.google.android.apps.nexuslauncher.NexusLauncherActivity}},{atype=standard independent=true modes=[CLOSE,TO_BACK] flags=NONE mustBeTask=false order=ANY topActivity=null}]} RemoteTransition { remoteTransition = android.window.IRemoteTransition$Stub$Proxy@c6fa618, appThread = android.app.IApplicationThread$Stub$Proxy@eb53871, debugName = QuickstepLaunchHome }}
06-27 02:30:00.522 V/WindowManagerShell(  888):  Delegate animation for #31 to null
06-27 02:30:00.522 V/WindowManagerShell(  888):  try handler com.android.wm.shell.transition.DefaultTransitionHandler@97498ed
06-27 02:30:00.522 V/WindowManagerShell(  888): start default transition animation, info = {id=31 t=OPEN f=0x0 trk=0 r=[0@Point(0, 0)] c=[{WCT{android.window.IWindowContainerToken$Stub$Proxy@bad9329} m=OPEN f=NONE leash=Surface(name=Task=12)/@0x753662 sb=Rect(0, 0 - 1080, 2400) eb=Rect(0, 0 - 1080, 2400) d=0},{WCT{android.window.IWindowContainerToken$Stub$Proxy@67456ae} m=TO_BACK f=SHOW_WALLPAPER leash=Surface(name=Task=1)/@0xa4633f3 sb=Rect(0, 0 - 1080, 2400) eb=Rect(0, 0 - 1080, 2400) d=0}]}
06-27 02:30:00.522 V/WindowManagerShell(  888): loadAnimation: anim=android.view.animation.AnimationSet@bd44fdc animAttr=0x13 type=OPEN isEntrance=false
06-27 02:30:00.523 V/WindowManagerShell(  888): loadAnimation: anim=android.view.animation.AnimationSet@a448dc8 animAttr=0x12 type=OPEN isEntrance=true
06-27 02:30:00.523 V/WindowManagerShell(  888):  animated by com.android.wm.shell.transition.DefaultTransitionHandler@97498ed
06-27 02:30:00.531 I/adbd    (  412): jdwp connection from 7572
06-27 02:30:00.566 D/CompatibilityChangeReporter( 7572): Compat change id reported: 171979766; UID 10195; state: ENABLED
06-27 02:30:00.566 D/CompatibilityChangeReporter( 7572): Compat change id reported: 242716250; UID 10195; state: ENABLED
06-27 02:30:00.566 I/AssistantForeground( 1707): (REDACTED) Get launcher package: %s
06-27 02:30:00.572 D/CompatibilityChangeReporter(  538): Compat change id reported: 170503758; UID 10195; state: ENABLED
06-27 02:30:00.574 D/ApplicationLoaders( 7572): Returning zygote-cached class loader: /system_ext/framework/androidx.window.extensions.jar
06-27 02:30:00.574 D/ApplicationLoaders( 7572): Returning zygote-cached class loader: /system_ext/framework/androidx.window.sidecar.jar
06-27 02:30:00.575 W/ziparchive( 7572): Unable to open '/data/app/~~KoqjEY0VQYyRfeYXjdoHTQ==/org.adaway-sW-qQgA8G6Rq3BjIxNL9Qw==/base.dm': No such file or directory
06-27 02:30:00.575 W/ziparchive( 7572): Unable to open '/data/app/~~KoqjEY0VQYyRfeYXjdoHTQ==/org.adaway-sW-qQgA8G6Rq3BjIxNL9Qw==/base.dm': No such file or directory
06-27 02:30:00.682 D/nativeloader( 7572): Configuring clns-6 for other apk /data/app/~~KoqjEY0VQYyRfeYXjdoHTQ==/org.adaway-sW-qQgA8G6Rq3BjIxNL9Qw==/base.apk. target_sdk_version=34, uses_libraries=, library_path=/data/app/~~KoqjEY0VQYyRfeYXjdoHTQ==/org.adaway-sW-qQgA8G6Rq3BjIxNL9Qw==/lib/arm64:/data/app/~~KoqjEY0VQYyRfeYXjdoHTQ==/org.adaway-sW-qQgA8G6Rq3BjIxNL9Qw==/base.apk!/lib/arm64-v8a, permitted_path=/data:/mnt/expand:/data/user/0/org.adaway
06-27 02:30:00.690 V/GraphicsEnvironment( 7572): Currently set values for:
06-27 02:30:00.690 V/GraphicsEnvironment( 7572):   angle_gl_driver_selection_pkgs=[]
06-27 02:30:00.690 V/GraphicsEnvironment( 7572):   angle_gl_driver_selection_values=[]
06-27 02:30:00.691 V/GraphicsEnvironment( 7572): ANGLE GameManagerService for org.adaway: false
06-27 02:30:00.692 V/GraphicsEnvironment( 7572): org.adaway is not listed in per-application setting
06-27 02:30:00.692 V/GraphicsEnvironment( 7572): Neither updatable production driver nor prerelease driver is supported.
06-27 02:30:00.696 W/org.adaway( 7572): Accessing hidden method Landroid/app/ActivityManager;->getHistoricalProcessStartReasons(I)Ljava/util/List; (blocked, linking, denied)
06-27 02:30:00.696 W/org.adaway( 7572): Accessing hidden method Landroid/app/ApplicationStartInfo;->getStartupState()I (blocked, linking, denied)
06-27 02:30:00.696 W/org.adaway( 7572): Accessing hidden method Landroid/app/ApplicationStartInfo;->getStartType()I (blocked, linking, denied)
06-27 02:30:00.701 D/Sentry  ( 7572): io.sentry.auto-init read: false
06-27 02:30:00.702 D/WM-WrkMgrInitializer( 7572): Initializing WorkManager with default configuration.
06-27 02:30:00.713 D/PackageManager(  538): Instant App installer not found with android.intent.action.INSTALL_INSTANT_APP_PACKAGE
06-27 02:30:00.713 D/PackageManager(  538): Clear ephemeral installer activity
06-27 02:30:00.713 D/WM-PackageManagerHelper( 7572): androidx.work.impl.background.systemjob.SystemJobService enabled
06-27 02:30:00.713 D/WM-Schedulers( 7572): Created SystemJobScheduler and enabled SystemJobService
06-27 02:30:00.734 D/CompatibilityChangeReporter( 7572): Compat change id reported: 160794467; UID 10195; state: ENABLED
06-27 02:30:00.751 D/PackageManager(  538): Instant App installer not found with android.intent.action.INSTALL_INSTANT_APP_PACKAGE
06-27 02:30:00.751 D/PackageManager(  538): Clear ephemeral installer activity
06-27 02:30:00.754 D/CompatibilityChangeReporter( 7572): Compat change id reported: 194532703; UID 10195; state: ENABLED
06-27 02:30:00.755 D/CompatibilityChangeReporter( 7572): Compat change id reported: 253665015; UID 10195; state: ENABLED
06-27 02:30:00.756 D/CompatibilityChangeReporter(  538): Compat change id reported: 271850009; UID 10195; state: ENABLED
06-27 02:30:00.756 D/CompatibilityChangeReporter(  538): Compat change id reported: 253665015; UID 10195; state: ENABLED
06-27 02:30:00.756 D/CompatibilityChangeReporter(  538): Compat change id reported: 194532703; UID 10195; state: ENABLED
06-27 02:30:00.756 D/ConnectivityService(  538): requestNetwork for uid/pid:1000/538 asUid: 10195 activeRequest: null callbackRequest: 184 [NetworkRequest [ REQUEST id=185, [ Capabilities: INTERNET&NOT_RESTRICTED&TRUSTED&NOT_VCN_MANAGED Uid: 10195 RequestorUid: 1000 RequestorPkg: android UnderlyingNetworks: Null] ]] callback flags: 0 order: 2147483647
06-27 02:30:00.757 D/ConnectivityService(  538): NetReassign [185 : null → 100] [c 0] [a 0] [i 0]
06-27 02:30:00.757 D/WifiNetworkFactory(  538): got request NetworkRequest [ REQUEST id=185, [ Capabilities: INTERNET&NOT_RESTRICTED&TRUSTED&NOT_VCN_MANAGED Uid: 10195 RequestorUid: 1000 RequestorPkg: android UnderlyingNetworks: Null] ]
06-27 02:30:00.757 D/UntrustedWifiNetworkFactory(  538): got request NetworkRequest [ REQUEST id=185, [ Capabilities: INTERNET&NOT_RESTRICTED&TRUSTED&NOT_VCN_MANAGED Uid: 10195 RequestorUid: 1000 RequestorPkg: android UnderlyingNetworks: Null] ]
06-27 02:30:00.757 D/OemPaidWifiNetworkFactory(  538): got request NetworkRequest [ REQUEST id=185, [ Capabilities: INTERNET&NOT_RESTRICTED&TRUSTED&NOT_VCN_MANAGED Uid: 10195 RequestorUid: 1000 RequestorPkg: android UnderlyingNetworks: Null] ]
06-27 02:30:00.757 D/MultiInternetWifiNetworkFactory(  538): got request NetworkRequest [ REQUEST id=185, [ Capabilities: INTERNET&NOT_RESTRICTED&TRUSTED&NOT_VCN_MANAGED Uid: 10195 RequestorUid: 1000 RequestorPkg: android UnderlyingNetworks: Null] ]
06-27 02:30:00.759 I/ActivityManager(  538): Flag disabled. Ignoring finishAttachApplication from uid: 10195. pid: 7572
06-27 02:30:00.763 D/libEGL  ( 7572): loaded /vendor/lib64/egl/libEGL_emulation.so
06-27 02:30:00.764 D/libEGL  ( 7572): loaded /vendor/lib64/egl/libGLESv1_CM_emulation.so
06-27 02:30:00.765 D/libEGL  ( 7572): loaded /vendor/lib64/egl/libGLESv2_emulation.so
06-27 02:30:00.773 D/AppCompatDelegate( 7572): Checking for metadata for AppLocalesMetadataHolderService : Service not found
06-27 02:30:00.773 I/GsaVoiceInteractionSrv( 1707): (REDACTED) O received %s
06-27 02:30:00.776 W/A       ( 1707): Failed to notify listeners
06-27 02:30:00.776 W/A       ( 1707): java.util.concurrent.CancellationException
06-27 02:30:00.776 W/A       ( 1707): 	at java.util.concurrent.FutureTask.report(FutureTask.java:121)
06-27 02:30:00.776 W/A       ( 1707): 	at java.util.concurrent.FutureTask.get(FutureTask.java:191)
06-27 02:30:00.776 W/A       ( 1707): 	at com.google.common.w.a.bv.get(PG:1)
06-27 02:30:00.776 W/A       ( 1707): 	at com.google.common.w.a.ee.a(PG:1)
06-27 02:30:00.776 W/A       ( 1707): 	at com.google.common.w.a.cj.r(PG:2)
06-27 02:30:00.776 W/A       ( 1707): 	at com.google.common.w.a.cc.run(PG:4)
06-27 02:30:00.776 W/A       ( 1707): 	at com.google.common.w.a.bg.execute(PG:1)
06-27 02:30:00.776 W/A       ( 1707): 	at com.google.common.w.a.bj.c(PG:1)
06-27 02:30:00.776 W/A       ( 1707): 	at com.google.common.w.a.bj.b(PG:3)
06-27 02:30:00.776 W/A       ( 1707): 	at com.google.common.w.a.cy.done(PG:1)
06-27 02:30:00.776 W/A       ( 1707): 	at java.util.concurrent.FutureTask.finishCompletion(FutureTask.java:381)
06-27 02:30:00.776 W/A       ( 1707): 	at java.util.concurrent.FutureTask.cancel(FutureTask.java:179)
06-27 02:30:00.776 W/A       ( 1707): 	at com.google.common.w.a.bv.cancel(PG:1)
06-27 02:30:00.776 W/A       ( 1707): 	at com.google.android.libraries.search.assistant.fulfillment.server.l.o.run(PG:1)
06-27 02:30:00.776 W/A       ( 1707): 	at com.google.apps.tiktok.tracing.er.run(PG:1)
06-27 02:30:00.776 W/A       ( 1707): 	at java.util.concurrent.Executors$RunnableAdapter.call(Executors.java:487)
06-27 02:30:00.776 W/A       ( 1707): 	at com.google.common.w.a.eb.a(PG:1)
06-27 02:30:00.776 W/A       ( 1707): 	at com.google.common.w.a.cw.run(PG:4)
06-27 02:30:00.776 W/A       ( 1707): 	at com.google.common.w.a.ec.run(PG:1)
06-27 02:30:00.776 W/A       ( 1707): 	at com.google.android.libraries.i.z.run(PG:1)
06-27 02:30:00.776 W/A       ( 1707): 	at java.util.concurrent.ThreadPoolExecutor.runWorker(ThreadPoolExecutor.java:1145)
06-27 02:30:00.776 W/A       ( 1707): 	at java.util.concurrent.ThreadPoolExecutor$Worker.run(ThreadPoolExecutor.java:644)
06-27 02:30:00.776 W/A       ( 1707): 	at com.google.android.libraries.i.h.run(PG:2)
06-27 02:30:00.776 W/A       ( 1707): 	at java.lang.Thread.run(Thread.java:1012)
06-27 02:30:00.776 W/A       ( 1707): 	at com.google.android.libraries.i.ai.run(PG:5)
06-27 02:30:00.778 D/ControlsListingControllerImpl(  888): ServiceConfig reloaded, count: 0
06-27 02:30:00.779 D/ControlsListingControllerImpl(  888): ServiceConfig reloaded, count: 0
06-27 02:30:00.787 I/ActivityThread( 7572): Schedule relaunch activity: org.adaway.ui.home.HomeActivity
06-27 02:30:00.789 I/HomeActivity( 7572): HomeActivity: starting nav shell
06-27 02:30:00.793 I/Fitness ( 5242): OnPackageChangedOperation got intent: Intent { act=android.intent.action.PACKAGE_CHANGED dat=package: flg=0x5000010 pkg=com.google.android.gms cmp=com.google.android.gms/.chimera.PersistentIntentOperationService (has extras) } [CONTEXT service_id=17 ]
06-27 02:30:00.804 D/CompatibilityChangeReporter( 7572): Compat change id reported: 263076149; UID 10195; state: ENABLED
06-27 02:30:00.807 D/CompatibilityChangeReporter(  538): Compat change id reported: 161145287; UID 10195; state: ENABLED
06-27 02:30:00.811 D/ConnectivityService(  538): requestNetwork for uid/pid:10195/7572 activeRequest: null callbackRequest: 186 [NetworkRequest [ REQUEST id=187, [ Capabilities: INTERNET&NOT_RESTRICTED&TRUSTED&NOT_VCN_MANAGED Uid: 10195 RequestorUid: 10195 RequestorPkg: org.adaway UnderlyingNetworks: Null] ]] callback flags: 0 order: 2147483647
06-27 02:30:00.812 D/ConnectivityService(  538): NetReassign [187 : null → 100] [c 0] [a 0] [i 0]
06-27 02:30:00.813 I/Fitness ( 5242): FitCleanupIntentOperation received Intent android.intent.action.PACKAGE_CHANGED [CONTEXT service_id=17 ]
06-27 02:30:00.814 D/CompatibilityChangeReporter( 7572): Compat change id reported: 210923482; UID 10195; state: ENABLED
06-27 02:30:00.816 D/WifiNetworkFactory(  538): got request NetworkRequest [ REQUEST id=187, [ Capabilities: INTERNET&NOT_RESTRICTED&TRUSTED&NOT_VCN_MANAGED Uid: 10195 RequestorUid: 10195 RequestorPkg: org.adaway UnderlyingNetworks: Null] ]
06-27 02:30:00.816 D/UntrustedWifiNetworkFactory(  538): got request NetworkRequest [ REQUEST id=187, [ Capabilities: INTERNET&NOT_RESTRICTED&TRUSTED&NOT_VCN_MANAGED Uid: 10195 RequestorUid: 10195 RequestorPkg: org.adaway UnderlyingNetworks: Null] ]
06-27 02:30:00.816 D/OemPaidWifiNetworkFactory(  538): got request NetworkRequest [ REQUEST id=187, [ Capabilities: INTERNET&NOT_RESTRICTED&TRUSTED&NOT_VCN_MANAGED Uid: 10195 RequestorUid: 10195 RequestorPkg: org.adaway UnderlyingNetworks: Null] ]
06-27 02:30:00.816 D/MultiInternetWifiNetworkFactory(  538): got request NetworkRequest [ REQUEST id=187, [ Capabilities: INTERNET&NOT_RESTRICTED&TRUSTED&NOT_VCN_MANAGED Uid: 10195 RequestorUid: 10195 RequestorPkg: org.adaway UnderlyingNetworks: Null] ]
06-27 02:30:00.818 V/WindowManagerShell(  888): Transition animation finished (aborted=false), notifying core (#31)android.os.BinderProxy@7e67c5a@0
06-27 02:30:00.818 D/CompatibilityChangeReporter(  538): Compat change id reported: 161252188; UID 10195; state: DISABLED
06-27 02:30:00.819 V/WindowManager(  538): Finish Transition #31: created at 06-27 02:30:00.461 collect-started=0.009ms request-sent=2.326ms started=3.473ms ready=55.918ms sent=60.194ms finished=357.91ms
06-27 02:30:00.820 V/WindowManagerShell(  888): Track 0 became idle
06-27 02:30:00.820 V/WindowManagerShell(  888): All active transition animations finished
06-27 02:30:00.821 I/ProximityAuth( 5242): [RecentAppsMediator] Package added: (user=UserHandle{0}) org.adaway
06-27 02:30:00.823 W/GCM     ( 5242): Unexpected forwarded intent: Intent { act=android.intent.action.PACKAGE_ADDED dat=package: flg=0x4000010 pkg=com.google.android.gms cmp=com.google.android.gms/.chimera.PersistentIntentOperationService (has extras) }
06-27 02:30:00.826 W/GCM     ( 5242): Unexpected forwarded intent: Intent { act=android.intent.action.PACKAGE_ADDED dat=package: flg=0x4000010 pkg=com.google.android.gms cmp=com.google.android.gms/.chimera.PersistentIntentOperationService (has extras) }
06-27 02:30:00.828 I/Auth    ( 5339): [SupervisedAccountIntentOperation] onHandleIntent(): android.intent.action.PACKAGE_ADDED
06-27 02:30:00.829 I/BlockstoreStorage( 5339): Clearing Blockstore Data for package org.adaway [CONTEXT service_id=258 ]
06-27 02:30:00.829 I/BlockstoreStorage( 5339): Keyless data not found or its IsLastInstallationData = false. [CONTEXT service_id=258 ]
06-27 02:30:00.830 I/Dck     ( 5339): doesDeviceHaveSupportedWirelessCapabilities: wccSysProp:0, wccMendel:3, deviceWccOverride:false [CONTEXT service_id=289 ]
06-27 02:30:00.830 I/Dck     ( 5339): isDckModuleEligible: isAtLeastR:true, hasWccSupport:false, downloadAllowed:false [CONTEXT service_id=289 ]
06-27 02:30:00.830 W/Dck     ( 5339): Dck module not eligible for asynchronous downloading [CONTEXT service_id=289 ]
06-27 02:30:00.831 W/ChimeraUtils( 5242): Module com.google.android.gms.nearby_en missing resource null(0)
06-27 02:30:00.833 I/Fitness ( 5242): OnPackageChangedOperation got intent: Intent { act=android.intent.action.PACKAGE_CHANGED dat=package: flg=0x5000010 pkg=com.google.android.gms cmp=com.google.android.gms/.chimera.PersistentIntentOperationService (has extras) } [CONTEXT service_id=17 ]
06-27 02:30:00.844 W/org.adaway( 7572): Accessing hidden method Landroid/view/ViewGroup;->makeOptionalFitsSystemWindows()V (unsupported, reflection, allowed)
06-27 02:30:00.847 D/BoundBrokerSvc( 5339): onBind: Intent { act=com.google.android.gms.common.BIND_SHARED_PREFS pkg=com.google.android.gms }
06-27 02:30:00.847 D/BoundBrokerSvc( 5339): Loading bound service for intent: Intent { act=com.google.android.gms.common.BIND_SHARED_PREFS pkg=com.google.android.gms }
06-27 02:30:00.849 I/Fitness ( 5242): FitCleanupIntentOperation received Intent android.intent.action.PACKAGE_CHANGED [CONTEXT service_id=17 ]
06-27 02:30:00.850 W/ChimeraUtils( 5242): Module com.google.android.gms.nearby_en missing resource null(0)
06-27 02:30:00.853 D/BoundBrokerSvc( 5339): onUnbind: Intent { act=com.google.android.gms.common.BIND_SHARED_PREFS pkg=com.google.android.gms }
06-27 02:30:00.855 D/CompatibilityChangeReporter( 7572): Compat change id reported: 171228096; UID 10195; state: ENABLED
06-27 02:30:00.863 I/ActivityManager(  538): Background started FGS: Allowed [callingPackage: com.google.android.apps.wellbeing; callingUid: 10120; uidState: BTOP; uidBFSL: [BFSL]; intent: Intent { cmp=com.google.android.apps.wellbeing/com.google.apps.tiktok.concurrent.InternalForegroundService (has extras) }; code:BACKGROUND_ACTIVITY_PERMISSION; tempAllowListReason:<null>; targetSdkVersion:33; callerTargetSdkVersion:33; startForegroundCount:0; bindFromPackage:null: isBindService:false]
06-27 02:30:00.864 W/ChimeraUtils( 5242): Module com.google.android.gms.nearby_en missing resource null(0)
06-27 02:30:00.864 W/ChimeraUtils( 5242): Module com.google.android.gms.nearby_en missing resource null(0)
06-27 02:30:00.865 D/CompatibilityChangeReporter(  538): Compat change id reported: 170668199; UID 10120; state: ENABLED
06-27 02:30:00.865 D/CompatibilityChangeReporter(  538): Compat change id reported: 255038118; UID 10120; state: DISABLED
06-27 02:30:00.865 D/CompatibilityChangeReporter(  538): Compat change id reported: 255042465; UID 10120; state: DISABLED
06-27 02:30:00.873 W/ChimeraUtils( 5242): Module com.google.android.gms.nearby_en missing resource null(0)
06-27 02:30:00.874 W/ChimeraUtils( 5242): Module com.google.android.gms.nearby_en missing resource null(0)
06-27 02:30:00.886 I/Icing   ( 5339): Indexing com.google.android.gms-apps from com.google.android.gms
06-27 02:30:00.888 I/Icing   ( 5339): Indexing done com.google.android.gms-apps
06-27 02:30:00.888 I/Icing   ( 5339): Indexing com.google.android.gms-apps from com.google.android.gms
06-27 02:30:00.888 I/Icing   ( 5339): Indexing done com.google.android.gms-apps
06-27 02:30:00.924 I/ActivityThread( 7572): Schedule relaunch activity: org.adaway.ui.home.HomeActivity
06-27 02:30:00.927 V/SplashScreenExceptionList(  538): SplashScreen checking exception for package org.adaway (target sdk:34) -> false
06-27 02:30:00.927 V/WindowManagerShell(  888): Transition requested: android.os.BinderProxy@51d4de0 TransitionRequestInfo { type = OPEN, triggerTask = TaskInfo{userId=0 taskId=12 displayId=0 isRunning=true baseIntent=Intent { act=android.intent.action.MAIN cat=[android.intent.category.LAUNCHER] flg=0x10000000 cmp=org.adaway/.ui.home.HomeActivity } baseActivity=ComponentInfo{org.adaway/org.adaway.ui.onboarding.OnboardingActivity} topActivity=ComponentInfo{org.adaway/org.adaway.ui.onboarding.OnboardingActivity} origActivity=null realActivity=ComponentInfo{org.adaway/org.adaway.ui.home.HomeActivity} numActivities=1 lastActiveTime=715456 supportsMultiWindow=true resizeMode=1 isResizeable=true minWidth=-1 minHeight=-1 defaultMinSize=220 token=WCT{android.window.IWindowContainerToken$Stub$Proxy@6749899} topActivityType=1 pictureInPictureParams=null shouldDockBigOverlays=false launchIntoPipHostTaskId=-1 lastParentTaskIdBeforePip=-1 displayCutoutSafeInsets=Rect(0, 128 - 0, 0) topActivityInfo=ActivityInfo{579c75e org.adaway.ui.onboarding.OnboardingActivity} launchCookies=[] positionInParent=Point(0, 0) parentTaskId=-1 isFocused=true isVisible=true isVisibleRequested=true isSleeping=false topActivityInSizeCompat=false topActivityEligibleForLetterboxEducation= false topActivityLetterboxed= false isFromDoubleTap= false topActivityLetterboxVerticalPosition= -1 topActivityLetterboxHorizontalPosition= -1 topActivityLetterboxWidth=-1 topActivityLetterboxHeight=-1 locusId=null displayAreaFeatureId=1 cameraCompatControlState=hidden}, remoteTransition = null, displayChange = null }
06-27 02:30:00.928 I/ActivityTaskManager(  538): START u0 {flg=0x10008000 cmp=org.adaway/.ui.onboarding.OnboardingActivity} with LAUNCH_MULTIPLE from uid 10195 (BAL_ALLOW_VISIBLE_WINDOW) result code=0
06-27 02:30:00.928 W/ActivityTaskManager(  538): Duplicate finish request for r=ActivityRecord{90c4e0d u0 org.adaway/.ui.home.HomeActivity t12 f}}
06-27 02:30:00.942 I/HomeActivity( 7572): HomeActivity: starting nav shell
06-27 02:30:00.951 I/BpBinder(  394): onLastStrongRef automatically unlinking death recipients: 
06-27 02:30:01.007 V/SplashScreenExceptionList(  538): SplashScreen checking exception for package org.adaway (target sdk:34) -> false
06-27 02:30:01.008 I/ActivityTaskManager(  538): START u0 {flg=0x10008000 cmp=org.adaway/.ui.onboarding.OnboardingActivity} with LAUNCH_MULTIPLE from uid 10195 (BAL_ALLOW_VISIBLE_WINDOW) result code=0
06-27 02:30:01.008 W/ActivityTaskManager(  538): Duplicate finish request for r=ActivityRecord{90c4e0d u0 org.adaway/.ui.home.HomeActivity t12 f}}
06-27 02:30:01.008 W/UsageStatsService(  538): Unexpected activity event reported! (org.adaway/org.adaway.ui.onboarding.OnboardingActivity event : 23 instanceId : 192594462)
06-27 02:30:01.012 V/WindowManager(  538): Sent Transition #32 createdAt=06-27 02:30:00.926 via request=TransitionRequestInfo { type = OPEN, triggerTask = TaskInfo{userId=0 taskId=12 displayId=0 isRunning=true baseIntent=Intent { act=android.intent.action.MAIN cat=[android.intent.category.LAUNCHER] flg=0x10000000 cmp=org.adaway/.ui.home.HomeActivity } baseActivity=ComponentInfo{org.adaway/org.adaway.ui.onboarding.OnboardingActivity} topActivity=ComponentInfo{org.adaway/org.adaway.ui.onboarding.OnboardingActivity} origActivity=null realActivity=ComponentInfo{org.adaway/org.adaway.ui.home.HomeActivity} numActivities=1 lastActiveTime=715456 supportsMultiWindow=true resizeMode=1 isResizeable=true minWidth=-1 minHeight=-1 defaultMinSize=220 token=WCT{RemoteToken{847beff Task{51361c2 #12 type=standard A=10195:org.adaway}}} topActivityType=1 pictureInPictureParams=null shouldDockBigOverlays=false launchIntoPipHostTaskId=-1 lastParentTaskIdBeforePip=-1 displayCutoutSafeInsets=Rect(0, 128 - 0, 0) topActivityInfo=ActivityInfo{61b5d64 org.adaway.ui.onboarding.OnboardingActivity} launchCookies=[] positionInParent=Point(0, 0) parentTaskId=-1 isFocused=true isVisible=true isVisibleRequested=true isSleeping=false topActivityInSizeCompat=false topActivityEligibleForLetterboxEducation= false topActivityLetterboxed= false isFromDoubleTap= false topActivityLetterboxVerticalPosition= -1 topActivityLetterboxHorizontalPosition= -1 topActivityLetterboxWidth=-1 topActivityLetterboxHeight=-1 locusId=null displayAreaFeatureId=1 cameraCompatControlState=hidden}, remoteTransition = null, displayChange = null }
06-27 02:30:01.012 V/WindowManager(  538):     startWCT=WindowContainerTransaction { changes = {} hops = [] errorCallbackToken=null taskFragmentOrganizer=null }
06-27 02:30:01.012 V/WindowManager(  538):     info={id=32 t=OPEN f=0x0 trk=0 r=[0@Point(0, 0)] c=[{null m=OPEN f=STARTING_WINDOW_TRANSFER|FILLS_TASK|IS_BEHIND_STARTING_WINDOW leash=Surface(name=ActivityRecord{f61481b u0 org.adaway/.ui.onboarding.OnboardingActivity)/@0xceef6f6 sb=Rect(0, 0 - 0, 0) eb=Rect(0, 0 - 1080, 2400) d=-1->0 r=-1->0:-1},{null m=CLOSE f=FILLS_TASK|IS_BEHIND_STARTING_WINDOW leash=Surface(name=ActivityRecord{90c4e0d u0 org.adaway/.ui.home.HomeActivity)/@0xf38e791 sb=Rect(0, 0 - 1080, 2400) eb=Rect(0, 0 - 1080, 2400) d=0}]}
06-27 02:30:01.012 V/WindowManagerShell(  888): onTransitionReady android.os.BinderProxy@51d4de0: {id=32 t=OPEN f=0x0 trk=0 r=[0@Point(0, 0)] c=[{null m=OPEN f=STARTING_WINDOW_TRANSFER|FILLS_TASK|IS_BEHIND_STARTING_WINDOW leash=Surface(name=ActivityRecord{f61481b u0 org.adaway/.ui.onboarding.OnboardingActivity)/@0xd96fb6a sb=Rect(0, 0 - 0, 0) eb=Rect(0, 0 - 1080, 2400) d=-1->0 r=-1->0:-1},{null m=CLOSE f=FILLS_TASK|IS_BEHIND_STARTING_WINDOW leash=Surface(name=ActivityRecord{90c4e0d u0 org.adaway/.ui.home.HomeActivity)/@0x7df885b sb=Rect(0, 0 - 1080, 2400) eb=Rect(0, 0 - 1080, 2400) d=0}]}
06-27 02:30:01.012 V/WindowManagerShell(  888): Non-visible anim so abort: (#32)android.os.BinderProxy@51d4de0@0
06-27 02:30:01.012 V/WindowManagerShell(  888): Transition animation finished (aborted=true), notifying core (#32)android.os.BinderProxy@51d4de0@0
06-27 02:30:01.013 I/ApkUpdateService$ApkUpdateWorker( 7572): Starting update worker
06-27 02:30:01.013 V/WindowManager(  538): Finish Transition #32: created at 06-27 02:30:00.926 collect-started=0.008ms request-sent=1.449ms started=2.024ms ready=85.513ms sent=86.174ms finished=87.057ms
06-27 02:30:01.013 I/WM-WorkerWrapper( 7572): Worker result SUCCESS for Work [ id=670102cc-a18b-42e5-8d0f-1a43ee294620, tags={ org.adaway.model.update.ApkUpdateService$ApkUpdateWorker } ]
06-27 02:30:01.013 V/WindowManagerShell(  888): Track 0 became idle
06-27 02:30:01.014 V/WindowManagerShell(  888): All active transition animations finished
06-27 02:30:01.027 I/WM-WorkerWrapper( 7572): Worker result SUCCESS for Work [ id=8d7ff1cc-1f2e-4e12-8eaf-1868e5d86194, tags={ org.adaway.ui.hosts.FilterSetUpdateWorker } ]
06-27 02:30:01.037 W/WindowOnBackDispatcher(  888): sendCancelIfRunning: isInProgress=falsecallback=android.view.ViewRootImpl$$ExternalSyntheticLambda17@467f6f1
06-27 02:30:01.037 W/InputManager-JNI(  538): Input channel object 'ecdd6ed Splash Screen org.adaway (client)' was disposed without first being removed with the input manager!
06-27 02:30:01.038 W/WindowManager(  538): Failed looking up window session=Session{e0f732a 888:u0a10169} callers=com.android.server.wm.WindowManagerService.windowForClientLocked:6034 com.android.server.wm.Session.setOnBackInvokedCallbackInfo:944 android.view.IWindowSession$Stub.onTransact:1145 
06-27 02:30:01.038 I/WindowManager(  538): setOnBackInvokedCallback(): No window state for package:com.android.systemui
06-27 02:30:01.039 D/CompatibilityChangeReporter( 7572): Compat change id reported: 237531167; UID 10195; state: DISABLED
06-27 02:30:01.040 W/OpenGLRenderer( 7572): Unknown dataspace 0
06-27 02:30:01.047 D/CoreBackPreview(  538): Window{e31a1ef u0 org.adaway/org.adaway.ui.onboarding.OnboardingActivity}: Setting back callback OnBackInvokedCallbackInfo{mCallback=android.window.IOnBackInvokedCallback$Stub$Proxy@8df4785, mPriority=0, mIsAnimationCallback=false}
06-27 02:30:01.055 W/ServiceManagerCppClient(  394): Permission failure: android.permission.ROTATE_SURFACE_FLINGER from uid=10195 pid=7572
06-27 02:30:01.055 D/PermissionCache(  394): checking android.permission.ROTATE_SURFACE_FLINGER for uid=10195 => denied (118 us)
06-27 02:30:01.055 W/ServiceManagerCppClient(  394): Permission failure: android.permission.INTERNAL_SYSTEM_WINDOW from uid=10195 pid=7572
06-27 02:30:01.055 D/PermissionCache(  394): checking android.permission.INTERNAL_SYSTEM_WINDOW for uid=10195 => denied (134 us)
06-27 02:30:01.055 W/ServiceManagerCppClient(  394): Permission failure: android.permission.ACCESS_SURFACE_FLINGER from uid=10195 pid=7572
06-27 02:30:01.055 D/PermissionCache(  394): checking android.permission.ACCESS_SURFACE_FLINGER for uid=10195 => denied (231 us)
06-27 02:30:01.059 W/OpenGLRenderer( 7572): Failed to choose config with EGL_SWAP_BEHAVIOR_PRESERVED, retrying without...
06-27 02:30:01.059 W/OpenGLRenderer( 7572): Failed to initialize 101010-2 format, error = EGL_SUCCESS
06-27 02:30:01.068 I/hwservicemanager(  159): getTransport: Cannot find entry android.hardware.graphics.mapper@4.0::IMapper/default in either framework or device VINTF manifest.
06-27 02:30:01.068 I/Gralloc4( 7572): mapper 4.x is not supported
--------- beginning of kernel
06-27 02:30:01.071 I/servicemanager(  158): Could not find android.hardware.graphics.allocator.IAllocator/default in the VINTF manifest.
06-27 02:30:01.071 E/OpenGLRenderer( 7572): Unable to match the desired swap behavior.
06-27 02:30:01.092 W/ServiceManagerCppClient(  538): Permission failure: android.permission.ROTATE_SURFACE_FLINGER from uid=10195 pid=0
06-27 02:30:01.092 D/PermissionCache(  538): checking android.permission.ROTATE_SURFACE_FLINGER for uid=10195 => denied (75 us)
06-27 02:30:01.092 W/ServiceManagerCppClient(  538): Permission failure: android.permission.INTERNAL_SYSTEM_WINDOW from uid=10195 pid=0
06-27 02:30:01.092 D/PermissionCache(  538): checking android.permission.INTERNAL_SYSTEM_WINDOW for uid=10195 => denied (6 us)
06-27 02:30:01.092 W/ServiceManagerCppClient(  538): Permission failure: android.permission.ACCESS_SURFACE_FLINGER from uid=10195 pid=0
06-27 02:30:01.092 D/PermissionCache(  538): checking android.permission.ACCESS_SURFACE_FLINGER for uid=10195 => denied (3 us)
06-27 02:30:01.096 I/ImeTracker( 1163): com.google.android.apps.nexuslauncher:115398dd: onRequestHide at ORIGIN_CLIENT_HIDE_SOFT_INPUT reason HIDE_SOFT_INPUT
06-27 02:30:01.096 D/OneSearchSuggestProvider( 1163): Shut down the binder channel
06-27 02:30:01.096 I/IPCThreadState( 1163): oneway function results for code 2 on binder at 0xb4000077a027d960 will be dropped but finished with status UNKNOWN_TRANSACTION
06-27 02:30:01.096 I/ImeTracker(  538): com.google.android.apps.nexuslauncher:115398dd: onCancelled at PHASE_SERVER_SHOULD_HIDE
06-27 02:30:01.097 I/PBSessionCacheImpl( 1772): (REDACTED) Deleted sessionId[%d] from persistence.
06-27 02:30:01.099 I/A       ( 1772): getLocaleToModelSpecsMap
06-27 02:30:01.099 I/A       ( 1772): getLocaleToModelSpecsMap
06-27 02:30:01.099 W/SearchServiceCore( 1772): Abort, client detached.
06-27 02:30:01.100 I/A       ( 1772): getLocaleToModelSpecsMap
06-27 02:30:01.100 I/A       ( 1772): getLocaleToModelSpecsMap
06-27 02:30:01.101 W/JobScheduler(  538): Job didn't exist in JobStore: 989ab85 #u0a195/1 org.adaway/androidx.work.impl.background.systemjob.SystemJobService
06-27 02:30:01.103 W/JobScheduler(  538): Job didn't exist in JobStore: 116c63d #u0a195/2 org.adaway/androidx.work.impl.background.systemjob.SystemJobService
06-27 02:30:01.103 I/MicroDetectionState( 1772): (REDACTED) #takeChangeMicroDetectorMode [mIsBargeInEnabled: %b, mCurrentDetectionMode: %s, isHdmEnabled: %b]
06-27 02:30:01.103 I/MicroDetectionState( 1772): (REDACTED) Should stop hotword detection immediately - %b
06-27 02:30:01.104 D/BtGatt.ScanManager( 1090): uid 10129 isForeground true scanMode -1
06-27 02:30:01.104 D/BtGatt.ScanManager( 1090): uid 10129 isForeground true scanMode -1
06-27 02:30:01.105 I/AssistantForeground( 1707): (REDACTED) Get launcher package: %s
06-27 02:30:01.110 D/CompatibilityChangeReporter(  538): Compat change id reported: 214016041; UID 10195; state: ENABLED
06-27 02:30:01.110 I/ImeTracker(  538): org.adaway:3605923f: onRequestHide at ORIGIN_SERVER_HIDE_INPUT reason HIDE_UNSPECIFIED_WINDOW
06-27 02:30:01.110 I/ImeTracker(  538): org.adaway:3605923f: onCancelled at PHASE_SERVER_SHOULD_HIDE
06-27 02:30:01.111 I/GoogleInputMethodService( 1563): GoogleInputMethodService.onFinishInput():3227 
06-27 02:30:01.112 I/GoogleInputMethodService( 1563): GoogleInputMethodService.updateDeviceLockedStatus():2087 repeatCheckTimes = 0, unlocked = true
06-27 02:30:01.112 I/GoogleInputMethodService( 1563): GoogleInputMethodService.onStartInput():1877 onStartInput(EditorInfo{inputType=0x0(NULL) imeOptions=0x0 privateImeOptions=null actionName=UNSPECIFIED actionLabel=null actionId=0 initialSelStart=-1 initialSelEnd=-1 initialCapsMode=0x0 hintText=null label=null packageName=org.adaway fieldId=0 fieldName=null extras=null}, false)
06-27 02:30:01.112 I/GoogleInputMethodService( 1563): GoogleInputMethodService.shouldHideHeaderOnInitialState():4008 ShouldHideHeaderOnInitialState = false
06-27 02:30:01.112 I/GoogleInputMethodService( 1563): GoogleInputMethodService.updateDeviceLockedStatus():2087 repeatCheckTimes = 2, unlocked = true
06-27 02:30:01.280 I/RoleService(  538): Granting default roles...
06-27 02:30:01.289 E/RoleControllerServiceImpl(  891): Default/fallback role holder package doesn't qualify for the role, package: com.google.android.gms.supervision, role: android.app.role.SYSTEM_SUPERVISION
06-27 02:30:01.290 I/Role    (  891): com.google.android.gms not qualified for android.app.role.SYSTEM_CALL_STREAMING due to missing RequiredComponent{mIntentFilterData=IntentFilterData{mAction='android.telecom.CallStreamingService', mCategories='[]', mDataScheme='null', mDataType='null'}, mMinTargetSdkVersion=1, mFlags='0', mPermission='android.permission.BIND_CALL_STREAMING_SERVICE', mQueryFlags=0, mMetaData=[]}
06-27 02:30:01.290 E/RoleControllerServiceImpl(  891): Default/fallback role holder package doesn't qualify for the role, package: com.google.android.gms, role: android.app.role.SYSTEM_CALL_STREAMING
06-27 02:30:01.290 W/Role    (  891): Default holder doesn't have required signing certificate: com.google.android.apps.work.clouddpc:23962F4B43B9857638EA66F4D419518EAE282491ACDA4B94707BD59003C45E58
06-27 02:30:01.432 D/BtGatt.ScanManager( 1090): uid 10129 isForeground true scanMode -1
06-27 02:30:01.432 D/BtGatt.ScanManager( 1090): uid 10129 isForeground true scanMode -1
06-27 02:30:01.433 I/FontLog ( 5242): Received query Noto Color Emoji Compat, URI content://com.google.android.gms.fonts [CONTEXT service_id=132 ]
06-27 02:30:01.433 I/FontLog ( 5242): Query [emojicompat-emoji-font] resolved to {Noto Color Emoji Compat, wdth 100.0, wght 400, ital 0.0, bestEffort false} [CONTEXT service_id=132 ]
06-27 02:30:01.434 I/FontLog ( 5242): Fetch {Noto Color Emoji Compat, wdth 100.0, wght 400, ital 0.0, bestEffort false} end status Status{statusCode=SUCCESS, resolution=null} [CONTEXT service_id=132 ]
06-27 02:30:01.435 I/FontLog ( 5242): Pulling font file for id = 5, cache size = 3 [CONTEXT service_id=132 ]
06-27 02:30:01.437 I/FontLog ( 5242): Pulling font file for id = 5, cache size = 3 [CONTEXT service_id=132 ]
06-27 02:30:01.719 D/CarrierSvcBindHelper( 1114): onPackageModified: org.adaway
06-27 02:30:01.719 V/MediaPlayerList( 1090): mPackageChangedBroadcastReceiver: action: android.intent.action.PACKAGE_CHANGED
06-27 02:30:01.719 V/MediaPlayerList( 1090): mPackageChangedBroadcastReceiver: action: android.intent.action.PACKAGE_CHANGED
06-27 02:30:01.719 D/CarrierSvcBindHelper( 1114): No carrier app for: 0
06-27 02:30:01.719 I/PermissionControllerServiceImpl(  891): Updating user sensitive for uid 10195
06-27 02:30:01.720 D/ControlsListingControllerImpl(  888): ServiceConfig reloaded, count: 0
06-27 02:30:01.721 I/InputReader(  538): Reconfiguring input devices, changes=KEYBOARD_LAYOUTS
06-27 02:30:01.722 E/system_server(  538): No package ID 7f found for resource ID 0x7f0f0004.
06-27 02:30:01.722 E/system_server(  538): No package ID 7f found for resource ID 0x7f11029e.
06-27 02:30:01.722 E/system_server(  538): No package ID 7f found for resource ID 0x7f11029e.
06-27 02:30:01.722 E/system_server(  538): No package ID 7f found for resource ID 0x7f11029e.
06-27 02:30:01.722 E/system_server(  538): No package ID 7f found for resource ID 0x7f0f0003.
06-27 02:30:01.722 E/system_server(  538): No package ID 7f found for resource ID 0x7f11029d.
06-27 02:30:01.722 E/system_server(  538): No package ID 7f found for resource ID 0x7f11029d.
06-27 02:30:01.722 E/system_server(  538): No package ID 7f found for resource ID 0x7f11029d.
06-27 02:30:01.722 E/system_server(  538): No package ID 7f found for resource ID 0x7f0f0005.
06-27 02:30:01.722 E/system_server(  538): No package ID 7f found for resource ID 0x7f11029f.
06-27 02:30:01.722 E/system_server(  538): No package ID 7f found for resource ID 0x7f11029f.
06-27 02:30:01.722 E/system_server(  538): No package ID 7f found for resource ID 0x7f11029f.
06-27 02:30:01.722 D/ImsResolver( 1114): maybeAddedImsService, packageName: org.adaway
06-27 02:30:01.723 I/AiAiEcho( 1691): AppFetcherImpl onPackageChanged org.adaway.
06-27 02:30:01.724 I/AiAiEcho( 1691): AppIndexer Package:[org.adaway] UserProfile:[0] Enabled:[true].
06-27 02:30:01.724 I/AiAiEcho( 1691): AppFetcherImplV2 updateApps package:[org.adaway], userId:[0], reason:[package is updated.].
06-27 02:30:01.727 D/StylusManager(  888): Stylus InputDevice changed: 13 virtio_input_multi_touch_11
06-27 02:30:01.728 D/StylusManager(  888): Stylus InputDevice changed: 12 virtio_input_multi_touch_10
06-27 02:30:01.728 D/StylusManager(  888): Stylus InputDevice changed: 11 virtio_input_multi_touch_9
06-27 02:30:01.728 D/StylusManager(  888): Stylus InputDevice changed: 9 virtio_input_multi_touch_7
06-27 02:30:01.728 D/StylusManager(  888): Stylus InputDevice changed: 4 virtio_input_multi_touch_2
06-27 02:30:01.729 D/StylusManager(  888): Stylus InputDevice changed: 8 virtio_input_multi_touch_6
06-27 02:30:01.729 D/StylusManager(  888): Stylus InputDevice changed: 3 virtio_input_multi_touch_1
06-27 02:30:01.729 D/StylusManager(  888): Stylus InputDevice changed: 7 virtio_input_multi_touch_5
06-27 02:30:01.729 D/StylusManager(  888): Stylus InputDevice changed: 10 virtio_input_multi_touch_8
06-27 02:30:01.729 D/StylusManager(  888): Stylus InputDevice changed: 6 virtio_input_multi_touch_4
06-27 02:30:01.729 D/StylusManager(  888): Stylus InputDevice changed: 5 virtio_input_multi_touch_3
06-27 02:30:01.755 D/EGL_emulation(  888): app_time_stats: avg=1735.65ms min=1735.65ms max=1735.65ms count=1
06-27 02:30:02.187 D/StatusBarIconController(  888): ignoring old pipeline callbacks, because the new mobile icons are enabled
06-27 02:30:02.221 W/A       ( 1707): Failed to notify listeners
06-27 02:30:02.221 W/A       ( 1707): java.util.concurrent.CancellationException
06-27 02:30:02.221 W/A       ( 1707): 	at java.util.concurrent.FutureTask.report(FutureTask.java:121)
06-27 02:30:02.221 W/A       ( 1707): 	at java.util.concurrent.FutureTask.get(FutureTask.java:191)
06-27 02:30:02.221 W/A       ( 1707): 	at com.google.common.w.a.bv.get(PG:1)
06-27 02:30:02.221 W/A       ( 1707): 	at com.google.common.w.a.ee.a(PG:1)
06-27 02:30:02.221 W/A       ( 1707): 	at com.google.common.w.a.cj.r(PG:2)
06-27 02:30:02.221 W/A       ( 1707): 	at com.google.common.w.a.cc.run(PG:4)
06-27 02:30:02.221 W/A       ( 1707): 	at com.google.common.w.a.bg.execute(PG:1)
06-27 02:30:02.221 W/A       ( 1707): 	at com.google.common.w.a.bj.c(PG:1)
06-27 02:30:02.221 W/A       ( 1707): 	at com.google.common.w.a.bj.b(PG:3)
06-27 02:30:02.221 W/A       ( 1707): 	at com.google.common.w.a.cy.done(PG:1)
