06-27 02:30:10.507 I/AppsFilter(  538): interaction: PackageSetting{e5469c4 org.adaway/10195} -> PackageSetting{f1607a7 com.google.android.apps.restore/10122} BLOCKED
06-27 02:30:10.508 D/VpnService$NetworkTypeCallback( 7572): On available WIFI
06-27 02:30:10.508 D/VpnService( 7572): updateVpnStatus called with status: STARTING
06-27 02:30:10.509 D/VpnService( 7572): Calling startForeground with VPN special-use type
06-27 02:30:10.509 D/VpnService( 7572): startForeground success
06-27 02:30:10.512 D/VpnJni  (  538): Address added on tun0: 192.0.2.1/24
06-27 02:30:10.513 D/Vpn     (  538): setting state=CONNECTING, reason=establish
06-27 02:30:10.513 D/Vpn     (  538): setting state=CONNECTING, reason=agentConnect
06-27 02:30:10.513 D/NetdWrapper(  538): NetdWrapper interface add, iface= tun0
06-27 02:30:10.514 I/ConnectivityService(  538): Update score for net 106 : +IS_UNMETERED+IS_VPN
06-27 02:30:10.514 D/ConnectivityService(  538): registerNetworkAgent NetworkAgentInfo{network{106}  handle{458672230413}  ni{VPN CONNECTING extra: } created=2026-06-26T23:30:10.514Z Score(Policies : IS_UNMETERED&IS_VPN ; KeepConnected : 0)   lp{{InterfaceName: tun0 LinkAddresses: [ 192.0.2.1/24 ] DnsAddresses: [ /192.0.2.2 ] Domains:  MTU: 0 Routes: [ 192.0.2.2/32 -> 0.0.0.0 tun0 mtu 0,1.1.1.1/32 -> 0.0.0.0 tun0 mtu 0,1.0.0.1/32 -> 0.0.0.0 tun0 mtu 0,8.8.8.8/32 -> 0.0.0.0 tun0 mtu 0,8.8.4.4/32 -> 0.0.0.0 tun0 mtu 0,9.9.9.9/32 -> 0.0.0.0 tun0 mtu 0,149.112.112.112/32 -> 0.0.0.0 tun0 mtu 0,208.67.222.222/32 -> 0.0.0.0 tun0 mtu 0,208.67.220.220/32 -> 0.0.0.0 tun0 mtu 0 ]}}  nc{[ Transports: VPN Capabilities: NOT_METERED&INTERNET&NOT_RESTRICTED&TRUSTED&NOT_VCN_MANAGED TransportInfo: <VpnTransportInfo{type=1, sessionId=AdAway, bypassable=false longLivedTcpConnectionsExpensive=false}> Uids: <{0-99999}> OwnerUid: 10195 AdminUids: [10195] UnderlyingNetworks: Null]}  factorySerialNumber=2}
06-27 02:30:10.514 D/Vpn     (  538): setting state=CONNECTED, reason=agentConnect
06-27 02:30:10.514 I/Vpn     (  538): Established by org.adaway on tun0
06-27 02:30:10.514 I/VpnBuilder( 7572): VPN established.
06-27 02:30:10.514 I/netd    (  352): getFwmarkForNetwork(106) -> {MarkMaskParcel{mark: 106, mask: 65535}} <0.00ms>
06-27 02:30:10.514 D/VpnConnectionMonitor( 7572): Initializing connection monitor…
06-27 02:30:10.515 D/VpnConnectionMonitor( 7572): Connection monitor initialized to watch interface tun0.
06-27 02:30:10.515 D/VpnWorker( 7572): doOne: Polling 1 file descriptors.
06-27 02:30:10.515 D/VpnPacketProcessor( 7572): Read a packet from device.
06-27 02:30:10.517 I/HomeActivity( 7572): HomeActivity: starting nav shell
06-27 02:30:10.517 V/WindowManagerShell(  888): loadAnimation: anim=android.view.animation.AnimationSet@8f91522 animAttr=0x4 type=OPEN isEntrance=true
06-27 02:30:10.521 D/ConnectivityService(  538): [106 WIFI|VPN] EVENT_NETWORK_INFO_CHANGED, going from CONNECTING to CONNECTING
06-27 02:30:10.521 I/netd    (  352): networkCreate(NativeNetworkConfig{netId: 106, networkType: VIRTUAL, permission: 0, secure: true, vpnType: SERVICE, excludeLocalRoutes: false}) <0.05ms>
06-27 02:30:10.521 I/netd    (  352): createNetworkCache(106) <0.03ms>
06-27 02:30:10.521 I/netd    (  352): setNetworkAllowlist([NativeUidRangeConfig{netId: 101, uidRanges: [UidRangeParcel{start: 0, stop: 99999}], subPriority: 0}, NativeUidRangeConfig{netId: 100, uidRanges: [UidRangeParcel{start: 0, stop: 99999}], subPriority: 0}, NativeUidRangeConfig{netId: 106, uidRanges: [UidRangeParcel{start: 0, stop: 99999}], subPriority: 0}]) <0.00ms>
06-27 02:30:10.521 D/InetDiagMessage(  538): Destroyed 0 sockets, proto=IPPROTO_TCP, family=AF_INET, states=14
06-27 02:30:10.521 D/InetDiagMessage(  538): Destroyed 1 sockets, proto=IPPROTO_TCP, family=AF_INET6, states=14
06-27 02:30:10.521 D/InetDiagMessage(  538): Destroyed live tcp sockets for uids={[0, 99999]} exemptUids={1016, 10195} in 1ms
06-27 02:30:10.521 I/netd    (  352): networkAddUidRangesParcel(NativeUidRangeConfig{netId: 106, uidRanges: [UidRangeParcel{start: 0, stop: 99999}], subPriority: 0}) <0.00ms>
06-27 02:30:10.522 V/NativeCrypto( 5242): Read error: ssl=0xb400007600238998: I/O error during system call, Software caused connection abort
06-27 02:30:10.522 D/InetDiagMessage(  538): Destroyed 0 sockets, proto=IPPROTO_TCP, family=AF_INET, states=14
06-27 02:30:10.523 D/InetDiagMessage(  538): Destroyed 0 sockets, proto=IPPROTO_TCP, family=AF_INET6, states=14
06-27 02:30:10.524 D/InetDiagMessage(  538): Destroyed live tcp sockets for uids={[0, 99999]} exemptUids={1016, 10195} in 2ms
06-27 02:30:10.524 V/NativeCrypto( 5242): SSL shutdown failed: ssl=0xb400007600238998: I/O error during system call, Broken pipe
06-27 02:30:10.524 E/WakeLock( 5242): GCM_HB_ALARM release without a matched acquire!
06-27 02:30:10.524 W/WakeLock( 5242): GCM_HB_ALARM counter does not exist
06-27 02:30:10.525 D/ConnectivityService(  538): [106 WIFI|VPN] EVENT_NETWORK_INFO_CHANGED, going from CONNECTING to CONNECTED
06-27 02:30:10.525 W/DnsManager(  538): updatePrivateDns(106, PrivateDnsConfig{true:/[]})
06-27 02:30:10.525 D/ConnectivityService(  538): Setting DNS servers for network 106 to [/192.0.2.2]
06-27 02:30:10.525 D/DnsManager(  538): sendDnsConfigurationForNetwork(106, [192.0.2.2], [], 1800, 25, 8, 64, 0, 0, , [192.0.2.2])
06-27 02:30:10.525 I/resolv  (  352): setDoh: No suitable DoH server found
06-27 02:30:10.525 I/resolv  (  352): resolv_set_nameservers: netid = 106, addr = 192.0.2.2
06-27 02:30:10.525 I/netd    (  352): DnsResolverService::setResolverConfiguration(106, [192.0.2.2], [], 1800, 25, 8, 64, 0, 0, "", [192.0.2.2]) -> (0) (0.09ms)
06-27 02:30:10.525 I/netd    (  352): setResolverConfiguration(ResolverParamsParcel{netId: 106, sampleValiditySeconds: 1800, successThreshold: 25, minSamples: 8, maxSamples: 64, baseTimeoutMsec: 0, retryCount: 0, servers: [192.0.2.2], domains: [], tlsName: , tlsServers: [192.0.2.2], tlsFingerprints: [], caCertificate: , tlsConnectTimeoutMs: 0, resolverOptions: (null), transportTypes: [1, 4]}) <0.11ms>
06-27 02:30:10.526 D/ConnectivityService(  538): Adding iface tun0 to network 106
06-27 02:30:10.527 I/netd    (  352): networkAddInterface(106, tun0) <0.39ms>
06-27 02:30:10.527 W/resolv  (  352): Validating DnsTlsServer 192.0.2.2 with mark 0xf006a
06-27 02:30:10.527 I/netd    (  352): wakeupAddInterface(tun0, 458672230413:tun0, -2147483648, -2147483648) <0.11ms>
06-27 02:30:10.528 I/netd    (  352): networkAddRouteParcel(106, RouteInfoParcel{destination: 192.0.2.2/32, ifName: tun0, nextHop: , mtu: 0}) <0.03ms>
06-27 02:30:10.528 I/netd    (  352): networkAddRouteParcel(106, RouteInfoParcel{destination: 1.1.1.1/32, ifName: tun0, nextHop: , mtu: 0}) <0.02ms>
06-27 02:30:10.528 I/netd    (  352): networkAddRouteParcel(106, RouteInfoParcel{destination: 1.0.0.1/32, ifName: tun0, nextHop: , mtu: 0}) <0.02ms>
06-27 02:30:10.529 I/netd    (  352): networkAddRouteParcel(106, RouteInfoParcel{destination: 8.8.8.8/32, ifName: tun0, nextHop: , mtu: 0}) <0.02ms>
06-27 02:30:10.529 I/netd    (  352): networkAddRouteParcel(106, RouteInfoParcel{destination: 8.8.4.4/32, ifName: tun0, nextHop: , mtu: 0}) <0.01ms>
06-27 02:30:10.529 I/netd    (  352): networkAddRouteParcel(106, RouteInfoParcel{destination: 9.9.9.9/32, ifName: tun0, nextHop: , mtu: 0}) <0.01ms>
06-27 02:30:10.529 I/netd    (  352): networkAddRouteParcel(106, RouteInfoParcel{destination: 149.112.112.112/32, ifName: tun0, nextHop: , mtu: 0}) <0.01ms>
06-27 02:30:10.529 I/netd    (  352): networkAddRouteParcel(106, RouteInfoParcel{destination: 208.67.222.222/32, ifName: tun0, nextHop: , mtu: 0}) <0.01ms>
06-27 02:30:10.529 I/netd    (  352): networkAddRouteParcel(106, RouteInfoParcel{destination: 208.67.220.220/32, ifName: tun0, nextHop: , mtu: 0}) <0.01ms>
06-27 02:30:10.529 I/netd    (  352): networkAddRouteParcel(106, RouteInfoParcel{destination: 192.0.2.0/24, ifName: tun0, nextHop: , mtu: 0}) <0.01ms>
06-27 02:30:10.529 D/ConnectivityService(  538): Setting DNS servers for network 106 to [/192.0.2.2]
06-27 02:30:10.529 D/DnsManager(  538): sendDnsConfigurationForNetwork(106, [192.0.2.2], [], 1800, 25, 8, 64, 0, 0, , [192.0.2.2])
06-27 02:30:10.529 I/resolv  (  352): setDoh: No suitable DoH server found
06-27 02:30:10.529 I/netd    (  352): DnsResolverService::setResolverConfiguration(106, [192.0.2.2], [], 1800, 25, 8, 64, 0, 0, "", [192.0.2.2]) -> (0) (0.02ms)
06-27 02:30:10.529 I/netd    (  352): setResolverConfiguration(ResolverParamsParcel{netId: 106, sampleValiditySeconds: 1800, successThreshold: 25, minSamples: 8, maxSamples: 64, baseTimeoutMsec: 0, retryCount: 0, servers: [192.0.2.2], domains: [], tlsName: , tlsServers: [192.0.2.2], tlsFingerprints: [], caCertificate: , tlsConnectTimeoutMs: 0, resolverOptions: (null), transportTypes: [1, 4]}) <0.03ms>
06-27 02:30:10.531 D/NetworkMonitor/106( 1065): checkAndRenewResourceConfig: update captive portal https urls to [https://www.google.com/generate_204]
06-27 02:30:10.531 D/NetworkMonitor/106( 1065): checkAndRenewResourceConfig: update captive portal http urls to [http://connectivitycheck.gstatic.com/generate_204]
06-27 02:30:10.531 D/NetworkMonitor/106( 1065): checkAndRenewResourceConfig: update captive portal fallback urls to[http://www.google.com/gen_204, http://play.googleapis.com/generate_204]
06-27 02:30:10.531 D/NetworkMonitor( 1065): Starting on network 106 with capport HTTPS URL [https://www.google.com/generate_204] and HTTP URL [http://connectivitycheck.gstatic.com/generate_204]
06-27 02:30:10.533 I/resolv  (  352): GetAddrInfoHandler::run: {100 786532 106 917610 10129 0}
06-27 02:30:10.534 I/resolv  (  352): res_nmkquery: (QUERY, IN, A)
06-27 02:30:10.534 I/resolv  (  352): res_nmkquery: (QUERY, IN, AAAA)
06-27 02:30:10.537 W/org.adaway( 7572): Cleared Reference was only reachable from finalizer (only reported once)
06-27 02:30:10.551 I/netd    (  352): tetherGetStats() -> {[]} <0.15ms>
06-27 02:30:10.552 V/WindowManagerShell(  888):  animated by com.android.wm.shell.transition.DefaultTransitionHandler@97498ed
06-27 02:30:10.552 W/Looper  (  888): Slow dispatch took 46ms wmshell.main h=android.os.Handler c=com.android.wm.shell.transition.Transitions$TransitionPlayerImpl$$ExternalSyntheticLambda0@c3f10e9 m=0
06-27 02:30:10.552 W/Looper  (  888): Slow delivery took 40ms wmshell.main h=android.os.Handler c=null m=19
06-27 02:30:10.558 D/StatusBarIconController(  888): ignoring old pipeline callback because the new wifi icon is enabled
06-27 02:30:10.559 I/netd    (  352): bandwidthRemoveInterfaceQuota(eth0) <0.36ms>
06-27 02:30:10.559 D/NetworkTimeUpdateService(  538): New default network 106; checking time.
06-27 02:30:10.559 I/netd    (  352): bandwidthSetInterfaceQuota(eth0, 9223372036854775807) <0.25ms>
06-27 02:30:10.560 D/StatusBarIconController(  888): ignoring old pipeline callbacks, because the new mobile icons are enabled
06-27 02:30:10.560 I/netd    (  352): bandwidthRemoveInterfaceQuota(eth0) <0.13ms>
06-27 02:30:10.560 I/netd    (  352): bandwidthSetInterfaceQuota(eth0, 9223372036854775807) <0.13ms>
06-27 02:30:10.561 I/BugleRcsEngine( 4893): [64] brqh.handleMessage: RcsEngineImpl[DUAL_REG]:[0b5b162d-1479]>Handler: handleMessage processing message:[NOTIFY_UPTIME_IGNORE_STATE_CHANGED] with [non-null]:RcsEngineImpl reference
06-27 02:30:10.561 I/BugleRcsEngine( 4893): [67] bqvv.c: Connected state: [1], networkType: [WIFI]
06-27 02:30:10.562 I/BugleRcsEngine( 4893): [67] bqvv.c: Connected state: [1], networkType: [WIFI]
06-27 02:30:10.563 D/TrafficStats( 5242): tagSocket(164) with statsTag=0xffffffff, statsUid=-1
06-27 02:30:10.563 I/BugleRcsEngine( 4893): [64] brnl.h: No RCS Configuration was found in Bugle for simID: redacted-pii:sim_id[chars:20,last3:897]
06-27 02:30:10.563 I/BugleRcsEngine( 4893): [64] brqh.handleMessage: RcsEngineImpl[DUAL_REG]:[0b5b162d-1479]>Handler: handleMessage processing message:[NOTIFY_UPTIME_IGNORE_STATE_CHANGED] with [non-null]:RcsEngineImpl reference
06-27 02:30:10.563 D/ConnectivityService(  538): Sending CONNECTED broadcast for type 17 [106 WIFI|VPN] isDefaultNetwork=false
06-27 02:30:10.563 W/ContextImpl(  538): Calling a method in the system process without a qualified user: android.app.ContextImpl.sendStickyBroadcast:1626 android.net.connectivity.com.android.server.ConnectivityService.sendStickyBroadcast:3278 android.net.connectivity.com.android.server.ConnectivityService.sendGeneralBroadcast:3248 android.net.connectivity.com.android.server.ConnectivityService.sendConnectedBroadcast:3221 android.net.connectivity.com.android.server.ConnectivityService.sendLegacyNetworkBroadcast:10126 
06-27 02:30:10.564 D/TrafficStats( 5242): tagSocket(164) with statsTag=0xffffffff, statsUid=-1
06-27 02:30:10.564 D/TrafficStats( 1772): tagSocket(5) with statsTag=0xffffffff, statsUid=-1
06-27 02:30:10.564 D/ConnectivityService(  538): NetReassign [22 : 100 → 106, 7 : 100 → 106, 55 : 100 → 106, 77 : 100 → 106, 117 : 100 → 106, 70 : 100 → 106, 89 : 100 → 106, 24 : 100 → 106, 94 : 100 → 106, 185 : 100 → 106, 15 : 100 → 106, 80 : 100 → 106, 191 : 100 → 106, 100 : 100 → 106, 35 : 100 → 106, 75 : 100 → 106, 17 : 100 → 106, 38 : 100 → 106, 123 : 100 → 106, 110 : 100 → 106, 131 : 100 → 106, 43 : 100 → 106, 40 : 100 → 106, 53 : 100 → 106, 72 : 100 → 106, 108 : 100 → 106, 115 : 100 → 106, 120 : 100 → 106, 106 : 100 → 106, 84 : 100 → 106, 27 : 100 → 106, 57 : 100 → 106, 30 : 100 → 106, 33 : 100 → 106, 49 : 100 → 106, 126 : 100 → 106, 98 : 100 → 106, 63 : 100 → 106] [c 0] [a 6] [i 1]
06-27 02:30:10.565 D/TrafficStats( 4481): tagSocket(88) with statsTag=0xffffffff, statsUid=-1
06-27 02:30:10.565 D/TrafficStats( 1772): tagSocket(5) with statsTag=0xffffffff, statsUid=-1
06-27 02:30:10.565 D/TrafficStats( 4481): tagSocket(88) with statsTag=0xffffffff, statsUid=-1
06-27 02:30:10.566 D/NetworkMonitor/106( 1065): Network would not satisfy default request, resolving private DNS
06-27 02:30:10.566 D/TrafficStats( 1772): tagSocket(5) with statsTag=0xffffffff, statsUid=-1
06-27 02:30:10.567 I/ConnectivityService(  538): Update score for net 106 : +EVER_EVALUATED
06-27 02:30:10.567 D/ConnectivityService(  538): [106 WIFI|VPN] validation passed
06-27 02:30:10.567 I/ConnectivityService(  538): Update capabilities for net 106 : +VALIDATED
06-27 02:30:10.567 D/TrafficStats( 1772): tagSocket(5) with statsTag=0xffffffff, statsUid=-1
06-27 02:30:10.568 I/BugleRcsEngine( 4893): [64] brnl.h: No RCS Configuration was found in Bugle for simID: redacted-pii:sim_id[chars:20,last3:897]
06-27 02:30:10.568 I/ConnectivityService(  538): Update score for net 106 : +EVER_VALIDATED+IS_VALIDATED
06-27 02:30:10.569 I/netd    (  352): bandwidthRemoveInterfaceQuota(eth0) <0.27ms>
06-27 02:30:10.569 D/ConnectivityService(  538): NetReassign [no changes] [c 0] [a 0] [i 0]
06-27 02:30:10.569 I/GnssNetworkConnectivityHandler(  538): updateNetworkState, state=CLOSED, connected=true, network=106, capabilities=[ Transports: WIFI|VPN Capabilities: NOT_METERED&INTERNET&NOT_RESTRICTED&TRUSTED&VALIDATED&NOT_ROAMING&FOREGROUND&NOT_CONGESTED&NOT_SUSPENDED&NOT_VCN_MANAGED LinkUpBandwidth>=12000Kbps LinkDnBandwidth>=30000Kbps TransportInfo: <VpnTransportInfo{type=1, sessionId=AdAway, bypassable=false longLivedTcpConnectionsExpensive=false}> Uids: <{0-99999}> AdminUids: [10195] UnderlyingNetworks: [100]], availableNetworkCount: 3
06-27 02:30:10.570 I/netd    (  352): bandwidthSetInterfaceQuota(eth0, 9223372036854775807) <0.19ms>
06-27 02:30:10.571 W/JobServiceContext(  538): Sending onNetworkChanged for a job that isn't started. JobStatus{5a53301 #u0a195/4 org.adaway/androidx.work.impl.background.systemjob.SystemJobService u=0 s=10195 NET READY}
06-27 02:30:10.575 D/TrafficStats( 1772): tagSocket(5) with statsTag=0xffffffff, statsUid=-1
06-27 02:30:10.575 D/TrafficStats( 1563): tagSocket(68) with statsTag=0xffffffff, statsUid=-1
06-27 02:30:10.576 D/TrafficStats( 1772): tagSocket(5) with statsTag=0xffffffff, statsUid=-1
06-27 02:30:10.576 I/BugleRcsEngine( 4893): [64] brqh.handleMessage: RcsEngineImpl[DUAL_REG]:[0b5b162d-1479]>Handler: handleMessage processing message:[NOTIFY_UPTIME_IGNORE_STATE_CHANGED] with [non-null]:RcsEngineImpl reference
06-27 02:30:10.576 D/TrafficStats( 1563): tagSocket(68) with statsTag=0xffffffff, statsUid=-1
06-27 02:30:10.577 D/TrafficStats( 1563): tagSocket(68) with statsTag=0xffffffff, statsUid=-1
06-27 02:30:10.577 I/BugleRcsEngine( 4893): [67] bqvv.c: Connected state: [1], networkType: [WIFI]
06-27 02:30:10.577 D/TrafficStats( 5242): tagSocket(164) with statsTag=0xffffffff, statsUid=-1
06-27 02:30:10.578 I/BugleRcsEngine( 4893): [64] brnl.h: No RCS Configuration was found in Bugle for simID: redacted-pii:sim_id[chars:20,last3:897]
06-27 02:30:10.578 D/TrafficStats( 4481): tagSocket(88) with statsTag=0xffffffff, statsUid=-1
06-27 02:30:10.578 D/ConnectivityService(  538): Setting DNS servers for network 106 to [/192.0.2.2]
06-27 02:30:10.579 D/DnsManager(  538): sendDnsConfigurationForNetwork(106, [192.0.2.2], [], 1800, 25, 8, 64, 0, 0, , [192.0.2.2])
06-27 02:30:10.580 I/resolv  (  352): setDoh: No suitable DoH server found
06-27 02:30:10.580 I/netd    (  352): DnsResolverService::setResolverConfiguration(106, [192.0.2.2], [], 1800, 25, 8, 64, 0, 0, "", [192.0.2.2]) -> (0) (0.03ms)
06-27 02:30:10.580 I/netd    (  352): setResolverConfiguration(ResolverParamsParcel{netId: 106, sampleValiditySeconds: 1800, successThreshold: 25, minSamples: 8, maxSamples: 64, baseTimeoutMsec: 0, retryCount: 0, servers: [192.0.2.2], domains: [], tlsName: , tlsServers: [192.0.2.2], tlsFingerprints: [], caCertificate: , tlsConnectTimeoutMs: 0, resolverOptions: (null), transportTypes: [1, 4]}) <0.05ms>
06-27 02:30:10.591 D/StatusBarIconController(  888): ignoring old pipeline callback because the new wifi icon is enabled
06-27 02:30:10.591 D/StatusBarIconController(  888): ignoring old pipeline callbacks, because the new mobile icons are enabled
06-27 02:30:10.591 D/StatusBarIconController(  888): ignoring old pipeline callbacks, because the new mobile icons are enabled
06-27 02:30:10.591 D/StatusBarIconController(  888): ignoring old pipeline callback because the new wifi icon is enabled
06-27 02:30:10.591 D/EGL_emulation(  888): app_time_stats: avg=4418.10ms min=447.37ms max=8388.83ms count=2
06-27 02:30:10.591 D/StatusBarIconController(  888): ignoring old pipeline callback because the new wifi icon is enabled
06-27 02:30:10.595 D/audioserver(  386): FGS Logger Transaction failed
06-27 02:30:10.595 D/audioserver(  386): -129
06-27 02:30:10.605 W/Looper  (  888): Drained
06-27 02:30:10.679 D/EGL_emulation( 7572): app_time_stats: avg=79.64ms min=13.36ms max=3353.84ms count=53
06-27 02:30:10.680 I/WM-WorkerWrapper( 7572): Worker result SUCCESS for Work [ id=d32bf9a9-0398-4dca-8ac7-b8782828f3ee, tags={ org.adaway.vpn.VpnServiceHeartbeat, VPN-heartbeat } ]
06-27 02:30:10.688 I/PacketFactories( 7572): A PacketFactoryBinderProvider implementation is found. ClassLoader: dalvik.system.PathClassLoader[DexPathList[[zip file "/data/app/~~KoqjEY0VQYyRfeYXjdoHTQ==/org.adaway-sW-qQgA8G6Rq3BjIxNL9Qw==/base.apk"],nativeLibraryDirectories=[/data/app/~~KoqjEY0VQYyRfeYXjdoHTQ==/org.adaway-sW-qQgA8G6Rq3BjIxNL9Qw==/lib/arm64, /data/app/~~KoqjEY0VQYyRfeYXjdoHTQ==/org.adaway-sW-qQgA8G6Rq3BjIxNL9Qw==/base.apk!/lib/arm64-v8a, /system/lib64, /system_ext/lib64]]], URL: null
06-27 02:30:10.691 I/PropertiesLoader( 7572): [org/pcap4j/pcap4j.properties] Could not get value by org.pcap4j.dlt.raw, use default value: 12
06-27 02:30:10.694 D/CoreBackPreview(  538): Window{3e06587 u0 org.adaway/org.adaway.ui.home.HomeActivity}: Setting back callback OnBackInvokedCallbackInfo{mCallback=android.window.IOnBackInvokedCallback$Stub$Proxy@566f0dd, mPriority=0, mIsAnimationCallback=false}
06-27 02:30:10.703 I/PropertiesLoader( 7572): [org/pcap4j/pcap4j.properties] Could not get value by org.pcap4j.af.inet, use default value: 2
06-27 02:30:10.704 I/PropertiesLoader( 7572): [org/pcap4j/pcap4j.properties] Could not get value by org.pcap4j.af.inet6, use default value: 10
06-27 02:30:10.704 I/PropertiesLoader( 7572): [org/pcap4j/pcap4j.properties] Could not get value by org.pcap4j.af.packet, use default value: 17
06-27 02:30:10.704 I/PropertiesLoader( 7572): [org/pcap4j/pcap4j.properties] Could not get value by org.pcap4j.af.link, use default value: 18
06-27 02:30:10.708 I/PacketFactories( 7572): Succeeded in PacketFactoryBinderProvider.getBinder()
06-27 02:30:10.711 D/VpnWorker( 7572): doOne: Polling 1 file descriptors.
06-27 02:30:10.711 D/VpnPacketProcessor( 7572): Read a packet from device.
06-27 02:30:10.711 D/VpnWorker( 7572): doOne: Polling 1 file descriptors.
06-27 02:30:10.711 D/VpnPacketProcessor( 7572): Read a packet from device.
06-27 02:30:10.712 D/VpnWorker( 7572): doOne: Polling 1 file descriptors.
06-27 02:30:10.712 D/VpnPacketProcessor( 7572): Read a packet from device.
06-27 02:30:10.714 D/DnsServerMapper( 7572): handleDnsRequest: Incoming packet to 192.0.2.2 AKA 0 AKA 10.0.2.3
06-27 02:30:10.718 D/DnsPacketProxy( 7572): DNS query allowed.
06-27 02:30:10.719 D/TrafficStats( 7572): tagSocket(132) with statsTag=0xffffffff, statsUid=-1
06-27 02:30:10.720 D/VpnWorker( 7572): doOne: Polling 2 file descriptors.
06-27 02:30:10.720 D/VpnPacketProcessor( 7572): Read a packet from device.
06-27 02:30:10.720 D/DnsServerMapper( 7572): handleDnsRequest: Incoming packet to 192.0.2.2 AKA 0 AKA 10.0.2.3
06-27 02:30:10.720 D/DnsPacketProxy( 7572): DNS query allowed.
06-27 02:30:10.720 D/TrafficStats( 7572): tagSocket(147) with statsTag=0xffffffff, statsUid=-1
06-27 02:30:10.721 D/VpnWorker( 7572): doOne: Polling 3 file descriptors.
06-27 02:30:10.744 E/OpenGLRenderer( 7572): Unable to match the desired swap behavior.
06-27 02:30:10.779 I/keystore2(  175): system/security/keystore2/src/watchdog.rs:319 - Watchdog thread idle -> terminating. Have a great day.
06-27 02:30:10.787 D/VpnPacketProcessor( 7572): Read a packet from device.
06-27 02:30:10.787 D/VpnWorker( 7572): doOne: Polling 3 file descriptors.
06-27 02:30:10.796 D/VpnService( 7572): updateVpnStatus called with status: RUNNING
06-27 02:30:10.798 D/VpnService( 7572): Calling startForeground with VPN special-use type
06-27 02:30:10.799 I/ActivityTaskManager(  538): Displayed org.adaway/.ui.home.HomeActivity for user 0: +329ms
06-27 02:30:10.800 D/VpnService( 7572): startForeground success
06-27 02:30:10.803 W/JobService( 7572): onNetworkChanged() not implemented in androidx.work.impl.background.systemjob.SystemJobService. Must override in a subclass.
06-27 02:30:10.837 I/ImeTracker(  538): org.adaway:2475942d: onRequestHide at ORIGIN_SERVER_HIDE_INPUT reason HIDE_UNSPECIFIED_WINDOW
06-27 02:30:10.837 I/ImeTracker(  538): org.adaway:2475942d: onCancelled at PHASE_SERVER_SHOULD_HIDE
06-27 02:30:10.837 I/GoogleInputMethodService( 1563): GoogleInputMethodService.onFinishInput():3227 
06-27 02:30:10.838 I/GoogleInputMethodService( 1563): GoogleInputMethodService.updateDeviceLockedStatus():2087 repeatCheckTimes = 0, unlocked = true
06-27 02:30:10.840 I/GoogleInputMethodService( 1563): GoogleInputMethodService.onStartInput():1877 onStartInput(EditorInfo{inputType=0x0(NULL) imeOptions=0x0 privateImeOptions=null actionName=UNSPECIFIED actionLabel=null actionId=0 initialSelStart=-1 initialSelEnd=-1 initialCapsMode=0x0 hintText=null label=null packageName=org.adaway fieldId=0 fieldName=null extras=null}, false)
06-27 02:30:10.840 I/GoogleInputMethodService( 1563): GoogleInputMethodService.shouldHideHeaderOnInitialState():4008 ShouldHideHeaderOnInitialState = false
06-27 02:30:10.840 I/GoogleInputMethodService( 1563): GoogleInputMethodService.updateDeviceLockedStatus():2087 repeatCheckTimes = 2, unlocked = true
06-27 02:30:10.870 W/JobScheduler(  538): Job didn't exist in JobStore: 5a53301 #u0a195/4 org.adaway/androidx.work.impl.background.systemjob.SystemJobService
06-27 02:30:11.014 I/PropertiesLoader( 7572): [org/pcap4j/packet/packet.properties] Could not get value by org.pcap4j.packet.udpV4.calcChecksumAtBuild, use default value: true
06-27 02:30:11.014 I/PropertiesLoader( 7572): [org/pcap4j/packet/packet.properties] Could not get value by org.pcap4j.packet.ipV4.calcChecksumAtBuild, use default value: true
06-27 02:30:11.015 D/VpnWorker( 7572): doOne: Polling 2 file descriptors.
06-27 02:30:11.015 D/VpnPacketProcessor( 7572): Write to device 2 packets.
06-27 02:30:11.016 I/resolv  (  352): res_nsend: used send_dg 1024 terrno: 0
06-27 02:30:11.016 I/resolv  (  352): res_nsend: used send_dg 1024 terrno: 0
06-27 02:30:11.016 D/VpnWorker( 7572): doOne: Polling 1 file descriptors.
06-27 02:30:11.016 I/resolv  (  352): answer_getTTL: ns_initparse failed: Message too long
06-27 02:30:11.016 I/resolv  (  352): answer_getTTL: ns_initparse failed: Message too long
06-27 02:30:11.016 I/resolv  (  352): doQuery: rcode=0, ancount=2, return value=1024
06-27 02:30:11.016 I/resolv  (  352): doQuery: rcode=0, ancount=2, return value=1024
06-27 02:30:11.018 D/TrafficStats( 5242): tagSocket(-1) with statsTag=0x30000407, statsUid=-1
06-27 02:30:11.018 I/TrafficStats( 5242): tagSocketFd(-1, 805307399, -1) failed with errno-9
06-27 02:30:11.018 D/TrafficStats( 5242): tagSocket(166) with statsTag=0x30000407, statsUid=-1
06-27 02:30:11.019 V/WindowManagerShell(  888): Transition animation finished (aborted=false), notifying core (#35)android.os.BinderProxy@61d131a@0
06-27 02:30:11.022 V/WindowManager(  538): Finish Transition #35: created at 06-27 02:30:10.470 collect-started=0.009ms request-sent=1.124ms started=2.437ms ready=33.867ms sent=34.665ms finished=549.64ms
06-27 02:30:11.027 V/WindowManagerShell(  888): Track 0 became idle
06-27 02:30:11.027 V/WindowManagerShell(  888): All active transition animations finished
06-27 02:30:11.041 W/WindowOnBackDispatcher( 7572): sendCancelIfRunning: isInProgress=falsecallback=android.view.ViewRootImpl$$ExternalSyntheticLambda17@fbf8b0e
06-27 02:30:11.041 D/CoreBackPreview(  538): Window{e31a1ef u0 org.adaway/org.adaway.ui.onboarding.OnboardingActivity}: Setting back callback null
06-27 02:30:11.043 W/InputManager-JNI(  538): Input channel object 'e31a1ef org.adaway/org.adaway.ui.onboarding.OnboardingActivity (client)' was disposed without first being removed with the input manager!
06-27 02:30:11.065 I/DeviceStatusMonitor( 1563): DeviceStatusMonitor.handleBroadcast():122 onReceive() : Action = android.net.conn.CONNECTIVITY_CHANGE
06-27 02:30:11.068 I/BugleTransport( 4481): RCS Configuration is empty. Enabled transport is Dual Reg [CONTEXT ratelimit_period="5 SECONDS" ]
06-27 02:30:11.068 I/DeviceStatusMonitor( 1563): DeviceStatusMonitor.notifyIfNetworkChanged():179 notifyIfNetworkChanged: newState = NON_METERED, airplaneModeOn = false, notifyAnyway = false
06-27 02:30:11.069 W/ctxmgr  ( 5242): [NetworkStateProducer] No state change for network connection context [CONTEXT service_id=47 ]
06-27 02:30:11.094 W/WindowOnBackDispatcher(  888): sendCancelIfRunning: isInProgress=falsecallback=android.view.ViewRootImpl$$ExternalSyntheticLambda17@df2eb72
06-27 02:30:11.094 W/InputManager-JNI(  538): Input channel object 'c556a0b Splash Screen org.adaway (client)' was disposed without first being removed with the input manager!
06-27 02:30:11.095 D/CoreBackPreview(  538): Window{c556a0b u0 Splash Screen org.adaway EXITING}: Setting back callback null
06-27 02:30:11.135 D/VpnPacketProcessor( 7572): Read a packet from device.
06-27 02:30:11.135 D/VpnWorker( 7572): doOne: Polling 1 file descriptors.
06-27 02:30:11.551 D/VpnPacketProcessor( 7572): Read a packet from device.
06-27 02:30:11.551 D/VpnWorker( 7572): doOne: Polling 1 file descriptors.
06-27 02:30:12.019 D/TrafficStats( 5242): tagSocket(167) with statsTag=0x30000407, statsUid=-1
06-27 02:30:12.022 I/AlarmManager( 5242): setExactAndAllowWhileIdle [name: GCM_HB_ALARM type: 2 triggerAtMillis: 1286551]
06-27 02:30:12.187 D/StatusBarIconController(  888): ignoring old pipeline callbacks, because the new mobile icons are enabled
06-27 02:30:12.445 I/AlarmManager( 5242): setExactAndAllowWhileIdle [name: GCM_HB_ALARM type: 2 triggerAtMillis: 1286974]
06-27 02:30:12.446 E/WakeLock( 5242): GCM_CONN_ALARM release without a matched acquire!
06-27 02:30:12.448 I/AlarmManager( 5242): setExactAndAllowWhileIdle [name: GCM_HB_ALARM type: 2 triggerAtMillis: 1286977]
06-27 02:30:13.132 W/healthd (  361): battery l=100 v=5000 t=25.0 h=2 st=2 c=900000 fc=3000000 cc=10 chg=a
06-27 02:30:13.445 I/WorkerManager( 1772): dispose()
06-27 02:30:13.445 W/A       ( 1772): (REDACTED) Queue length for executor %s is now %d. Perhaps some tasks are too long, or the pool is too small.
06-27 02:30:13.475 D/android.hardware.audio@7.1-impl.ranchu(  355): threadLoop: entering standby, frames: 1490560
06-27 02:30:13.504 I/wpa_supplicant(  875): wlan0: CTRL-EVENT-BEACON-LOSS 
06-27 02:30:13.568 D/VpnPacketProcessor( 7572): Read a packet from device.
06-27 02:30:13.569 D/VpnWorker( 7572): doOne: Polling 1 file descriptors.
06-27 02:30:13.979 E/TaskPersister(  538): File error accessing recents directory (directory doesn't exist?).
06-27 02:30:14.785 D/VpnPacketProcessor( 7572): Read a packet from device.
06-27 02:30:14.785 D/VpnWorker( 7572): doOne: Polling 1 file descriptors.
06-27 02:30:15.838 W/ProcessStats(  538): Tracking association SourceState{dcdb1ce system/1000 ImpFg #11852} whose proc state 5 is better than process ProcessState{a5c6ce8 com.google.android.gms.persistent/10129 pkg=com.google.android.gms} proc state 9 (511 skipped)
06-27 02:30:17.599 D/VpnPacketProcessor( 7572): Read a packet from device.
06-27 02:30:17.600 D/VpnWorker( 7572): doOne: Polling 1 file descriptors.
06-27 02:30:20.515 D/ActivityManager(  538): freezing 6170 com.android.vpndialogs
06-27 02:30:21.440 I/wpa_supplicant(  875): wlan0: CTRL-EVENT-BEACON-LOSS 
06-27 02:30:22.187 D/StatusBarIconController(  888): ignoring old pipeline callbacks, because the new mobile icons are enabled
06-27 02:30:22.487 D/AndroidRuntime( 7723): >>>>>> START com.android.internal.os.RuntimeInit uid 2000 <<<<<<
06-27 02:30:22.489 I/AndroidRuntime( 7723): Using default boot image
06-27 02:30:22.489 I/AndroidRuntime( 7723): Leaving lock profiling enabled
06-27 02:30:22.490 I/app_process( 7723): Core platform API reporting enabled, enforcing=false
06-27 02:30:22.490 I/app_process( 7723): Using CollectorTypeCC GC.
06-27 02:30:22.515 D/nativeloader( 7723): InitDefaultPublicLibraries for_preload=1: libandroid.so:libaaudio.so:libamidi.so:libbinder_ndk.so:libc.so:libcamera2ndk.so:libdl.so:libEGL.so:libGLESv1_CM.so:libGLESv2.so:libGLESv3.so:libicu.so:libicui18n.so:libicuuc.so:libjnigraphics.so:liblog.so:libmediandk.so:libm.so:libnativehelper.so:libnativewindow.so:libOpenMAXAL.so:libOpenSLES.so:libRS.so:libstdc++.so:libsync.so:libvulkan.so:libwebviewchromium_plat_support.so:libz.so
06-27 02:30:22.520 D/app_process( 7723): Time zone APEX ICU file found: /apex/com.android.tzdata/etc/icu/icu_tzdata.dat
06-27 02:30:22.520 D/app_process( 7723): I18n APEX ICU file found: /apex/com.android.i18n/etc/icu/icudt72l.dat
06-27 02:30:22.523 W/app_process( 7723): ClassLoaderContext shared library size mismatch. Expected=2, found=0 (PCL[]{PCL[/system/framework/android.test.base.jar*836642756]#PCL[/system/framework/android.test.mock.jar*3186112116]} | PCL[])
06-27 02:30:22.524 W/app_process( 7723): ClassLoaderContext classpath size mismatch. expected=0, found=1 (PCL[]{PCL[/system/framework/android.test.runner.jar*4168958247]{PCL[/system/framework/android.test.base.jar*836642756]#PCL[/system/framework/android.test.mock.jar*3186112116]}#PCL[/system/framework/android.test.base.jar*836642756]} | PCL[/system/framework/android.test.runner.jar*4168958247])
06-27 02:30:22.533 W/libc    ( 7723): Access denied finding property "ro.product.name_for_attestation"
06-27 02:30:22.533 W/libc    ( 7723): Access denied finding property "ro.product.brand_for_attestation"
06-27 02:30:22.533 W/libc    ( 7723): Access denied finding property "ro.product.model_for_attestation"
06-27 02:30:22.528 W/main    ( 7723): type=1400 audit(0.0:136): avc:  denied  { read } for  name="u:object_r:build_attestation_prop:s0" dev="tmpfs" ino=77 scontext=u:r:shell:s0 tcontext=u:object_r:build_attestation_prop:s0 tclass=file permissive=0
06-27 02:30:22.528 W/main    ( 7723): type=1400 audit(0.0:137): avc:  denied  { read } for  name="u:object_r:build_attestation_prop:s0" dev="tmpfs" ino=77 scontext=u:r:shell:s0 tcontext=u:object_r:build_attestation_prop:s0 tclass=file permissive=0
06-27 02:30:22.528 W/main    ( 7723): type=1400 audit(0.0:138): avc:  denied  { read } for  name="u:object_r:build_attestation_prop:s0" dev="tmpfs" ino=77 scontext=u:r:shell:s0 tcontext=u:object_r:build_attestation_prop:s0 tclass=file permissive=0
06-27 02:30:22.534 D/AndroidRuntime( 7723): Calling main entry com.android.commands.uiautomator.Launcher
06-27 02:30:22.536 D/UiAutomationConnection( 7723): Created on user UserHandle{0}
06-27 02:30:22.536 I/UiAutomation( 7723): Initialized for user 0 on display 0
06-27 02:30:22.536 W/UiAutomation( 7723): Created with deprecatead constructor, assumes DEFAULT_DISPLAY
06-27 02:30:22.537 D/AccessibilityManagerService(  538): changeCurrentUserForTestAutomationIfNeededLocked(0): ignoring because device doesn't support visible background users
06-27 02:30:22.537 I/UiAutomationManager(  538): Registering UiTestAutomationService (id=com.android.server.accessibility/UiAutomation) when called by user 0
06-27 02:30:22.537 W/WindowMagnificationMgr(  538): requestConnection duplicated request: connect=false, mConnectionState=DISCONNECTED
06-27 02:30:22.538 I/AiAiEcho( 1691): Settings changed for uri: content://settings/secure/accessibility_enabled
06-27 02:30:22.538 D/BatterySaverPolicy(  538): accessibility changed to true, updating policy.
06-27 02:30:22.538 I/A11yListener( 1707): (REDACTED) #onAccessibilityStateChanged enabled: %s
06-27 02:30:22.538 I/A11yListener( 1707): #onChange
06-27 02:30:22.539 E/TraceManager( 1707): Duplicate trace
06-27 02:30:22.539 E/TraceManager( 1707): com.google.apps.tiktok.tracing.w: Starting new trace A11yEventListener_onChange when already associated with a trace: . For more help, see http://go/tiktok-tracing#fixing-duplicate-trace-issues
06-27 02:30:22.539 E/TraceManager( 1707): 	at com.google.apps.tiktok.tracing.el.f(PG:6)
06-27 02:30:22.539 E/TraceManager( 1707): 	at com.google.apps.tiktok.tracing.el.g(PG:2)
06-27 02:30:22.539 E/TraceManager( 1707): 	at com.google.apps.tiktok.tracing.dv.d(PG:1)
06-27 02:30:22.539 E/TraceManager( 1707): 	at com.google.android.libraries.search.assistant.a.g.a(PG:7)
06-27 02:30:22.539 E/TraceManager( 1707): 	at com.google.android.libraries.search.assistant.a.b.b(PG:2)
06-27 02:30:22.539 E/TraceManager( 1707): 	at i.c.b.a.a.h(PG:4)
06-27 02:30:22.539 E/TraceManager( 1707): 	at kotlinx.coroutines.bk.run(PG:14)
06-27 02:30:22.539 E/TraceManager( 1707): 	at com.google.apps.tiktok.coroutines.g.run(PG:1)
06-27 02:30:22.539 E/TraceManager( 1707): 	at com.google.android.libraries.i.z.run(PG:1)
06-27 02:30:22.539 E/TraceManager( 1707): 	at java.util.concurrent.ThreadPoolExecutor.runWorker(ThreadPoolExecutor.java:1145)
06-27 02:30:22.539 E/TraceManager( 1707): 	at java.util.concurrent.ThreadPoolExecutor$Worker.run(ThreadPoolExecutor.java:644)
06-27 02:30:22.539 E/TraceManager( 1707): 	at com.google.android.libraries.i.h.run(PG:2)
06-27 02:30:22.539 E/TraceManager( 1707): 	at java.lang.Thread.run(Thread.java:1012)
06-27 02:30:22.539 E/TraceManager( 1707): 	at com.google.android.libraries.i.ai.run(PG:5)
06-27 02:30:22.539 E/TraceManager( 1707): 	Suppressed: com.google.apps.tiktok.tracing.fv: 
06-27 02:30:22.539 E/TraceManager( 1707): 		at tk_trace.(Unknown Source:0)
06-27 02:30:22.539 E/TraceManager( 1707): 		at tk_trace.Missing root trace(Unknown Source:0)
06-27 02:30:22.539 E/TraceManager( 1707): Caused by: com.google.apps.tiktok.tracing.aa
06-27 02:30:22.539 I/Ma-Fcf-A11yChangeNotifier( 1707): #FCF: onChange
06-27 02:30:22.539 I/A       ( 1772): NGA enabled in interactor.
06-27 02:30:22.539 I/AiAiEcho( 1691): Predicting[0]: 
06-27 02:30:22.539 I/AiAiEcho( 1691): EchoTargets: 
06-27 02:30:22.539 I/AiAiEcho( 1691): Filtered by AiAi flag check: 
06-27 02:30:22.539 I/AiAiEcho( 1691): Ranked targets strategy: SORT, count: 0, ranking metadata: 
06-27 02:30:22.539 I/A       ( 1772): NGA enabled in interactor.
06-27 02:30:22.539 I/A       ( 1707): FCF A11y Checker - readyForTngMa
06-27 02:30:22.539 I/AiAiEcho( 1691): Predicting[0]: 
06-27 02:30:22.539 I/AiAiEcho( 1691): EchoTargets: 
06-27 02:30:22.539 I/AiAiEcho( 1691): Filtered by AiAi flag check: 
06-27 02:30:22.539 I/AiAiEcho( 1691): Ranked targets strategy: SORT, count: 0, ranking metadata: 
06-27 02:30:22.539 I/A       ( 1707): (REDACTED) #FCF: Continued Conversation Mode Enabled: %s
06-27 02:30:22.539 V/UiAutomation( 7723): Init UiAutomation@2bcaa55[id=16, displayId=0, flags=0]
06-27 02:30:22.539 I/AiAiEcho( 1691): #postPredictionTargets: Sending updates to UISurface home with targets# 0 (types=[])
06-27 02:30:22.539 I/AiAiEcho( 1691): #postPredictionTargets: Sending updates to UISurface lockscreen with targets# 0 (types=[])
06-27 02:30:22.539 I/A       ( 1707): (REDACTED) #FCF: Headset Connected Status: %s
06-27 02:30:22.539 I/A       ( 1707): (REDACTED) #FCF: Assistant primary locale : %s
06-27 02:30:22.539 I/A       ( 1707): (REDACTED) #FCF: Assistant Primary locale check status : %s
06-27 02:30:22.539 W/A       ( 1707): Unable to check for productivity accounts. Assuming there are none.
06-27 02:30:22.539 W/A       ( 1707): com.google.android.libraries.geller.portable.GellerException: Code: INVALID_ARGUMENT, Message: Account name is null.
06-27 02:30:22.539 W/A       ( 1707): 	at com.google.android.libraries.search.h.k.a(PG:6)
06-27 02:30:22.539 W/A       ( 1707): 	at com.google.apps.tiktok.tracing.es.a(PG:3)
06-27 02:30:22.539 W/A       ( 1707): 	at com.google.common.w.a.bc.a(PG:1)
06-27 02:30:22.539 W/A       ( 1707): 	at com.google.common.w.a.cw.run(PG:4)
06-27 02:30:22.539 W/A       ( 1707): 	at com.google.android.libraries.i.z.run(PG:1)
06-27 02:30:22.539 W/A       ( 1707): 	at java.util.concurrent.ThreadPoolExecutor.runWorker(ThreadPoolExecutor.java:1145)
06-27 02:30:22.539 W/A       ( 1707): 	at java.util.concurrent.ThreadPoolExecutor$Worker.run(ThreadPoolExecutor.java:644)
06-27 02:30:22.539 W/A       ( 1707): 	at com.google.android.libraries.i.h.run(PG:2)
06-27 02:30:22.539 W/A       ( 1707): 	at java.lang.Thread.run(Thread.java:1012)
06-27 02:30:22.539 W/A       ( 1707): 	at com.google.android.libraries.i.ai.run(PG:5)
06-27 02:30:22.539 W/PageIndicator(  888): Total number of pages invalid: 0. Assuming 1 page.
06-27 02:30:22.540 I/A       ( 1707): (REDACTED) #FCF evaluate: %s
06-27 02:30:22.540 I/A       ( 1707): (REDACTED) TngMaStatusChecker#evaluateInternal completed in %s millis
06-27 02:30:22.540 I/Ma-Entry-Triggering( 1707): (REDACTED) TNG:MA status updated: %s
06-27 02:30:22.540 I/Ma-Entry-Triggering( 1707): TNG:MA became ineligible, client should disconnect
06-27 02:30:22.540 I/Ma-Entry-Triggering( 1707): #disconnectAndStop - preventing double stop
06-27 02:30:22.540 I/A       ( 1707): #invalidationSource: adding headset checker
06-27 02:30:22.540 I/A       ( 1707): #invalidationSource : adding a11y checker
06-27 02:30:22.543 W/WindowMagnificationMgr(  538): requestConnection duplicated request: connect=false, mConnectionState=DISCONNECTED
06-27 02:30:22.543 I/AiAiEcho( 1691): Settings changed for uri: content://settings/secure/accessibility_enabled
06-27 02:30:22.544 I/AiAiEcho( 1691): Predicting[0]: 
06-27 02:30:22.544 I/AiAiEcho( 1691): EchoTargets: 
06-27 02:30:22.544 I/AiAiEcho( 1691): Filtered by AiAi flag check: 
06-27 02:30:22.544 I/AiAiEcho( 1691): Ranked targets strategy: SORT, count: 0, ranking metadata: 
06-27 02:30:22.544 I/AiAiEcho( 1691): Predicting[0]: 
06-27 02:30:22.544 I/AiAiEcho( 1691): EchoTargets: 
06-27 02:30:22.544 I/AiAiEcho( 1691): Filtered by AiAi flag check: 
06-27 02:30:22.544 I/AiAiEcho( 1691): Ranked targets strategy: SORT, count: 0, ranking metadata: 
06-27 02:30:22.544 I/AiAiEcho( 1691): #postPredictionTargets: Sending updates to UISurface home with targets# 0 (types=[])
06-27 02:30:22.544 I/AiAiEcho( 1691): #postPredictionTargets: Sending updates to UISurface lockscreen with targets# 0 (types=[])
06-27 02:30:22.544 W/PageIndicator(  888): Total number of pages invalid: 0. Assuming 1 page.
06-27 02:30:22.545 D/SafetySourceDataValidator(  538): No cert check requested for package com.google.android.permissioncontroller
06-27 02:30:23.233 D/VpnPacketProcessor( 7572): Read a packet from device.
06-27 02:30:23.233 D/VpnWorker( 7572): doOne: Polling 1 file descriptors.
06-27 02:30:23.389 D/StatusBarIconController(  888): ignoring old pipeline callback because the new wifi icon is enabled
06-27 02:30:23.550 W/MediaProvider( 1700): isAppCloneUserPair for user 0: false
06-27 02:30:23.560 I/NetworkScheduler.Stats( 5242): Task com.google.android.gms/com.google.android.gms.ipa.base.IpaGcmTaskService started execution. cause:9 exec_start_elapsed_seconds: 738 [CONTEXT service_id=218 ]
06-27 02:30:23.561 I/NetworkScheduler.Stats( 5242): Task com.google.android.gms/com.google.android.gms.ipa.base.IpaGcmTaskService finished executing. cause:9 result: 1 elapsed_millis: 5 uptime_millis: 5 exec_start_elapsed_seconds: 738 [CONTEXT service_id=218 ]
06-27 02:30:23.571 I/AccessibilityNodeInfoDumper( 7723): Skipping invisible child: android.view.accessibility.AccessibilityNodeInfo@21d2e; boundsInParent: Rect(0, 0 - 168, 84); boundsInScreen: Rect(371, 2159 - 439, 2243); boundsInWindow: Rect(371, 2159 - 439, 2243); packageName: org.adaway; className: android.view.View; text: null; error: null; maxTextLength: -1; stateDescription: null; contentDescription: null; tooltipText: null; containerTitle: null; viewIdResName: org.adaway:id/navigation_bar_item_active_indicator_view; uniqueId: null; checkable: false; checked: false; focusable: false; focused: false; selected: false; clickable: false; longClickable: false; contextClickable: false; enabled: true; password: false; scrollable: false; importantForAccessibility: false; visible: false; actions: [AccessibilityAction: ACTION_SELECT - null, AccessibilityAction: ACTION_CLEAR_SELECTION - null, AccessibilityAction: ACTION_ACCESSIBILITY_FOCUS - null, AccessibilityAction: ACTION_SHOW_ON_SCREEN - null]; isTextSelectable: false
06-27 02:30:23.573 I/AccessibilityNodeInfoDumper( 7723): Skipping invisible child: android.view.accessibility.AccessibilityNodeInfo@23775; boundsInParent: Rect(0, 0 - 168, 84); boundsInScreen: Rect(641, 2159 - 709, 2243); boundsInWindow: Rect(641, 2159 - 709, 2243); packageName: org.adaway; className: android.view.View; text: null; error: null; maxTextLength: -1; stateDescription: null; contentDescription: null; tooltipText: null; containerTitle: null; viewIdResName: org.adaway:id/navigation_bar_item_active_indicator_view; uniqueId: null; checkable: false; checked: false; focusable: false; focused: false; selected: false; clickable: false; longClickable: false; contextClickable: false; enabled: true; password: false; scrollable: false; importantForAccessibility: false; visible: false; actions: [AccessibilityAction: ACTION_SELECT - null, AccessibilityAction: ACTION_CLEAR_SELECTION - null, AccessibilityAction: ACTION_ACCESSIBILITY_FOCUS - null, AccessibilityAction: ACTION_SHOW_ON_SCREEN - null]; isTextSelectable: false
06-27 02:30:23.575 I/AccessibilityNodeInfoDumper( 7723): Skipping invisible child: android.view.accessibility.AccessibilityNodeInfo@251bc; boundsInParent: Rect(0, 0 - 168, 84); boundsInScreen: Rect(911, 2159 - 979, 2243); boundsInWindow: Rect(911, 2159 - 979, 2243); packageName: org.adaway; className: android.view.View; text: null; error: null; maxTextLength: -1; stateDescription: null; contentDescription: null; tooltipText: null; containerTitle: null; viewIdResName: org.adaway:id/navigation_bar_item_active_indicator_view; uniqueId: null; checkable: false; checked: false; focusable: false; focused: false; selected: false; clickable: false; longClickable: false; contextClickable: false; enabled: true; password: false; scrollable: false; importantForAccessibility: false; visible: false; actions: [AccessibilityAction: ACTION_SELECT - null, AccessibilityAction: ACTION_CLEAR_SELECTION - null, AccessibilityAction: ACTION_ACCESSIBILITY_FOCUS - null, AccessibilityAction: ACTION_SHOW_ON_SCREEN - null]; isTextSelectable: false
06-27 02:30:23.576 W/AccessibilityNodeInfoDumper( 7723): Fetch time: 28ms
06-27 02:30:23.577 W/WindowMagnificationMgr(  538): requestConnection duplicated request: connect=false, mConnectionState=DISCONNECTED
06-27 02:30:23.577 D/AccessibilityManagerService(  538): restoreCurrentUserForTestAutomationIfNeededLocked(): ignoring because device doesn't support visible background users
06-27 02:30:23.577 I/AiAiEcho( 1691): Settings changed for uri: content://settings/secure/accessibility_enabled
06-27 02:30:23.578 D/BatterySaverPolicy(  538): accessibility changed to false, updating policy.
06-27 02:30:23.578 I/A11yListener( 1707): (REDACTED) #onAccessibilityStateChanged enabled: %s
06-27 02:30:23.578 I/A       ( 1772): NGA enabled in interactor.
06-27 02:30:23.578 I/A       ( 1772): NGA enabled in interactor.
06-27 02:30:23.578 I/AiAiEcho( 1691): Predicting[0]: 
06-27 02:30:23.578 I/AiAiEcho( 1691): EchoTargets: 
06-27 02:30:23.578 I/AiAiEcho( 1691): Filtered by AiAi flag check: 
06-27 02:30:23.578 I/AiAiEcho( 1691): Ranked targets strategy: SORT, count: 0, ranking metadata: 
06-27 02:30:23.579 I/AiAiEcho( 1691): Predicting[0]: 
06-27 02:30:23.579 I/AiAiEcho( 1691): EchoTargets: 
06-27 02:30:23.579 I/AiAiEcho( 1691): Filtered by AiAi flag check: 
06-27 02:30:23.579 I/AiAiEcho( 1691): Ranked targets strategy: SORT, count: 0, ranking metadata: 
06-27 02:30:23.579 I/AiAiEcho( 1691): #postPredictionTargets: Sending updates to UISurface home with targets# 0 (types=[])
06-27 02:30:23.579 I/A11yListener( 1707): #onChange
06-27 02:30:23.579 I/AiAiEcho( 1691): #postPredictionTargets: Sending updates to UISurface lockscreen with targets# 0 (types=[])
06-27 02:30:23.579 E/TraceManager( 1707): Duplicate trace
06-27 02:30:23.579 E/TraceManager( 1707): com.google.apps.tiktok.tracing.w: Starting new trace A11yEventListener_onChange when already associated with a trace: . For more help, see http://go/tiktok-tracing#fixing-duplicate-trace-issues
06-27 02:30:23.579 E/TraceManager( 1707): 	at com.google.apps.tiktok.tracing.el.f(PG:6)
06-27 02:30:23.579 E/TraceManager( 1707): 	at com.google.apps.tiktok.tracing.el.g(PG:2)
06-27 02:30:23.579 E/TraceManager( 1707): 	at com.google.apps.tiktok.tracing.dv.d(PG:1)
06-27 02:30:23.579 E/TraceManager( 1707): 	at com.google.android.libraries.search.assistant.a.g.a(PG:7)
06-27 02:30:23.579 E/TraceManager( 1707): 	at com.google.android.libraries.search.assistant.a.b.b(PG:2)
06-27 02:30:23.579 E/TraceManager( 1707): 	at i.c.b.a.a.h(PG:4)
06-27 02:30:23.579 E/TraceManager( 1707): 	at kotlinx.coroutines.bk.run(PG:14)
06-27 02:30:23.579 E/TraceManager( 1707): 	at com.google.apps.tiktok.coroutines.g.run(PG:1)
06-27 02:30:23.579 E/TraceManager( 1707): 	at com.google.android.libraries.i.z.run(PG:1)
06-27 02:30:23.579 E/TraceManager( 1707): 	at java.util.concurrent.ThreadPoolExecutor.runWorker(ThreadPoolExecutor.java:1145)
06-27 02:30:23.579 E/TraceManager( 1707): 	at java.util.concurrent.ThreadPoolExecutor$Worker.run(ThreadPoolExecutor.java:644)
06-27 02:30:23.579 E/TraceManager( 1707): 	at com.google.android.libraries.i.h.run(PG:2)
06-27 02:30:23.579 E/TraceManager( 1707): 	at java.lang.Thread.run(Thread.java:1012)
06-27 02:30:23.579 E/TraceManager( 1707): 	at com.google.android.libraries.i.ai.run(PG:5)
06-27 02:30:23.579 E/TraceManager( 1707): 	Suppressed: com.google.apps.tiktok.tracing.fv: 
06-27 02:30:23.579 E/TraceManager( 1707): 		at tk_trace.(Unknown Source:0)
06-27 02:30:23.579 E/TraceManager( 1707): 		at tk_trace.Missing root trace(Unknown Source:0)
06-27 02:30:23.579 E/TraceManager( 1707): Caused by: com.google.apps.tiktok.tracing.aa
06-27 02:30:23.579 I/Ma-Fcf-A11yChangeNotifier( 1707): #FCF: onChange
06-27 02:30:23.579 W/PageIndicator(  888): Total number of pages invalid: 0. Assuming 1 page.
06-27 02:30:23.579 I/A       ( 1707): FCF A11y Checker - readyForTngMa
06-27 02:30:23.579 I/A       ( 1707): (REDACTED) #FCF: Continued Conversation Mode Enabled: %s
06-27 02:30:23.580 I/A       ( 1707): (REDACTED) #FCF: Headset Connected Status: %s
06-27 02:30:23.580 I/A       ( 1707): (REDACTED) #FCF: Assistant primary locale : %s
06-27 02:30:23.580 I/A       ( 1707): (REDACTED) #FCF: Assistant Primary locale check status : %s
06-27 02:30:23.580 W/A       ( 1707): Unable to check for productivity accounts. Assuming there are none.
06-27 02:30:23.580 W/A       ( 1707): com.google.android.libraries.geller.portable.GellerException: Code: INVALID_ARGUMENT, Message: Account name is null.
06-27 02:30:23.580 W/A       ( 1707): 	at com.google.android.libraries.search.h.k.a(PG:6)
06-27 02:30:23.580 W/A       ( 1707): 	at com.google.apps.tiktok.tracing.es.a(PG:3)
06-27 02:30:23.580 W/A       ( 1707): 	at com.google.common.w.a.bc.a(PG:1)
06-27 02:30:23.580 W/A       ( 1707): 	at com.google.common.w.a.cw.run(PG:4)
06-27 02:30:23.580 W/A       ( 1707): 	at com.google.android.libraries.i.z.run(PG:1)
06-27 02:30:23.580 W/A       ( 1707): 	at java.util.concurrent.ThreadPoolExecutor.runWorker(ThreadPoolExecutor.java:1145)
06-27 02:30:23.580 W/A       ( 1707): 	at java.util.concurrent.ThreadPoolExecutor$Worker.run(ThreadPoolExecutor.java:644)
06-27 02:30:23.580 W/A       ( 1707): 	at com.google.android.libraries.i.h.run(PG:2)
06-27 02:30:23.580 W/A       ( 1707): 	at java.lang.Thread.run(Thread.java:1012)
06-27 02:30:23.580 W/A       ( 1707): 	at com.google.android.libraries.i.ai.run(PG:5)
06-27 02:30:23.580 D/AndroidRuntime( 7723): Shutting down VM
06-27 02:30:23.580 I/A       ( 1707): (REDACTED) #FCF evaluate: %s
