06-27 02:30:09.569 I/AiAiEcho( 1691): Filtered by AiAi flag check: 
06-27 02:30:09.569 I/AiAiEcho( 1691): Ranked targets strategy: SORT, count: 0, ranking metadata: 
06-27 02:30:09.569 I/AiAiEcho( 1691): #postPredictionTargets: Sending updates to UISurface home with targets# 0 (types=[])
06-27 02:30:09.569 I/A       ( 1707): (REDACTED) #FCF: Headset Connected Status: %s
06-27 02:30:09.569 I/A       ( 1707): (REDACTED) #FCF: Assistant primary locale : %s
06-27 02:30:09.569 I/A       ( 1707): (REDACTED) #FCF: Assistant Primary locale check status : %s
06-27 02:30:09.570 W/A       ( 1707): Unable to check for productivity accounts. Assuming there are none.
06-27 02:30:09.570 W/A       ( 1707): com.google.android.libraries.geller.portable.GellerException: Code: INVALID_ARGUMENT, Message: Account name is null.
06-27 02:30:09.570 W/A       ( 1707): 	at com.google.android.libraries.search.h.k.a(PG:6)
06-27 02:30:09.570 W/A       ( 1707): 	at com.google.apps.tiktok.tracing.es.a(PG:3)
06-27 02:30:09.570 W/A       ( 1707): 	at com.google.common.w.a.bc.a(PG:1)
06-27 02:30:09.570 W/A       ( 1707): 	at com.google.common.w.a.cw.run(PG:4)
06-27 02:30:09.570 W/A       ( 1707): 	at com.google.android.libraries.i.z.run(PG:1)
06-27 02:30:09.570 W/A       ( 1707): 	at java.util.concurrent.ThreadPoolExecutor.runWorker(ThreadPoolExecutor.java:1145)
06-27 02:30:09.570 W/A       ( 1707): 	at java.util.concurrent.ThreadPoolExecutor$Worker.run(ThreadPoolExecutor.java:644)
06-27 02:30:09.570 W/A       ( 1707): 	at com.google.android.libraries.i.h.run(PG:2)
06-27 02:30:09.570 W/A       ( 1707): 	at java.lang.Thread.run(Thread.java:1012)
06-27 02:30:09.570 W/A       ( 1707): 	at com.google.android.libraries.i.ai.run(PG:5)
06-27 02:30:09.571 D/AndroidRuntime( 7684): Shutting down VM
06-27 02:30:09.571 I/AiAiEcho( 1691): Predicting[0]: 
06-27 02:30:09.571 I/AiAiEcho( 1691): EchoTargets: 
06-27 02:30:09.571 I/AiAiEcho( 1691): Filtered by AiAi flag check: 
06-27 02:30:09.571 I/AiAiEcho( 1691): Ranked targets strategy: SORT, count: 0, ranking metadata: 
06-27 02:30:09.571 I/AiAiEcho( 1691): #postPredictionTargets: Sending updates to UISurface lockscreen with targets# 0 (types=[])
06-27 02:30:09.571 W/PageIndicator(  888): Total number of pages invalid: 0. Assuming 1 page.
06-27 02:30:09.572 I/A       ( 1707): (REDACTED) #FCF evaluate: %s
06-27 02:30:09.572 I/A       ( 1707): (REDACTED) TngMaStatusChecker#evaluateInternal completed in %s millis
06-27 02:30:09.572 I/Ma-Entry-Triggering( 1707): (REDACTED) TNG:MA status updated: %s
06-27 02:30:09.572 I/Ma-Entry-Triggering( 1707): TNG:MA became ineligible, client should disconnect
06-27 02:30:09.572 I/Ma-Entry-Triggering( 1707): #disconnectAndStop - preventing double stop
06-27 02:30:09.572 I/A       ( 1707): #invalidationSource: adding headset checker
06-27 02:30:09.572 I/A       ( 1707): #invalidationSource : adding a11y checker
06-27 02:30:09.576 I/NetworkScheduler.Stats( 5242): Task com.google.android.gms/com.google.android.gms.ipa.base.IpaGcmTaskService started execution. cause:9 exec_start_elapsed_seconds: 724 [CONTEXT service_id=218 ]
06-27 02:30:09.577 I/NetworkScheduler.Stats( 5242): Task com.google.android.gms/com.google.android.gms.ipa.base.IpaGcmTaskService finished executing. cause:9 result: 1 elapsed_millis: 4 uptime_millis: 4 exec_start_elapsed_seconds: 724 [CONTEXT service_id=218 ]
06-27 02:30:10.430 D/TaplEvents( 1163): TIS / TouchInteractionService.onInputEvent: MotionEvent { action=ACTION_DOWN, actionButton=0, id[0]=0, x[0]=894.0, y[0]=1520.0, toolType[0]=TOOL_TYPE_FINGER, buttonState=0, classification=NONE, metaState=0, flags=0x0, edgeFlags=0x0, pointerCount=1, historySize=0, eventTime=724959, downTime=724959, deviceId=-1, source=0x1002, displayId=0, eventId=-185553123 }
06-27 02:30:10.430 D/AutofillManager( 6170): Fill dialog is enabled:false, hints=[password, passwordAuto, creditCardNumber, creditCardSecurityCode, creditCardExpirationDate]
06-27 02:30:10.430 D/TaplEvents( 1163): TIS / TouchInteractionService.onInputEvent: MotionEvent { action=ACTION_UP, actionButton=0, id[0]=0, x[0]=894.0, y[0]=1520.0, toolType[0]=TOOL_TYPE_FINGER, buttonState=0, classification=NONE, metaState=0, flags=0x0, edgeFlags=0x0, pointerCount=1, historySize=0, eventTime=724959, downTime=724959, deviceId=-1, source=0x1002, displayId=0, eventId=-970599178 }
06-27 02:30:10.435 D/audioserver(  386): FGS Logger Transaction failed
06-27 02:30:10.435 D/audioserver(  386): -129
06-27 02:30:10.440 D/EGL_emulation( 6170): app_time_stats: avg=137.42ms min=15.22ms max=2064.54ms count=17
06-27 02:30:10.455 I/netd    (  352): networkSetProtectDeny(10194) <0.00ms>
06-27 02:30:10.456 I/Vpn     (  538): Switched from org.adaway to org.adaway
06-27 02:30:10.456 I/netd    (  352): networkSetProtectAllow(10195) <0.00ms>
06-27 02:30:10.456 D/Vpn     (  538): setting state=DISCONNECTED, reason=prepare
06-27 02:30:10.457 V/WindowManagerShell(  888): Transition requested: android.os.BinderProxy@8d4c40e TransitionRequestInfo { type = CLOSE, triggerTask = null, remoteTransition = null, displayChange = null }
06-27 02:30:10.461 D/CompatibilityChangeReporter( 7572): Compat change id reported: 78294732; UID 10195; state: ENABLED
06-27 02:30:10.462 V/WindowManager(  538): Sent Transition #34 createdAt=06-27 02:30:10.456 via request=TransitionRequestInfo { type = CLOSE, triggerTask = null, remoteTransition = null, displayChange = null }
06-27 02:30:10.462 V/WindowManager(  538):     startWCT=WindowContainerTransaction { changes = {} hops = [] errorCallbackToken=null taskFragmentOrganizer=null }
06-27 02:30:10.462 V/WindowManager(  538):     info={id=34 t=CLOSE f=0x0 trk=0 r=[0@Point(0, 0)] c=[{null m=CLOSE f=TRANSLUCENT|FILLS_TASK leash=Surface(name=ActivityRecord{8721146 u0 com.android.vpndialogs/.ConfirmDialog)/@0xbb1332a sb=Rect(0, 0 - 1080, 2400) eb=Rect(0, 0 - 1080, 2400) d=0}]}
06-27 02:30:10.462 V/WindowManagerShell(  888): onTransitionReady android.os.BinderProxy@8d4c40e: {id=34 t=CLOSE f=0x0 trk=0 r=[0@Point(0, 0)] c=[{null m=CLOSE f=TRANSLUCENT|FILLS_TASK leash=Surface(name=ActivityRecord{8721146 u0 com.android.vpndialogs/.ConfirmDialog)/@0x727ee2f sb=Rect(0, 0 - 1080, 2400) eb=Rect(0, 0 - 1080, 2400) d=0}]}
06-27 02:30:10.462 V/WindowManagerShell(  888): Playing animation for (#34)android.os.BinderProxy@8d4c40e@0
06-27 02:30:10.462 V/WindowManagerShell(  888):  try handler com.android.wm.shell.transition.DefaultMixedHandler@39b24ca
06-27 02:30:10.462 V/WindowManagerShell(  888):  try handler com.android.wm.shell.keyguard.KeyguardTransitionHandler@c80663b
06-27 02:30:10.462 V/WindowManagerShell(  888):  try handler com.android.wm.shell.activityembedding.ActivityEmbeddingController@e73b158
06-27 02:30:10.462 V/WindowManagerShell(  888):  try handler com.android.wm.shell.recents.RecentsTransitionHandler@95b82b1
06-27 02:30:10.462 V/ShellRecents(  888): RecentsTransitionHandler.startAnimation: no controller found
06-27 02:30:10.462 V/WindowManagerShell(  888):  try handler com.android.wm.shell.pip.PipTransition@3aec396
06-27 02:30:10.462 V/WindowManagerShell(  888):  try handler com.android.wm.shell.splitscreen.StageCoordinator@d052b17
06-27 02:30:10.462 V/WindowManagerShell(  888):  try handler com.android.wm.shell.transition.RemoteTransitionHandler@91e8b04
06-27 02:30:10.462 V/WindowManagerShell(  888): Transition doesn't have explicit remote, search filters for match for {id=34 t=CLOSE f=0x0 trk=0 r=[0@Point(0, 0)] c=[{null m=CLOSE f=TRANSLUCENT|FILLS_TASK leash=Surface(name=ActivityRecord{8721146 u0 com.android.vpndialogs/.ConfirmDialog)/@0x727ee2f sb=Rect(0, 0 - 1080, 2400) eb=Rect(0, 0 - 1080, 2400) d=0}]}
06-27 02:30:10.462 V/WindowManagerShell(  888):  Checking filter Pair{{types=[] flags=0x0] notFlags=0x0 checks=[{atype=dream independent=true modes=[OPEN,TO_FRONT] flags=NONE mustBeTask=false order=ANY topActivity=null},{atype=home independent=true modes=[CLOSE,TO_BACK] flags=NONE mustBeTask=false order=ANY topActivity=null}]} RemoteTransition { remoteTransition = android.window.IRemoteTransition$Stub$Proxy@4a15b8a, appThread = android.app.IApplicationThread$Stub$Proxy@95435fb, debugName = LauncherToDream }}
06-27 02:30:10.462 V/WindowManagerShell(  888):  Checking filter Pair{{types=[] flags=0x0] notFlags=0x100 checks=[{atype=home independent=true modes=[OPEN,TO_FRONT] flags=NONE mustBeTask=false order=TOP topActivity=ComponentInfo{com.google.android.apps.nexuslauncher/com.google.android.apps.nexuslauncher.NexusLauncherActivity}},{atype=standard independent=true modes=[CLOSE,TO_BACK] flags=NONE mustBeTask=false order=ANY topActivity=null}]} RemoteTransition { remoteTransition = android.window.IRemoteTransition$Stub$Proxy@c6fa618, appThread = android.app.IApplicationThread$Stub$Proxy@eb53871, debugName = QuickstepLaunchHome }}
06-27 02:30:10.462 V/WindowManagerShell(  888):  Delegate animation for #34 to null
06-27 02:30:10.462 V/WindowManagerShell(  888):  try handler com.android.wm.shell.transition.DefaultTransitionHandler@97498ed
06-27 02:30:10.462 V/WindowManagerShell(  888): start default transition animation, info = {id=34 t=CLOSE f=0x0 trk=0 r=[0@Point(0, 0)] c=[{null m=CLOSE f=TRANSLUCENT|FILLS_TASK leash=Surface(name=ActivityRecord{8721146 u0 com.android.vpndialogs/.ConfirmDialog)/@0x727ee2f sb=Rect(0, 0 - 1080, 2400) eb=Rect(0, 0 - 1080, 2400) d=0}]}
06-27 02:30:10.462 V/WindowManagerShell(  888): loadAnimation: anim=null animAttr=0x7 type=CLOSE isEntrance=false
06-27 02:30:10.463 V/WindowManagerShell(  888): Transition animation finished (aborted=false), notifying core (#34)android.os.BinderProxy@8d4c40e@0
06-27 02:30:10.463 D/VpnServiceControls( 7572): VpnServiceControls.start() called
06-27 02:30:10.463 V/WindowManager(  538): Finish Transition #34: created at 06-27 02:30:10.456 collect-started=0.011ms request-sent=0.079ms started=2.292ms ready=4.038ms sent=5.615ms finished=7.118ms
06-27 02:30:10.464 V/WindowManagerShell(  888): Track 0 became idle
06-27 02:30:10.464 V/WindowManagerShell(  888): All active transition animations finished
06-27 02:30:10.464 V/WindowManagerShell(  888):  animated by com.android.wm.shell.transition.DefaultTransitionHandler@97498ed
06-27 02:30:10.464 V/WindowManagerShell(  888): Track 0 became idle
06-27 02:30:10.464 V/WindowManagerShell(  888): All active transition animations finished
06-27 02:30:10.465 D/VpnServiceControls( 7572): Attempting to launch service intent
06-27 02:30:10.465 I/ActivityManager(  538): Background started FGS: Allowed [callingPackage: org.adaway; callingUid: 10195; uidState: TOP ; uidBFSL: [BFSL]; intent: Intent { cmp=org.adaway/.vpn.VpnService (has extras) }; code:PROC_STATE_TOP; tempAllowListReason:<null>; targetSdkVersion:34; callerTargetSdkVersion:34; startForegroundCount:0; bindFromPackage:null: isBindService:false]
06-27 02:30:10.466 I/AssistantForeground( 1707): (REDACTED) Get launcher package: %s
06-27 02:30:10.466 D/VpnServiceControls( 7572): Service launch result: ComponentInfo{org.adaway/org.adaway.vpn.VpnService}
06-27 02:30:10.466 D/AdBlockModel( 7572): VPN configuration successfully updated
06-27 02:30:10.467 D/CompatibilityChangeReporter(  538): Compat change id reported: 265464455; UID 10195; state: DISABLED
06-27 02:30:10.467 D/CompatibilityChangeReporter(  538): Compat change id reported: 265452344; UID 10195; state: DISABLED
06-27 02:30:10.467 D/CompatibilityChangeReporter(  538): Compat change id reported: 266124927; UID 10195; state: DISABLED
06-27 02:30:10.467 D/CompatibilityChangeReporter(  538): Compat change id reported: 265451093; UID 10195; state: DISABLED
06-27 02:30:10.467 D/CompatibilityChangeReporter(  538): Compat change id reported: 265456536; UID 10195; state: DISABLED
06-27 02:30:10.467 D/CompatibilityChangeReporter(  538): Compat change id reported: 255940284; UID 10195; state: DISABLED
06-27 02:30:10.467 D/CompatibilityChangeReporter(  538): Compat change id reported: 236283604; UID 10195; state: DISABLED
06-27 02:30:10.468 D/CompatibilityChangeReporter(  538): Compat change id reported: 263959004; UID 10195; state: DISABLED
06-27 02:30:10.468 D/CompatibilityChangeReporter(  538): Compat change id reported: 264304459; UID 10195; state: DISABLED
06-27 02:30:10.468 D/CompatibilityChangeReporter(  538): Compat change id reported: 264301586; UID 10195; state: DISABLED
06-27 02:30:10.468 D/CompatibilityChangeReporter(  538): Compat change id reported: 254631730; UID 10195; state: DISABLED
06-27 02:30:10.468 D/CompatibilityChangeReporter(  538): Compat change id reported: 273509367; UID 10195; state: DISABLED
06-27 02:30:10.468 D/CompatibilityChangeReporter(  538): Compat change id reported: 263259275; UID 10195; state: DISABLED
06-27 02:30:10.468 D/CompatibilityChangeReporter(  538): Compat change id reported: 174042980; UID 10195; state: DISABLED
06-27 02:30:10.468 D/CompatibilityChangeReporter(  538): Compat change id reported: 174042936; UID 10195; state: DISABLED
06-27 02:30:10.468 D/CompatibilityChangeReporter(  538): Compat change id reported: 181136395; UID 10195; state: DISABLED
06-27 02:30:10.468 D/CompatibilityChangeReporter(  538): Compat change id reported: 194480991; UID 10195; state: ENABLED
06-27 02:30:10.471 D/CompatibilityChangeReporter(  538): Compat change id reported: 184838306; UID 10195; state: DISABLED
06-27 02:30:10.471 D/CompatibilityChangeReporter(  538): Compat change id reported: 185004937; UID 10195; state: DISABLED
06-27 02:30:10.471 V/SplashScreenExceptionList(  538): SplashScreen checking exception for package org.adaway (target sdk:34) -> false
06-27 02:30:10.471 D/CompatibilityChangeReporter(  538): Compat change id reported: 205907456; UID 10195; state: ENABLED
06-27 02:30:10.472 V/WindowManagerShell(  888): Transition requested: android.os.BinderProxy@61d131a TransitionRequestInfo { type = OPEN, triggerTask = TaskInfo{userId=0 taskId=12 displayId=0 isRunning=true baseIntent=Intent { act=android.intent.action.MAIN cat=[android.intent.category.LAUNCHER] flg=0x10000000 cmp=org.adaway/.ui.home.HomeActivity } baseActivity=ComponentInfo{org.adaway/org.adaway.ui.home.HomeActivity} topActivity=ComponentInfo{org.adaway/org.adaway.ui.home.HomeActivity} origActivity=null realActivity=ComponentInfo{org.adaway/org.adaway.ui.home.HomeActivity} numActivities=1 lastActiveTime=725000 supportsMultiWindow=true resizeMode=1 isResizeable=true minWidth=-1 minHeight=-1 defaultMinSize=220 token=WCT{android.window.IWindowContainerToken$Stub$Proxy@64f3e4b} topActivityType=1 pictureInPictureParams=null shouldDockBigOverlays=false launchIntoPipHostTaskId=-1 lastParentTaskIdBeforePip=-1 displayCutoutSafeInsets=Rect(0, 128 - 0, 0) topActivityInfo=ActivityInfo{dba9028 org.adaway.ui.home.HomeActivity} launchCookies=[] positionInParent=Point(0, 0) parentTaskId=-1 isFocused=true isVisible=true isVisibleRequested=false isSleeping=false topActivityInSizeCompat=false topActivityEligibleForLetterboxEducation= false topActivityLetterboxed= false isFromDoubleTap= false topActivityLetterboxVerticalPosition= -1 topActivityLetterboxHorizontalPosition= -1 topActivityLetterboxWidth=-1 topActivityLetterboxHeight=-1 locusId=null displayAreaFeatureId=1 cameraCompatControlState=hidden}, remoteTransition = null, displayChange = null }
06-27 02:30:10.472 D/CompatibilityChangeReporter(  538): Compat change id reported: 194833441; UID 10195; state: ENABLED
06-27 02:30:10.472 I/ActivityTaskManager(  538): START u0 {flg=0x10008000 cmp=org.adaway/.ui.home.HomeActivity (has extras)} with LAUNCH_SINGLE_TOP from uid 10195 (BAL_ALLOW_VISIBLE_WINDOW) result code=0
06-27 02:30:10.472 W/ActivityTaskManager(  538): Duplicate finish request for r=ActivityRecord{f61481b u0 org.adaway/.ui.onboarding.OnboardingActivity t12 f}}
06-27 02:30:10.472 D/OpenGLRenderer( 6170): endAllActiveAnimators on 0xb400007720248f90 (RippleDrawable) with handle 0xb4000077a0275830
06-27 02:30:10.474 D/SplashScreenView(  888): Build android.window.SplashScreenView{96946e6 V.E...... ......ID 0,0-0,0}
06-27 02:30:10.474 D/SplashScreenView(  888): Icon: view: null drawable: null size: 0
06-27 02:30:10.474 D/SplashScreenView(  888): Branding: view: android.view.View{1517427 G.ED..... ......I. 0,0-0,0 #10204ef android:id/splashscreen_branding_view} drawable: null size w: 0 h: 0
06-27 02:30:10.475 D/CompatibilityChangeReporter(  538): Compat change id reported: 168419799; UID 10195; state: DISABLED
06-27 02:30:10.475 D/CompatibilityChangeReporter(  538): Compat change id reported: 273564678; UID 10195; state: DISABLED
06-27 02:30:10.477 W/WindowOnBackDispatcher( 6170): sendCancelIfRunning: isInProgress=falsecallback=android.view.ViewRootImpl$$ExternalSyntheticLambda17@95fb6d1
06-27 02:30:10.477 D/CoreBackPreview(  538): Window{4ba64a3 u0 com.android.vpndialogs/com.android.vpndialogs.ConfirmDialog EXITING}: Setting back callback null
06-27 02:30:10.477 W/InputManager-JNI(  538): Input channel object '4ba64a3 com.android.vpndialogs/com.android.vpndialogs.ConfirmDialog (client)' was disposed without first being removed with the input manager!
06-27 02:30:10.481 D/VpnService( 7572): Creating VPN service…
06-27 02:30:10.482 D/VpnService( 7572): Initial network types: [WIFI] 
06-27 02:30:10.483 D/ConnectivityService(  538): NetReassign [no changes] [c 0] [a 0] [i 0]
06-27 02:30:10.483 D/VpnService( 7572): VpnService onStartCommand called. Intent: Intent { cmp=org.adaway/.vpn.VpnService (has extras) }
06-27 02:30:10.483 D/ConnectivityService(  538): requestNetwork for uid/pid:10195/7572 activeRequest: null callbackRequest: 190 [NetworkRequest [ REQUEST id=191, [ Capabilities: INTERNET&NOT_RESTRICTED&TRUSTED&NOT_VCN_MANAGED Uid: 10195 RequestorUid: 10195 RequestorPkg: org.adaway UnderlyingNetworks: Null] ]] callback flags: 0 order: 2147483647
06-27 02:30:10.483 D/VpnService( 7572): Command received: START
06-27 02:30:10.483 D/VpnService( 7572): Processing START command
06-27 02:30:10.483 D/VpnService( 7572): startVpn() called
06-27 02:30:10.483 D/ConnectivityService(  538): NetReassign [no changes] [c 0] [a 1] [i 0]
06-27 02:30:10.484 I/BpBinder(  394): onLastStrongRef automatically unlinking death recipients: 
06-27 02:30:10.484 D/CoreBackPreview(  538): Window{c556a0b u0 Splash Screen org.adaway}: Setting back callback OnBackInvokedCallbackInfo{mCallback=android.window.IOnBackInvokedCallback$Stub$Proxy@5b44139, mPriority=0, mIsAnimationCallback=false}
06-27 02:30:10.484 D/ConnectivityService(  538): NetReassign [191 : null → 100] [c 0] [a 0] [i 1]
06-27 02:30:10.485 D/WifiNetworkFactory(  538): got request NetworkRequest [ REQUEST id=191, [ Capabilities: INTERNET&NOT_RESTRICTED&TRUSTED&NOT_VCN_MANAGED Uid: 10195 RequestorUid: 10195 RequestorPkg: org.adaway UnderlyingNetworks: Null] ]
06-27 02:30:10.485 D/VpnService( 7572): updateVpnStatus called with status: STARTING
06-27 02:30:10.485 D/UntrustedWifiNetworkFactory(  538): got request NetworkRequest [ REQUEST id=191, [ Capabilities: INTERNET&NOT_RESTRICTED&TRUSTED&NOT_VCN_MANAGED Uid: 10195 RequestorUid: 10195 RequestorPkg: org.adaway UnderlyingNetworks: Null] ]
06-27 02:30:10.485 D/OemPaidWifiNetworkFactory(  538): got request NetworkRequest [ REQUEST id=191, [ Capabilities: INTERNET&NOT_RESTRICTED&TRUSTED&NOT_VCN_MANAGED Uid: 10195 RequestorUid: 10195 RequestorPkg: org.adaway UnderlyingNetworks: Null] ]
06-27 02:30:10.485 D/MultiInternetWifiNetworkFactory(  538): got request NetworkRequest [ REQUEST id=191, [ Capabilities: INTERNET&NOT_RESTRICTED&TRUSTED&NOT_VCN_MANAGED Uid: 10195 RequestorUid: 10195 RequestorPkg: org.adaway UnderlyingNetworks: Null] ]
06-27 02:30:10.488 D/VpnService( 7572): Calling startForeground with VPN special-use type
06-27 02:30:10.489 D/CompatibilityChangeReporter(  538): Compat change id reported: 170668199; UID 10195; state: ENABLED
06-27 02:30:10.489 D/VpnService( 7572): startForeground success
06-27 02:30:10.489 D/VpnWorker( 7572): Starting VPN thread…
06-27 02:30:10.490 E/OpenGLRenderer(  888): Unable to match the desired swap behavior.
06-27 02:30:10.495 D/VpnWorker( 7572): Starting work…
06-27 02:30:10.495 I/VpnWorker( 7572): VPN thread started.
06-27 02:30:10.495 I/VpnService( 7572): VPN service started.
06-27 02:30:10.495 D/VpnWatchdog( 7572): initialize: Initializing watchdog
06-27 02:30:10.495 D/VpnWatchdog( 7572): initialize: Disabled.
06-27 02:30:10.499 D/VpnBuilder( 7572): Establishing VPN…
06-27 02:30:10.500 D/DnsServerMapper( 7572): Dumping network and dns configuration:
06-27 02:30:10.502 D/DnsServerMapper( 7572): Network 100 [default]: WiFi with dns /10.0.2.3
06-27 02:30:10.503 D/DnsServerMapper( 7572): Network 101 [other]: cellular with dns /10.0.2.3
06-27 02:30:10.504 D/DnsServerMapper( 7572): Get DNS servers from active network 100
06-27 02:30:10.504 D/DnsServerMapper( 7572): Set /192.0.2.1 as IPv4 network address to tunnel interface.
06-27 02:30:10.505 I/DnsServerMapper( 7572): Mapping DNS server /10.0.2.3 as /192.0.2.2.
06-27 02:30:10.505 D/DnsServerMapper( 7572): Added DoH block route for 1.1.1.1/32.
06-27 02:30:10.505 D/DnsServerMapper( 7572): Added DoH block route for 1.0.0.1/32.
06-27 02:30:10.505 V/WindowManager(  538): Sent Transition #35 createdAt=06-27 02:30:10.470 via request=TransitionRequestInfo { type = OPEN, triggerTask = TaskInfo{userId=0 taskId=12 displayId=0 isRunning=true baseIntent=Intent { act=android.intent.action.MAIN cat=[android.intent.category.LAUNCHER] flg=0x10000000 cmp=org.adaway/.ui.home.HomeActivity } baseActivity=ComponentInfo{org.adaway/org.adaway.ui.home.HomeActivity} topActivity=ComponentInfo{org.adaway/org.adaway.ui.home.HomeActivity} origActivity=null realActivity=ComponentInfo{org.adaway/org.adaway.ui.home.HomeActivity} numActivities=1 lastActiveTime=725000 supportsMultiWindow=true resizeMode=1 isResizeable=true minWidth=-1 minHeight=-1 defaultMinSize=220 token=WCT{RemoteToken{847beff Task{51361c2 #12 type=standard A=10195:org.adaway}}} topActivityType=1 pictureInPictureParams=null shouldDockBigOverlays=false launchIntoPipHostTaskId=-1 lastParentTaskIdBeforePip=-1 displayCutoutSafeInsets=Rect(0, 128 - 0, 0) topActivityInfo=ActivityInfo{7804cd7 org.adaway.ui.home.HomeActivity} launchCookies=[] positionInParent=Point(0, 0) parentTaskId=-1 isFocused=true isVisible=true isVisibleRequested=false isSleeping=false topActivityInSizeCompat=false topActivityEligibleForLetterboxEducation= false topActivityLetterboxed= false isFromDoubleTap= false topActivityLetterboxVerticalPosition= -1 topActivityLetterboxHorizontalPosition= -1 topActivityLetterboxWidth=-1 topActivityLetterboxHeight=-1 locusId=null displayAreaFeatureId=1 cameraCompatControlState=hidden}, remoteTransition = null, displayChange = null }
06-27 02:30:10.505 V/WindowManager(  538):     startWCT=WindowContainerTransaction { changes = {} hops = [] errorCallbackToken=null taskFragmentOrganizer=null }
06-27 02:30:10.505 V/WindowManager(  538):     info={id=35 t=OPEN f=0x0 trk=0 r=[0@Point(0, 0)] c=[{null m=OPEN f=FILLS_TASK|IS_BEHIND_STARTING_WINDOW leash=Surface(name=ActivityRecord{e0d80fc u0 org.adaway/.ui.home.HomeActivity)/@0x35fde71 sb=Rect(0, 0 - 0, 0) eb=Rect(0, 0 - 1080, 2400) d=-1->0 r=-1->0:-1},{null m=CLOSE f=FILLS_TASK|IS_BEHIND_STARTING_WINDOW leash=Surface(name=ActivityRecord{f61481b u0 org.adaway/.ui.onboarding.OnboardingActivity)/@0xceef6f6 sb=Rect(0, 0 - 1080, 2400) eb=Rect(0, 0 - 1080, 2400) d=0}]}
06-27 02:30:10.505 V/WindowManagerShell(  888): onTransitionReady android.os.BinderProxy@61d131a: {id=35 t=OPEN f=0x0 trk=0 r=[0@Point(0, 0)] c=[{null m=OPEN f=FILLS_TASK|IS_BEHIND_STARTING_WINDOW leash=Surface(name=ActivityRecord{e0d80fc u0 org.adaway/.ui.home.HomeActivity)/@0xd61dc6c sb=Rect(0, 0 - 0, 0) eb=Rect(0, 0 - 1080, 2400) d=-1->0 r=-1->0:-1},{null m=CLOSE f=FILLS_TASK|IS_BEHIND_STARTING_WINDOW leash=Surface(name=ActivityRecord{f61481b u0 org.adaway/.ui.onboarding.OnboardingActivity)/@0xb5bf235 sb=Rect(0, 0 - 1080, 2400) eb=Rect(0, 0 - 1080, 2400) d=0}]}
06-27 02:30:10.506 V/WindowManagerShell(  888): Playing animation for (#35)android.os.BinderProxy@61d131a@0
06-27 02:30:10.506 V/WindowManagerShell(  888):  try handler com.android.wm.shell.transition.DefaultMixedHandler@39b24ca
06-27 02:30:10.506 V/WindowManagerShell(  888):  try handler com.android.wm.shell.keyguard.KeyguardTransitionHandler@c80663b
06-27 02:30:10.506 V/WindowManagerShell(  888):  try handler com.android.wm.shell.activityembedding.ActivityEmbeddingController@e73b158
06-27 02:30:10.506 V/WindowManagerShell(  888):  try handler com.android.wm.shell.recents.RecentsTransitionHandler@95b82b1
06-27 02:30:10.506 V/ShellRecents(  888): RecentsTransitionHandler.startAnimation: no controller found
06-27 02:30:10.506 V/WindowManagerShell(  888):  try handler com.android.wm.shell.pip.PipTransition@3aec396
06-27 02:30:10.506 V/WindowManagerShell(  888):  try handler com.android.wm.shell.splitscreen.StageCoordinator@d052b17
06-27 02:30:10.506 V/WindowManagerShell(  888):  try handler com.android.wm.shell.transition.RemoteTransitionHandler@91e8b04
06-27 02:30:10.506 V/WindowManagerShell(  888): Transition doesn't have explicit remote, search filters for match for {id=35 t=OPEN f=0x0 trk=0 r=[0@Point(0, 0)] c=[{null m=OPEN f=FILLS_TASK|IS_BEHIND_STARTING_WINDOW leash=Surface(name=ActivityRecord{e0d80fc u0 org.adaway/.ui.home.HomeActivity)/@0xd61dc6c sb=Rect(0, 0 - 0, 0) eb=Rect(0, 0 - 1080, 2400) d=-1->0 r=-1->0:-1},{null m=CLOSE f=FILLS_TASK|IS_BEHIND_STARTING_WINDOW leash=Surface(name=ActivityRecord{f61481b u0 org.adaway/.ui.onboarding.OnboardingActivity)/@0xb5bf235 sb=Rect(0, 0 - 1080, 2400) eb=Rect(0, 0 - 1080, 2400) d=0}]}
06-27 02:30:10.506 V/WindowManagerShell(  888):  Checking filter Pair{{types=[] flags=0x0] notFlags=0x0 checks=[{atype=dream independent=true modes=[OPEN,TO_FRONT] flags=NONE mustBeTask=false order=ANY topActivity=null},{atype=home independent=true modes=[CLOSE,TO_BACK] flags=NONE mustBeTask=false order=ANY topActivity=null}]} RemoteTransition { remoteTransition = android.window.IRemoteTransition$Stub$Proxy@4a15b8a, appThread = android.app.IApplicationThread$Stub$Proxy@95435fb, debugName = LauncherToDream }}
06-27 02:30:10.506 V/WindowManagerShell(  888):  Checking filter Pair{{types=[] flags=0x0] notFlags=0x100 checks=[{atype=home independent=true modes=[OPEN,TO_FRONT] flags=NONE mustBeTask=false order=TOP topActivity=ComponentInfo{com.google.android.apps.nexuslauncher/com.google.android.apps.nexuslauncher.NexusLauncherActivity}},{atype=standard independent=true modes=[CLOSE,TO_BACK] flags=NONE mustBeTask=false order=ANY topActivity=null}]} RemoteTransition { remoteTransition = android.window.IRemoteTransition$Stub$Proxy@c6fa618, appThread = android.app.IApplicationThread$Stub$Proxy@eb53871, debugName = QuickstepLaunchHome }}
06-27 02:30:10.506 V/WindowManagerShell(  888):  Delegate animation for #35 to null
06-27 02:30:10.506 V/WindowManagerShell(  888):  try handler com.android.wm.shell.transition.DefaultTransitionHandler@97498ed
06-27 02:30:10.506 V/WindowManagerShell(  888): start default transition animation, info = {id=35 t=OPEN f=0x0 trk=0 r=[0@Point(0, 0)] c=[{null m=OPEN f=FILLS_TASK|IS_BEHIND_STARTING_WINDOW leash=Surface(name=ActivityRecord{e0d80fc u0 org.adaway/.ui.home.HomeActivity)/@0xd61dc6c sb=Rect(0, 0 - 0, 0) eb=Rect(0, 0 - 1080, 2400) d=-1->0 r=-1->0:-1},{null m=CLOSE f=FILLS_TASK|IS_BEHIND_STARTING_WINDOW leash=Surface(name=ActivityRecord{f61481b u0 org.adaway/.ui.onboarding.OnboardingActivity)/@0xb5bf235 sb=Rect(0, 0 - 1080, 2400) eb=Rect(0, 0 - 1080, 2400) d=0}]}
06-27 02:30:10.506 V/WindowManagerShell(  888): loadAnimation: anim=android.view.animation.AnimationSet@9073596 animAttr=0x5 type=OPEN isEntrance=false
06-27 02:30:10.506 D/DnsServerMapper( 7572): Added DoH block route for 8.8.8.8/32.
06-27 02:30:10.507 D/DnsServerMapper( 7572): Added DoH block route for 8.8.4.4/32.
06-27 02:30:10.507 D/DnsServerMapper( 7572): Added DoH block route for 9.9.9.9/32.
06-27 02:30:10.507 D/DnsServerMapper( 7572): Added DoH block route for 149.112.112.112/32.
06-27 02:30:10.507 D/DnsServerMapper( 7572): Added DoH block route for 208.67.222.222/32.
06-27 02:30:10.507 D/DnsServerMapper( 7572): Added DoH block route for 208.67.220.220/32.
06-27 02:30:10.507 I/AppsFilter(  538): interaction: PackageSetting{e5469c4 org.adaway/10195} -> PackageSetting{3c2f0ad com.android.cts.priv.ctsshim/10170} BLOCKED
06-27 02:30:10.507 I/AppsFilter(  538): interaction: PackageSetting{e5469c4 org.adaway/10195} -> PackageSetting{e3115b9 com.android.internal.display.cutout.emulation.corner/10022} BLOCKED
06-27 02:30:10.507 I/AppsFilter(  538): interaction: PackageSetting{e5469c4 org.adaway/10195} -> PackageSetting{59acdfe com.android.internal.display.cutout.emulation.double/10024} BLOCKED
06-27 02:30:10.507 I/AppsFilter(  538): interaction: PackageSetting{e5469c4 org.adaway/10195} -> PackageSetting{2235fe2 com.google.android.onetimeinitializer/10124} BLOCKED
06-27 02:30:10.507 I/AppsFilter(  538): interaction: PackageSetting{e5469c4 org.adaway/10195} -> PackageSetting{b12df73 com.google.android.ext.shared/10109} BLOCKED
06-27 02:30:10.507 I/AppsFilter(  538): interaction: PackageSetting{e5469c4 org.adaway/10195} -> PackageSetting{1c45475 com.android.internal.systemui.navbar.gestural_wide_back/10031} BLOCKED
06-27 02:30:10.507 I/AppsFilter(  538): interaction: PackageSetting{e5469c4 org.adaway/10195} -> PackageSetting{d105e30 com.android.virtualmachine.res/10172} BLOCKED
06-27 02:30:10.507 I/AppsFilter(  538): interaction: PackageSetting{e5469c4 org.adaway/10195} -> PackageSetting{5caeaa9 com.google.android.federatedcompute/10173} BLOCKED
06-27 02:30:10.507 I/AppsFilter(  538): interaction: PackageSetting{e5469c4 org.adaway/10195} -> PackageSetting{1faca98 com.android.managedprovisioning.auto_generated_rro_product__/10041} BLOCKED
06-27 02:30:10.507 I/AppsFilter(  538): interaction: PackageSetting{e5469c4 org.adaway/10195} -> PackageSetting{b12c2f1 com.android.carrierconfig.auto_generated_rro_vendor__/10079} BLOCKED
06-27 02:30:10.507 I/AppsFilter(  538): interaction: PackageSetting{e5469c4 org.adaway/10195} -> PackageSetting{5c89ed6 com.android.systemui.emulation.pixel_3_xl/10049} BLOCKED
06-27 02:30:10.507 I/AppsFilter(  538): interaction: PackageSetting{e5469c4 org.adaway/10195} -> PackageSetting{6550557 com.android.systemui.emulation.pixel_4_xl/10016} BLOCKED
06-27 02:30:10.507 I/AppsFilter(  538): interaction: PackageSetting{e5469c4 org.adaway/10195} -> PackageSetting{21df844 com.android.systemui.emulation.pixel_fold/10015} BLOCKED
06-27 02:30:10.507 I/AppsFilter(  538): interaction: PackageSetting{e5469c4 org.adaway/10195} -> PackageSetting{ff9d2d com.android.simappdialog.auto_generated_rro_product__/10045} BLOCKED
06-27 02:30:10.507 I/AppsFilter(  538): interaction: PackageSetting{e5469c4 org.adaway/10195} -> PackageSetting{29b982e com.android.htmlviewer/10105} BLOCKED
06-27 02:30:10.507 I/AppsFilter(  538): interaction: PackageSetting{e5469c4 org.adaway/10195} -> PackageSetting{631ffcf com.google.android.health.connect.backuprestore/10182} BLOCKED
06-27 02:30:10.507 I/AppsFilter(  538): interaction: PackageSetting{e5469c4 org.adaway/10195} -> PackageSetting{22454b0 com.android.systemui.auto_generated_rro_product__/10027} BLOCKED
06-27 02:30:10.507 I/AppsFilter(  538): interaction: PackageSetting{e5469c4 org.adaway/10195} -> PackageSetting{8552d5c com.google.android.soundpicker/10143} BLOCKED
06-27 02:30:10.507 I/AppsFilter(  538): interaction: PackageSetting{e5469c4 org.adaway/10195} -> PackageSetting{714b2ae com.google.android.marvin.talkbackoverlay/10081} BLOCKED
06-27 02:30:10.507 I/AppsFilter(  538): interaction: PackageSetting{e5469c4 org.adaway/10195} -> PackageSetting{13e8865 com.google.android.configupdater/10117} BLOCKED
06-27 02:30:10.507 I/AppsFilter(  538): interaction: PackageSetting{e5469c4 org.adaway/10195} -> PackageSetting{cf20bdc com.android.internal.emulation.pixel_3a_xl/10044} BLOCKED
06-27 02:30:10.507 I/AppsFilter(  538): interaction: PackageSetting{e5469c4 org.adaway/10195} -> PackageSetting{ad444e5 com.android.internal.emulation.pixel_6_pro/10000} BLOCKED
06-27 02:30:10.507 I/AppsFilter(  538): interaction: PackageSetting{e5469c4 org.adaway/10195} -> PackageSetting{77d4bba com.android.internal.emulation.pixel_7_pro/10021} BLOCKED
06-27 02:30:10.507 I/AppsFilter(  538): interaction: PackageSetting{e5469c4 org.adaway/10195} -> PackageSetting{9481a6b com.android.internal.emulation.pixel_8_pro/10052} BLOCKED
06-27 02:30:10.507 I/AppsFilter(  538): interaction: PackageSetting{e5469c4 org.adaway/10195} -> PackageSetting{58209c8 com.android.internal.emulation.pixel_3a/10073} BLOCKED
06-27 02:30:10.507 I/AppsFilter(  538): interaction: PackageSetting{e5469c4 org.adaway/10195} -> PackageSetting{94a61 com.android.internal.emulation.pixel_4a/10070} BLOCKED
06-27 02:30:10.507 I/AppsFilter(  538): interaction: PackageSetting{e5469c4 org.adaway/10195} -> PackageSetting{a46986 com.android.internal.emulation.pixel_6a/10034} BLOCKED
06-27 02:30:10.507 I/AppsFilter(  538): interaction: PackageSetting{e5469c4 org.adaway/10195} -> PackageSetting{1cbf247 com.android.internal.emulation.pixel_7a/10074} BLOCKED
06-27 02:30:10.507 I/AppsFilter(  538): interaction: PackageSetting{e5469c4 org.adaway/10195} -> PackageSetting{191fa74 com.google.android.overlay.googlewebview/10060} BLOCKED
06-27 02:30:10.507 I/AppsFilter(  538): interaction: PackageSetting{e5469c4 org.adaway/10195} -> PackageSetting{84d093a com.google.android.hotspot2.osulogin/10179} BLOCKED
06-27 02:30:10.507 I/AppsFilter(  538): interaction: PackageSetting{e5469c4 org.adaway/10195} -> PackageSetting{e78c9eb com.android.simappdialog/10112} BLOCKED
06-27 02:30:10.507 I/AppsFilter(  538): interaction: PackageSetting{e5469c4 org.adaway/10195} -> PackageSetting{1cb6be3 com.android.internal.display.cutout.emulation.hole/10048} BLOCKED
06-27 02:30:10.507 I/AppsFilter(  538): interaction: PackageSetting{e5469c4 org.adaway/10195} -> PackageSetting{30e49e0 com.android.internal.display.cutout.emulation.tall/10063} BLOCKED
06-27 02:30:10.507 I/AppsFilter(  538): interaction: PackageSetting{e5469c4 org.adaway/10195} -> PackageSetting{ad7e499 com.android.internal.systemui.navbar.threebutton/10002} BLOCKED
06-27 02:30:10.507 I/AppsFilter(  538): interaction: PackageSetting{e5469c4 org.adaway/10195} -> PackageSetting{ce9235e com.android.systemui.auto_generated_rro_vendor__/10077} BLOCKED
06-27 02:30:10.507 I/AppsFilter(  538): interaction: PackageSetting{e5469c4 org.adaway/10195} -> PackageSetting{bee33f com.android.internal.systemui.navbar.twobutton/10054} BLOCKED
06-27 02:30:10.507 I/AppsFilter(  538): interaction: PackageSetting{e5469c4 org.adaway/10195} -> PackageSetting{db5c348 com.google.android.as/10131} BLOCKED
06-27 02:30:10.507 I/AppsFilter(  538): interaction: PackageSetting{e5469c4 org.adaway/10195} -> PackageSetting{2b93155 com.android.internal.systemui.navbar.gestural_extra_wide_back/10071} BLOCKED
06-27 02:30:10.507 I/AppsFilter(  538): interaction: PackageSetting{e5469c4 org.adaway/10195} -> PackageSetting{2a0176a com.android.systemui.emulation.pixel_3/10046} BLOCKED
06-27 02:30:10.507 I/AppsFilter(  538): interaction: PackageSetting{e5469c4 org.adaway/10195} -> PackageSetting{b48745b com.android.systemui.emulation.pixel_4/10007} BLOCKED
06-27 02:30:10.507 I/AppsFilter(  538): interaction: PackageSetting{e5469c4 org.adaway/10195} -> PackageSetting{aaf74f8 com.android.systemui.emulation.pixel_5/10066} BLOCKED
06-27 02:30:10.507 I/AppsFilter(  538): interaction: PackageSetting{e5469c4 org.adaway/10195} -> PackageSetting{2288dd1 com.android.systemui.emulation.pixel_6/10013} BLOCKED
06-27 02:30:10.507 I/AppsFilter(  538): interaction: PackageSetting{e5469c4 org.adaway/10195} -> PackageSetting{7204036 com.android.systemui.emulation.pixel_7/10067} BLOCKED
06-27 02:30:10.507 I/AppsFilter(  538): interaction: PackageSetting{e5469c4 org.adaway/10195} -> PackageSetting{c0ffb37 com.android.systemui.emulation.pixel_8/10037} BLOCKED
06-27 02:30:10.507 I/AppsFilter(  538): interaction: PackageSetting{e5469c4 org.adaway/10195} -> PackageSetting{4e2e8a4 com.android.nfc.auto_generated_rro_product__/10017} BLOCKED
06-27 02:30:10.507 I/AppsFilter(  538): interaction: PackageSetting{e5469c4 org.adaway/10195} -> PackageSetting{99445e1 com.android.printspooler/10108} BLOCKED
06-27 02:30:10.507 I/AppsFilter(  538): interaction: PackageSetting{e5469c4 org.adaway/10195} -> PackageSetting{4a829c2 com.android.emergency.auto_generated_rro_product__/10032} BLOCKED
06-27 02:30:10.507 I/AppsFilter(  538): interaction: PackageSetting{e5469c4 org.adaway/10195} -> PackageSetting{65f13d3 com.google.android.connectivity.resources.goldfish.overlay/10080} BLOCKED
06-27 02:30:10.507 I/AppsFilter(  538): interaction: PackageSetting{e5469c4 org.adaway/10195} -> PackageSetting{e727f06 com.android.dreams.basic/10111} BLOCKED
06-27 02:30:10.507 I/AppsFilter(  538): interaction: PackageSetting{e5469c4 org.adaway/10195} -> PackageSetting{44e2609 com.google.android.networkstack.tethering.emulator/10009} BLOCKED
06-27 02:30:10.507 I/AppsFilter(  538): interaction: PackageSetting{e5469c4 org.adaway/10195} -> PackageSetting{8d3200e com.android.providers.settings.auto_generated_rro_product__/10014} BLOCKED
06-27 02:30:10.507 I/AppsFilter(  538): interaction: PackageSetting{e5469c4 org.adaway/10195} -> PackageSetting{e1819c7 com.google.android.as.oss/10126} BLOCKED
06-27 02:30:10.507 I/AppsFilter(  538): interaction: PackageSetting{e5469c4 org.adaway/10195} -> PackageSetting{898a83c com.android.traceur.auto_generated_rro_product__/10042} BLOCKED
06-27 02:30:10.507 I/AppsFilter(  538): interaction: PackageSetting{e5469c4 org.adaway/10195} -> PackageSetting{f07cbf4 com.google.android.devicelockcontroller/10180} BLOCKED
06-27 02:30:10.507 I/AppsFilter(  538): interaction: PackageSetting{e5469c4 org.adaway/10195} -> PackageSetting{da52f1a com.android.internal.emulation.pixel_3/10038} BLOCKED
06-27 02:30:10.507 I/AppsFilter(  538): interaction: PackageSetting{e5469c4 org.adaway/10195} -> PackageSetting{bcb2a4b com.android.internal.emulation.pixel_4/10055} BLOCKED
06-27 02:30:10.507 I/AppsFilter(  538): interaction: PackageSetting{e5469c4 org.adaway/10195} -> PackageSetting{d660c28 com.android.internal.emulation.pixel_5/10064} BLOCKED
06-27 02:30:10.507 I/AppsFilter(  538): interaction: PackageSetting{e5469c4 org.adaway/10195} -> PackageSetting{b178d41 com.android.internal.emulation.pixel_6/10004} BLOCKED
06-27 02:30:10.507 I/AppsFilter(  538): interaction: PackageSetting{e5469c4 org.adaway/10195} -> PackageSetting{75722e6 com.android.internal.emulation.pixel_7/10051} BLOCKED
06-27 02:30:10.507 I/AppsFilter(  538): interaction: PackageSetting{e5469c4 org.adaway/10195} -> PackageSetting{a02027 com.android.internal.emulation.pixel_8/10025} BLOCKED
06-27 02:30:10.507 I/AppsFilter(  538): interaction: PackageSetting{e5469c4 org.adaway/10195} -> PackageSetting{92e5f1d com.google.android.captiveportallogin/10115} BLOCKED
06-27 02:30:10.507 I/AppsFilter(  538): interaction: PackageSetting{e5469c4 org.adaway/10195} -> PackageSetting{7278592 com.android.musicfx/10084} BLOCKED
06-27 02:30:10.507 I/AppsFilter(  538): interaction: PackageSetting{e5469c4 org.adaway/10195} -> PackageSetting{7728b63 com.google.android.modulemetadata/10134} BLOCKED
06-27 02:30:10.507 I/AppsFilter(  538): interaction: PackageSetting{e5469c4 org.adaway/10195} -> PackageSetting{3cfb360 com.google.android.markup/10147} BLOCKED
06-27 02:30:10.507 I/AppsFilter(  538): interaction: PackageSetting{e5469c4 org.adaway/10195} -> PackageSetting{2643840 com.android.providers.settings.auto_generated_rro_vendor__/10076} BLOCKED
06-27 02:30:10.507 I/AppsFilter(  538): interaction: PackageSetting{e5469c4 org.adaway/10195} -> PackageSetting{456d019 com.google.android.webview/10135} BLOCKED
06-27 02:30:10.507 I/AppsFilter(  538): interaction: PackageSetting{e5469c4 org.adaway/10195} -> PackageSetting{8b468de com.google.android.rkpdapp/10185} BLOCKED
06-27 02:30:10.507 I/AppsFilter(  538): interaction: PackageSetting{e5469c4 org.adaway/10195} -> PackageSetting{86eed1f com.android.server.telecom.auto_generated_rro_product__/10028} BLOCKED
06-27 02:30:10.507 I/AppsFilter(  538): interaction: PackageSetting{e5469c4 org.adaway/10195} -> PackageSetting{874986c com.google.android.overlay.googleconfig/10030} BLOCKED
06-27 02:30:10.507 I/AppsFilter(  538): interaction: PackageSetting{e5469c4 org.adaway/10195} -> PackageSetting{f9dfe35 com.android.bips.auto_generated_rro_product__/10003} BLOCKED
06-27 02:30:10.507 I/AppsFilter(  538): interaction: PackageSetting{e5469c4 org.adaway/10195} -> PackageSetting{6787abf com.google.android.apps.customization.pixel/10136} BLOCKED
06-27 02:30:10.507 I/AppsFilter(  538): interaction: PackageSetting{e5469c4 org.adaway/10195} -> PackageSetting{56ca58c com.google.android.tag/10096} BLOCKED
06-27 02:30:10.507 I/AppsFilter(  538): interaction: PackageSetting{e5469c4 org.adaway/10195} -> PackageSetting{848cf58 com.google.android.overlay.permissioncontroller/10005} BLOCKED
06-27 02:30:10.507 I/AppsFilter(  538): interaction: PackageSetting{e5469c4 org.adaway/10195} -> PackageSetting{ffb54d5 com.google.android.partnersetup/10121} BLOCKED
06-27 02:30:10.507 I/AppsFilter(  538): interaction: PackageSetting{e5469c4 org.adaway/10195} -> PackageSetting{39a34ea com.google.android.apps.wallpaper.nexus/10133} BLOCKED
06-27 02:30:10.507 I/AppsFilter(  538): interaction: PackageSetting{e5469c4 org.adaway/10195} -> PackageSetting{bc403db com.google.android.apps.nexuslauncher/10162} BLOCKED
06-27 02:30:10.507 I/AppsFilter(  538): interaction: PackageSetting{e5469c4 org.adaway/10195} -> PackageSetting{2048e78 com.google.android.nearby.halfsheet/10190} BLOCKED
06-27 02:30:10.507 I/AppsFilter(  538): interaction: PackageSetting{e5469c4 org.adaway/10195} -> PackageSetting{facbeed com.android.theme.font.notoserifsource/10026} BLOCKED
06-27 02:30:10.507 I/AppsFilter(  538): interaction: PackageSetting{e5469c4 org.adaway/10195} -> PackageSetting{8296951 com.google.android.safetycenter.resources/10183} BLOCKED
06-27 02:30:10.507 I/AppsFilter(  538): interaction: PackageSetting{e5469c4 org.adaway/10195} -> PackageSetting{88af7b3 com.android.internal.display.cutout.emulation.waterfall/10058} BLOCKED
06-27 02:30:10.507 I/AppsFilter(  538): interaction: PackageSetting{e5469c4 org.adaway/10195} -> PackageSetting{2163170 com.android.internal.systemui.navbar.transparent/10019} BLOCKED
06-27 02:30:10.507 I/AppsFilter(  538): interaction: PackageSetting{e5469c4 org.adaway/10195} -> PackageSetting{d5eb5b6 com.google.android.connectivity.resources/10189} BLOCKED
06-27 02:30:10.507 I/AppsFilter(  538): interaction: PackageSetting{e5469c4 org.adaway/10195} -> PackageSetting{193bd6e com.android.providers.contacts.auto_generated_rro_product__/10010} BLOCKED
06-27 02:30:10.507 I/AppsFilter(  538): interaction: PackageSetting{e5469c4 org.adaway/10195} -> PackageSetting{d7502b7 com.google.android.feedback/10158} BLOCKED
06-27 02:30:10.507 I/AppsFilter(  538): interaction: PackageSetting{e5469c4 org.adaway/10195} -> PackageSetting{2301a24 com.google.android.printservice.recommendation/10100} BLOCKED
06-27 02:30:10.507 I/AppsFilter(  538): interaction: PackageSetting{e5469c4 org.adaway/10195} -> PackageSetting{24bdea5 com.android.systemui.emulation.pixel_3a_xl/10018} BLOCKED
06-27 02:30:10.507 I/AppsFilter(  538): interaction: PackageSetting{e5469c4 org.adaway/10195} -> PackageSetting{c2427a com.android.systemui.emulation.pixel_6_pro/10059} BLOCKED
06-27 02:30:10.507 I/AppsFilter(  538): interaction: PackageSetting{e5469c4 org.adaway/10195} -> PackageSetting{753aa2b com.android.systemui.emulation.pixel_7_pro/10061} BLOCKED
06-27 02:30:10.507 I/AppsFilter(  538): interaction: PackageSetting{e5469c4 org.adaway/10195} -> PackageSetting{4babe88 com.android.systemui.emulation.pixel_8_pro/10065} BLOCKED
06-27 02:30:10.507 I/AppsFilter(  538): interaction: PackageSetting{e5469c4 org.adaway/10195} -> PackageSetting{24a498d com.google.mainline.telemetry/10150} BLOCKED
06-27 02:30:10.507 I/AppsFilter(  538): interaction: PackageSetting{e5469c4 org.adaway/10195} -> PackageSetting{d220c46 com.android.carrierconfig.auto_generated_rro_product__/10006} BLOCKED
06-27 02:30:10.507 I/AppsFilter(  538): interaction: PackageSetting{e5469c4 org.adaway/10195} -> PackageSetting{c187742 com.android.providers.partnerbookmarks/10104} BLOCKED
06-27 02:30:10.507 I/AppsFilter(  538): interaction: PackageSetting{e5469c4 org.adaway/10195} -> PackageSetting{9cd1353 com.android.wallpaper.livepicker/10095} BLOCKED
06-27 02:30:10.507 I/AppsFilter(  538): interaction: PackageSetting{e5469c4 org.adaway/10195} -> PackageSetting{f483d5d com.android.providers.telephony.auto_generated_rro_product__/10033} BLOCKED
06-27 02:30:10.507 I/AppsFilter(  538): interaction: PackageSetting{e5469c4 org.adaway/10195} -> PackageSetting{762a6d2 com.android.phone.auto_generated_rro_vendor__/10078} BLOCKED
06-27 02:30:10.507 I/AppsFilter(  538): interaction: PackageSetting{e5469c4 org.adaway/10195} -> PackageSetting{d66b490 com.google.mainline.adservices/10137} BLOCKED
06-27 02:30:10.507 I/AppsFilter(  538): interaction: PackageSetting{e5469c4 org.adaway/10195} -> PackageSetting{71ef189 com.android.imsserviceentitlement/10128} BLOCKED
06-27 02:30:10.507 I/AppsFilter(  538): interaction: PackageSetting{e5469c4 org.adaway/10195} -> PackageSetting{ebac58e com.google.android.healthconnect.controller/10181} BLOCKED
06-27 02:30:10.507 I/AppsFilter(  538): interaction: PackageSetting{e5469c4 org.adaway/10195} -> PackageSetting{9a05e1e com.android.internal.emulation.pixel_2_xl/10008} BLOCKED
06-27 02:30:10.507 I/AppsFilter(  538): interaction: PackageSetting{e5469c4 org.adaway/10195} -> PackageSetting{f2966ff com.android.internal.emulation.pixel_3_xl/10029} BLOCKED
06-27 02:30:10.507 I/AppsFilter(  538): interaction: PackageSetting{e5469c4 org.adaway/10195} -> PackageSetting{a3cbccc com.android.internal.emulation.pixel_4_xl/10011} BLOCKED
06-27 02:30:10.507 I/AppsFilter(  538): interaction: PackageSetting{e5469c4 org.adaway/10195} -> PackageSetting{f2abb15 com.android.internal.emulation.pixel_fold/10062} BLOCKED
06-27 02:30:10.507 I/AppsFilter(  538): interaction: PackageSetting{e5469c4 org.adaway/10195} -> PackageSetting{78b91af com.android.bookmarkprovider/10116} BLOCKED
06-27 02:30:10.507 I/AppsFilter(  538): interaction: PackageSetting{e5469c4 org.adaway/10195} -> PackageSetting{e37741b com.google.android.overlay.pixelconfigcommon/10020} BLOCKED
06-27 02:30:10.507 I/AppsFilter(  538): interaction: PackageSetting{e5469c4 org.adaway/10195} -> PackageSetting{aded9b8 com.android.systemui.accessibility.accessibilitymenu.auto_generated_rro_product__/10069} BLOCKED
06-27 02:30:10.507 I/AppsFilter(  538): interaction: PackageSetting{e5469c4 org.adaway/10195} -> PackageSetting{388f391 com.android.systemui.emulation.pixel_3a/10035} BLOCKED
06-27 02:30:10.507 I/AppsFilter(  538): interaction: PackageSetting{e5469c4 org.adaway/10195} -> PackageSetting{eac12f6 com.android.systemui.emulation.pixel_4a/10047} BLOCKED
06-27 02:30:10.507 I/AppsFilter(  538): interaction: PackageSetting{e5469c4 org.adaway/10195} -> PackageSetting{d4f36f7 com.android.systemui.emulation.pixel_6a/10043} BLOCKED
06-27 02:30:10.507 I/AppsFilter(  538): interaction: PackageSetting{e5469c4 org.adaway/10195} -> PackageSetting{783d964 com.android.systemui.emulation.pixel_7a/10068} BLOCKED
06-27 02:30:10.507 I/AppsFilter(  538): interaction: PackageSetting{e5469c4 org.adaway/10195} -> PackageSetting{92a89bc com.google.android.settings.intelligence/10127} BLOCKED
06-27 02:30:10.507 I/AppsFilter(  538): interaction: PackageSetting{e5469c4 org.adaway/10195} -> PackageSetting{7c1d45 com.google.android.uwb.resources/10188} BLOCKED
06-27 02:30:10.507 I/AppsFilter(  538): interaction: PackageSetting{e5469c4 org.adaway/10195} -> PackageSetting{ad4d74e com.android.cts.ctsshim/10171} BLOCKED
06-27 02:30:10.507 I/AppsFilter(  538): interaction: PackageSetting{e5469c4 org.adaway/10195} -> PackageSetting{e21ac9a com.google.android.wifi.resources/10177} BLOCKED
06-27 02:30:10.507 I/AppsFilter(  538): interaction: PackageSetting{e5469c4 org.adaway/10195} -> PackageSetting{999cb com.google.android.wifi.dialog/10178} BLOCKED
06-27 02:30:10.507 I/AppsFilter(  538): interaction: PackageSetting{e5469c4 org.adaway/10195} -> PackageSetting{ef485a8 com.google.android.apps.wallpaper/10168} BLOCKED
06-27 02:30:10.507 I/AppsFilter(  538): interaction: PackageSetting{e5469c4 org.adaway/10195} -> PackageSetting{6c648c1 com.google.android.odad/10119} BLOCKED
06-27 02:30:10.507 I/AppsFilter(  538): interaction: PackageSetting{e5469c4 org.adaway/10195} -> PackageSetting{1700def com.android.settings.auto_generated_rro_product__/10050} BLOCKED
06-27 02:30:10.507 I/AppsFilter(  538): interaction: PackageSetting{e5469c4 org.adaway/10195} -> PackageSetting{6cef0fc com.android.internal.systemui.navbar.gestural/10056} BLOCKED
06-27 02:30:10.507 I/AppsFilter(  538): interaction: PackageSetting{e5469c4 org.adaway/10195} -> PackageSetting{2ddf866 com.android.bluetoothmidiservice/10110} BLOCKED
06-27 02:30:10.507 I/AppsFilter(  538): interaction: PackageSetting{e5469c4 org.adaway/10195} -> PackageSetting{32c85da com.android.storagemanager.auto_generated_rro_product__/10040} BLOCKED
06-27 02:30:10.507 I/AppsFilter(  538): interaction: PackageSetting{e5469c4 org.adaway/10195} -> PackageSetting{b599a0b com.android.phone.auto_generated_rro_product__/10072} BLOCKED
06-27 02:30:10.507 I/AppsFilter(  538): interaction: PackageSetting{e5469c4 org.adaway/10195} -> PackageSetting{19820e8 android.auto_generated_rro_product__/10039} BLOCKED
06-27 02:30:10.507 I/AppsFilter(  538): interaction: PackageSetting{e5469c4 org.adaway/10195} -> PackageSetting{33ce301 com.android.internal.systemui.navbar.gestural_narrow_back/10023} BLOCKED
06-27 02:30:10.507 I/AppsFilter(  538): interaction: PackageSetting{e5469c4 org.adaway/10195} -> PackageSetting{1dd25a6 android.auto_generated_rro_vendor__/10075} BLOCKED
